
 Start         Length     Name                   Class
 0001:00000000 00051010H .text                   CODE
 0002:00000000 00001170H .data                   DATA
 0002:00001170 00000BD9H .bss                    BSS


Detailed map of segments

 0001:00000000 00004D37 C=CODE     S=.text    G=(none)   M=System   ACBP=A9
 0001:00004D38 00000140 C=CODE     S=.text    G=(none)   M=SysInit  ACBP=A9
 0001:00004E78 00000078 C=CODE     S=.text    G=(none)   M=Types    ACBP=A9
 0001:00004EF0 00000C44 C=CODE     S=.text    G=(none)   M=Windows  ACBP=A9
 0001:00005B34 00000038 C=CODE     S=.text    G=(none)   M=Messages ACBP=A9
 0001:00005B6C 00000310 C=CODE     S=.text    G=(none)   M=SysConst ACBP=A9
 0001:00005E7C 00006528 C=CODE     S=.text    G=(none)   M=SysUtils ACBP=A9
 0001:0000C3A4 000007FB C=CODE     S=.text    G=(none)   M=VarUtils ACBP=A9
 0001:0000CBA0 00002A42 C=CODE     S=.text    G=(none)   M=Variants ACBP=A9
 0001:0000F5E4 00000120 C=CODE     S=.text    G=(none)   M=RTLConsts ACBP=A9
 0001:0000F704 000007E8 C=CODE     S=.text    G=(none)   M=TypInfo  ACBP=A9
 0001:0000FEEC 00000038 C=CODE     S=.text    G=(none)   M=ActiveX  ACBP=A9
 0001:0000FF24 000097DE C=CODE     S=.text    G=(none)   M=Classes  ACBP=A9
 0001:00019704 00000290 C=CODE     S=.text    G=(none)   M=Consts   ACBP=A9
 0001:00019994 00007303 C=CODE     S=.text    G=(none)   M=Graphics ACBP=A9
 0001:00020C98 00000048 C=CODE     S=.text    G=(none)   M=Math     ACBP=A9
 0001:00020CE0 000002B8 C=CODE     S=.text    G=(none)   M=Contnrs  ACBP=A9
 0001:00020F98 000000F4 C=CODE     S=.text    G=(none)   M=CommCtrl ACBP=A9
 0001:0002108C 00000787 C=CODE     S=.text    G=(none)   M=MultiMon ACBP=A9
 0001:00021814 00000038 C=CODE     S=.text    G=(none)   M=Imm      ACBP=A9
 0001:0002184C 00000FF8 C=CODE     S=.text    G=(none)   M=HelpIntfs ACBP=A9
 0001:00022844 00000038 C=CODE     S=.text    G=(none)   M=WinSpool ACBP=A9
 0001:0002287C 00000044 C=CODE     S=.text    G=(none)   M=Printers ACBP=A9
 0001:000228C0 0000031F C=CODE     S=.text    G=(none)   M=FlatSB   ACBP=A9
 0001:00022BE0 000001A4 C=CODE     S=.text    G=(none)   M=SyncObjs ACBP=A9
 0001:00022D84 000009BB C=CODE     S=.text    G=(none)   M=UxTheme  ACBP=A9
 0001:00023740 00000038 C=CODE     S=.text    G=(none)   M=RichEdit ACBP=A9
 0001:00023778 00000038 C=CODE     S=.text    G=(none)   M=ToolWin  ACBP=A9
 0001:000237B0 00000038 C=CODE     S=.text    G=(none)   M=ShellAPI ACBP=A9
 0001:000237E8 00000038 C=CODE     S=.text    G=(none)   M=RegStr   ACBP=A9
 0001:00023820 00000038 C=CODE     S=.text    G=(none)   M=WinInet  ACBP=A9
 0001:00023858 00000038 C=CODE     S=.text    G=(none)   M=UrlMon   ACBP=A9
 0001:00023890 00000038 C=CODE     S=.text    G=(none)   M=ShlObj   ACBP=A9
 0001:000238C8 00000038 C=CODE     S=.text    G=(none)   M=CommDlg  ACBP=A9
 0001:00023900 00000038 C=CODE     S=.text    G=(none)   M=Dlgs     ACBP=A9
 0001:00023938 0000066D C=CODE     S=.text    G=(none)   M=Dialogs  ACBP=A9
 0001:00023FA8 00000D72 C=CODE     S=.text    G=(none)   M=ExtCtrls ACBP=A9
 0001:00024D1C 00000038 C=CODE     S=.text    G=(none)   M=ComStrs  ACBP=A9
 0001:00024D54 00000094 C=CODE     S=.text    G=(none)   M=Clipbrd  ACBP=A9
 0001:00024DE8 00000038 C=CODE     S=.text    G=(none)   M=StrUtils ACBP=A9
 0001:00024E20 000000F5 C=CODE     S=.text    G=(none)   M=Buttons  ACBP=A9
 0001:00024F18 00000038 C=CODE     S=.text    G=(none)   M=ExtDlgs  ACBP=A9
 0001:00024F50 00000068 C=CODE     S=.text    G=(none)   M=IniFiles ACBP=A9
 0001:00024FB8 00000068 C=CODE     S=.text    G=(none)   M=Registry ACBP=A9
 0001:00025020 0000006C C=CODE     S=.text    G=(none)   M=Mapi     ACBP=A9
 0001:0002508C 00000058 C=CODE     S=.text    G=(none)   M=ExtActns ACBP=A9
 0001:000250E4 00000038 C=CODE     S=.text    G=(none)   M=ListActns ACBP=A9
 0001:0002511C 00000180 C=CODE     S=.text    G=(none)   M=ComCtrls ACBP=A9
 0001:0002529C 00000A0C C=CODE     S=.text    G=(none)   M=Themes   ACBP=A9
 0001:00025CA8 000031E8 C=CODE     S=.text    G=(none)   M=StdCtrls ACBP=A9
 0001:00028E90 00000168 C=CODE     S=.text    G=(none)   M=StdActns ACBP=A9
 0001:00028FF8 00000D1F C=CODE     S=.text    G=(none)   M=WinHelpViewer ACBP=A9
 0001:00029D18 00010B37 C=CODE     S=.text    G=(none)   M=Controls ACBP=A9
 0001:0003A850 00001292 C=CODE     S=.text    G=(none)   M=ActnList ACBP=A9
 0001:0003BAE4 000016E4 C=CODE     S=.text    G=(none)   M=ImgList  ACBP=A9
 0001:0003D1C8 00006639 C=CODE     S=.text    G=(none)   M=Menus    ACBP=A9
 0001:00043804 0000C408 C=CODE     S=.text    G=(none)   M=Forms    ACBP=A9
 0001:0004FC0C 000011B4 C=CODE     S=.text    G=(none)   M=Main     ACBP=A9
 0001:00050DC0 0000024D C=CODE     S=.text    G=(none)   M=NewEngin ACBP=A9
 0002:00000000 0000009C C=DATA     S=.data    G=DGROUP   M=System   ACBP=A9
 0002:0000009C 00000020 C=DATA     S=.data    G=DGROUP   M=SysInit  ACBP=A9
 0002:000000BC 00000254 C=DATA     S=.data    G=DGROUP   M=SysUtils ACBP=A9
 0002:00000310 00000008 C=DATA     S=.data    G=DGROUP   M=VarUtils ACBP=A9
 0002:00000318 0000008E C=DATA     S=.data    G=DGROUP   M=Variants ACBP=A9
 0002:000003A8 0000000C C=DATA     S=.data    G=DGROUP   M=TypInfo  ACBP=A9
 0002:000003B4 00000064 C=DATA     S=.data    G=DGROUP   M=Classes  ACBP=A9
 0002:00000418 00000304 C=DATA     S=.data    G=DGROUP   M=Graphics ACBP=A9
 0002:0000071C 00000004 C=DATA     S=.data    G=DGROUP   M=Printers ACBP=A9
 0002:00000720 00000074 C=DATA     S=.data    G=DGROUP   M=Dialogs  ACBP=A9
 0002:00000794 00000178 C=DATA     S=.data    G=DGROUP   M=ExtCtrls ACBP=A9
 0002:0000090C 0000002C C=DATA     S=.data    G=DGROUP   M=Buttons  ACBP=A9
 0002:00000938 00000008 C=DATA     S=.data    G=DGROUP   M=IniFiles ACBP=A9
 0002:00000940 00000008 C=DATA     S=.data    G=DGROUP   M=Registry ACBP=A9
 0002:00000948 00000008 C=DATA     S=.data    G=DGROUP   M=Mapi     ACBP=A9
 0002:00000950 00000018 C=DATA     S=.data    G=DGROUP   M=ComCtrls ACBP=A9
 0002:00000968 00000068 C=DATA     S=.data    G=DGROUP   M=Themes   ACBP=A9
 0002:000009D0 0000004C C=DATA     S=.data    G=DGROUP   M=StdCtrls ACBP=A9
 0002:00000A1C 0000013C C=DATA     S=.data    G=DGROUP   M=Controls ACBP=A9
 0002:00000B58 00000020 C=DATA     S=.data    G=DGROUP   M=ImgList  ACBP=A9
 0002:00000B78 000000EC C=DATA     S=.data    G=DGROUP   M=Menus    ACBP=A9
 0002:00000C64 0000011C C=DATA     S=.data    G=DGROUP   M=Forms    ACBP=A9
 0002:00002000 00000660 C=BSS      S=.bss     G=DGROUP   M=System   ACBP=A9
 0002:00002660 00000010 C=BSS      S=.bss     G=DGROUP   M=SysInit  ACBP=A9
 0002:00002670 00000004 C=BSS      S=.bss     G=DGROUP   M=Types    ACBP=A9
 0002:00002674 00000004 C=BSS      S=.bss     G=DGROUP   M=Windows  ACBP=A9
 0002:00002678 00000004 C=BSS      S=.bss     G=DGROUP   M=Messages ACBP=A9
 0002:0000267C 00000004 C=BSS      S=.bss     G=DGROUP   M=SysConst ACBP=A9
 0002:00002680 00000120 C=BSS      S=.bss     G=DGROUP   M=SysUtils ACBP=A9
 0002:000027A0 0000005C C=BSS      S=.bss     G=DGROUP   M=VarUtils ACBP=A9
 0002:000027FC 00000040 C=BSS      S=.bss     G=DGROUP   M=Variants ACBP=A9
 0002:0000283C 00000004 C=BSS      S=.bss     G=DGROUP   M=RTLConsts ACBP=A9
 0002:00002840 00000004 C=BSS      S=.bss     G=DGROUP   M=TypInfo  ACBP=A9
 0002:00002844 00000004 C=BSS      S=.bss     G=DGROUP   M=ActiveX  ACBP=A9
 0002:00002848 00000040 C=BSS      S=.bss     G=DGROUP   M=Classes  ACBP=A9
 0002:00002888 00000004 C=BSS      S=.bss     G=DGROUP   M=Consts   ACBP=A9
 0002:0000288C 00000060 C=BSS      S=.bss     G=DGROUP   M=Graphics ACBP=A9
 0002:000028EC 00000004 C=BSS      S=.bss     G=DGROUP   M=Math     ACBP=A9
 0002:000028F0 00000004 C=BSS      S=.bss     G=DGROUP   M=Contnrs  ACBP=A9
 0002:000028F4 00000004 C=BSS      S=.bss     G=DGROUP   M=CommCtrl ACBP=A9
 0002:000028F8 00000031 C=BSS      S=.bss     G=DGROUP   M=MultiMon ACBP=A9
 0002:0000292C 00000004 C=BSS      S=.bss     G=DGROUP   M=Imm      ACBP=A9
 0002:00002930 00000008 C=BSS      S=.bss     G=DGROUP   M=HelpIntfs ACBP=A9
 0002:00002938 00000004 C=BSS      S=.bss     G=DGROUP   M=WinSpool ACBP=A9
 0002:0000293C 00000004 C=BSS      S=.bss     G=DGROUP   M=Printers ACBP=A9
 0002:00002940 00000034 C=BSS      S=.bss     G=DGROUP   M=FlatSB   ACBP=A9
 0002:00002974 00000004 C=BSS      S=.bss     G=DGROUP   M=SyncObjs ACBP=A9
 0002:00002978 000000CC C=BSS      S=.bss     G=DGROUP   M=UxTheme  ACBP=A9
 0002:00002A44 00000004 C=BSS      S=.bss     G=DGROUP   M=RichEdit ACBP=A9
 0002:00002A48 00000004 C=BSS      S=.bss     G=DGROUP   M=ToolWin  ACBP=A9
 0002:00002A4C 00000004 C=BSS      S=.bss     G=DGROUP   M=ShellAPI ACBP=A9
 0002:00002A50 00000004 C=BSS      S=.bss     G=DGROUP   M=RegStr   ACBP=A9
 0002:00002A54 00000004 C=BSS      S=.bss     G=DGROUP   M=WinInet  ACBP=A9
 0002:00002A58 00000004 C=BSS      S=.bss     G=DGROUP   M=UrlMon   ACBP=A9
 0002:00002A5C 00000004 C=BSS      S=.bss     G=DGROUP   M=ShlObj   ACBP=A9
 0002:00002A60 00000004 C=BSS      S=.bss     G=DGROUP   M=CommDlg  ACBP=A9
 0002:00002A64 00000004 C=BSS      S=.bss     G=DGROUP   M=Dlgs     ACBP=A9
 0002:00002A68 0000000C C=BSS      S=.bss     G=DGROUP   M=Dialogs  ACBP=A9
 0002:00002A74 00000004 C=BSS      S=.bss     G=DGROUP   M=ExtCtrls ACBP=A9
 0002:00002A78 00000004 C=BSS      S=.bss     G=DGROUP   M=ComStrs  ACBP=A9
 0002:00002A7C 0000000C C=BSS      S=.bss     G=DGROUP   M=Clipbrd  ACBP=A9
 0002:00002A88 00000004 C=BSS      S=.bss     G=DGROUP   M=StrUtils ACBP=A9
 0002:00002A8C 00000030 C=BSS      S=.bss     G=DGROUP   M=Buttons  ACBP=A9
 0002:00002ABC 00000004 C=BSS      S=.bss     G=DGROUP   M=ExtDlgs  ACBP=A9
 0002:00002AC0 00000004 C=BSS      S=.bss     G=DGROUP   M=IniFiles ACBP=A9
 0002:00002AC4 00000004 C=BSS      S=.bss     G=DGROUP   M=Registry ACBP=A9
 0002:00002AC8 00000004 C=BSS      S=.bss     G=DGROUP   M=Mapi     ACBP=A9
 0002:00002ACC 00000009 C=BSS      S=.bss     G=DGROUP   M=ExtActns ACBP=A9
 0002:00002AD8 00000004 C=BSS      S=.bss     G=DGROUP   M=ListActns ACBP=A9
 0002:00002ADC 00000010 C=BSS      S=.bss     G=DGROUP   M=ComCtrls ACBP=A9
 0002:00002AEC 00000008 C=BSS      S=.bss     G=DGROUP   M=Themes   ACBP=A9
 0002:00002AF4 00000004 C=BSS      S=.bss     G=DGROUP   M=StdCtrls ACBP=A9
 0002:00002AF8 00000004 C=BSS      S=.bss     G=DGROUP   M=StdActns ACBP=A9
 0002:00002AFC 00000014 C=BSS      S=.bss     G=DGROUP   M=WinHelpViewer ACBP=A9
 0002:00002B10 00000080 C=BSS      S=.bss     G=DGROUP   M=Controls ACBP=A9
 0002:00002B90 00000004 C=BSS      S=.bss     G=DGROUP   M=ActnList ACBP=A9
 0002:00002B94 0000000C C=BSS      S=.bss     G=DGROUP   M=ImgList  ACBP=A9
 0002:00002BA0 00000010 C=BSS      S=.bss     G=DGROUP   M=Menus    ACBP=A9
 0002:00002BB0 00000020 C=BSS      S=.bss     G=DGROUP   M=Forms    ACBP=A9
 0002:00002BD0 00000008 C=BSS      S=.bss     G=DGROUP   M=Main     ACBP=A9


  Address         Publics by Name

 0002:00002B04       .1
 0002:00002918       .1
 0002:00002A78       .1
 0002:00002A5C       .1
 0002:00002A60       .1
 0002:0000292C       .1
 0002:00002A58       .1
 0002:00002A54       .1
 0002:00002A50       .1
 0002:00002A4C       .1
 0002:00002A88       .1
 0002:00002A64       .1
 0002:00002A44       .1
 0002:00002A34       .1
 0002:00002670       .1
 0002:00002678       .1
 0002:0000267C       .1
 0002:000028F4       .1
 0002:00002888       .1
 0002:00002960       .1
 0002:0000283C       .1
 0002:00002AC8       .1
 0002:00002668       .1
 0002:00002A68       .11
 0002:00002A74       .12
 0002:00002890       .12
 0002:00002930       .2
 0002:000028EC       .2
 0002:00002BD4       .2
 0002:00002AEC       .2
 0002:00002A80       .2
 0002:000028F0       .21
 0002:00002938       .3
 0002:0000293C       .3
 0002:00002844       .3
 0002:00002B94       .3
 0002:00002ABC       .3
 0002:00002674       .3
 0002:00002790       .35
 0002:00002ADC       .36
 0002:00002A48       .4
 0002:00002A8C       .4
 0002:00002BB8       .41
 0002:00002AF4       .42
 0002:00002854       .45
 0002:000027F8       .5
 0002:00002AC4       .5
 0002:000025B8       .5
 0002:00002974       .6
 0002:00002840       .6
 0002:00002ACC       .72
 0002:00002B18       .72
 0002:00002AF8       .73
 0002:00002AD8       .8
 0002:00002AC0       .8
 0002:00002B90       .8
 0002:0000281C       .81
 0002:00002BA8       .9
 0001:00001B50       @AbstractError
 0001:00002670       @AfterConstruction
 0001:000024BC       @AsClass
 0001:00001CB8       @AStrCmp
 0001:00002680       @BeforeDestruction
 0001:00002508       @CallDynaInst
 0001:00002618       @ClassCreate
 0001:00002668       @ClassDestroy
 0001:00001BC0       @Close
 0001:00001898       @Copy
 0001:00003CEC       @CopyArray
 0001:00003BD0       @CopyRecord
 0001:00003DE0       @DispCallByIDError
 0001:0000D640       @DispInvokeError
 0001:00002AFC       @DoneExcept
 0001:00004010       @DynArrayAsg
 0001:00003FD4       @DynArrayClear
 0001:00003E14       @DynArrayHigh
 0001:00003E0C       @DynArrayLength
 0001:00003FC8       @DynArraySetLength
 0001:00002BE4       @ExceptionHandler
 0001:00001D28       @FillChar
 0001:00003BAC       @Finalize
 0001:00003AC0       @FinalizeArray
 0001:00003A74       @FinalizeRecord
 0001:00002248       @FpuInit
 0001:00002184       @FpuMaskInit
 0001:000016FC       @FreeMem
 0001:000016DC       @GetMem
 0001:00004DB0       @GetTls
 0001:0000302C       @Halt
 0001:00002F54       @Halt0
 0001:00002794       @HandleAnyException
 0001:00002A48       @HandleFinally
 0001:000028C0       @HandleOnException
 0001:00004DFC       @InitExe
 0001:000039E0       @InitializeArray
 0001:000039B0       @InitializeRecord
 0001:00002E18       @InitImports
 0001:00002DF0       @InitResStringImports
 0001:00002DCC       @InitResStrings
 0001:000046F4       @IntfAddRef
 0001:000046C4       @IntfCast
 0001:00004680       @IntfClear
 0001:00004698       @IntfCopy
 0001:00002498       @IsClass
 0001:00002154       @isNECWindows
 0001:000018DC       @LGetDir
 0001:000034F4       @LStrAddRef
 0001:00003068       @LStrArrayClr
 0001:00003098       @LStrAsg
 0001:0000330C       @LStrCat
 0001:00003350       @LStrCat3
 0001:000033C4       @LStrCatN
 0001:00003044       @LStrClr
 0001:00003450       @LStrCmp
 0001:00003564       @LStrCopy
 0001:000035A4       @LStrDelete
 0001:000032B4       @LStrFromArray
 0001:0000322C       @LStrFromChar
 0001:0000323C       @LStrFromPChar
 0001:00003134       @LStrFromPCharLen
 0001:0000326C       @LStrFromPWChar
 0001:000031A0       @LStrFromPWCharLen
 0001:000032A8       @LStrFromString
 0001:000032CC       @LStrFromWStr
 0001:000035EC       @LStrInsert
 0001:000030DC       @LStrLAsg
 0001:00003304       @LStrLen
 0001:00003648       @LStrPos
 0001:00003690       @LStrSetLength
 0001:00003504       @LStrToPChar
 0001:000032E0       @LStrToString
 0001:00003108       @NewAnsiString
 0001:000036FC       @NewWideString
 0001:00001E68       @Pow10
 0001:00001C34       @PStrCmp
 0001:00001C18       @PStrNCpy
 0001:00002AA8       @RaiseAgain
 0001:00002A80       @RaiseExcept
 0001:0000171C       @ReallocMem
 0001:00001B44       @ROUND
 0001:00003038       @RunError
 0001:00001E4C       @SetEq
 0001:00002D8C       @StartExe
 0001:000002B4       @strlen
 0001:00002B2C       @TryFinallyExit
 0001:0000355C       @UniqueStringA
 0001:00001D48       @ValLong
 0001:0000ED38       @VarAddRef
 0001:0000D92C       @VarClear
 0001:0000D940       @VarClr
 0001:00003AA8       @VarClr
 0001:00003BB8       @VarCopy
 0001:0000DC54       @VarCopy
 0001:0000EC70       @VarFromBool
 0001:0000ECC0       @VarFromCurr
 0001:0000EC08       @VarFromInt
 0001:0000EC44       @VarFromInt64
 0001:0000ECD4       @VarFromLStr
 0001:0000EC98       @VarFromReal
 0001:0000ECAC       @VarFromTDateTime
 0001:0000ED00       @VarFromWStr
 0001:0000D694       @VarNull
 0001:0000DF80       @VarToLStr
 0001:0000E6A8       @VarToWStr
 0001:0000373C       @WStrArrayClr
 0001:00003760       @WStrAsg
 0001:00003724       @WStrClr
 0001:0000389C       @WStrCmp
 0001:00003920       @WStrCopy
 0001:00003870       @WStrFromLStr
 0001:00003784       @WStrFromPCharLen
 0001:00003834       @WStrFromPWChar
 0001:00003810       @WStrFromPWCharLen
 0001:00003890       @WStrLen
 0001:0000396C       @WStrSetLength
 0001:00003880       @WStrToPWChar
 0001:00001E28       @_CLenToPasStr
 0001:00001E1C       @_CToPasStr
 0001:00001844       @_IOTest
 0001:00003DE8       @_llmul
 0001:0002C864       AbsMin
 0001:0000A808       AbstractErrorHandler
 0002:00002028       AbstractErrorProc
 0002:00000140       AccessMode
 0001:000017AC       AcquireExceptionObject
 0001:00012280       ActivateClassGroup
 0001:000053CC       ActivateKeyboardLayout
 0002:00002B4C       ActiveDrag
 0001:0000FF1C       ActiveX
 0001:0003BAB8       ActnList
 0001:000003E8       AddBlockAfter
 0002:000003B4       AddDataModule
 0001:00006AD4       AddExitProc
 0001:00015394       AddFinished
 0001:0003EDFC       AddIn
 0001:00004514       AddModuleUnloadProc
 0001:00004524       AddModuleUnloadProc
 0001:000153CC       AddNotFinished
 0001:00015DF0       AddSubComponentsToLoaded
 0001:0001D03C       AdjustColor
 0001:00045E0C       Adjustment
 0001:000053D4       AdjustWindowRectEx
 0002:00000C3C       Alignments
 0002:000009D8       Alignments
 0002:00000C4C       Alignments
 0001:0004CD04       AlignWork
 0001:00031EC4       AlignWork
 0001:000194E4       AllocateHWnd
 0001:00006A88       AllocMem
 0002:000025B0       AllocMemCount
 0002:000025B4       AllocMemSize
 0001:00020A90       AllocPatternBitmap
 0001:00004D58       AllocTlsBuffer
 0002:00000A28       AnchorAlign
 0002:00000A1C       AnimateWindowProc
 0002:00000B24       AnimationStyle
 0001:00006C80       AnsiCompareStr
 0001:00006CB8       AnsiCompareText
 0001:0000739C       AnsiLastChar
 0001:000053DC       AnsiLower
 0001:0000B108       AnsiPos
 0001:00043610       AnsiSameCaption
 0001:00006CF0       AnsiSameText
 0001:00006D08       AnsiStrLIComp
 0001:0000B140       AnsiStrPos
 0001:0000B1E0       AnsiStrRScan
 0001:0000B208       AnsiStrScan
 0001:00004AF4       AnsiToUtf8
 0001:00006C4C       AnsiUpperCase
 0001:000087FC       AppendChars
 0001:00008BC0       AppendFormat
 0001:00008860       AppendNumber
 0001:00008840       AppendString
 0002:00002BB0       Application
 0002:000003C4       ApplicationHandleException
 0002:000003CC       ApplicationShowException
 0002:00000D78       AppVisible
 0001:0000A7EC       AssertErrorHandler
 0002:00002020       AssertErrorProc
 0001:0000F9B4       AssignLongStr
 0001:0000FD58       AssignVariant
 0002:00002608       avail
 0001:000074C4       BackfillGetDiskFreeSpaceEx
 0001:0002F3F8       BackgroundClipped
 0001:0000C634       BackupVarBoolFromStr
 0001:0000C794       BackupVarBStrFromBool
 0001:0000C6B4       BackupVarBStrFromCy
 0001:0000C724       BackupVarBStrFromDate
 0001:0000C5C8       BackupVarCyFromStr
 0001:0000C55C       BackupVarDateFromStr
 0001:0000C418       BackupVarI4FromStr
 0001:0000C3C4       BackupVariantChangeTypeEx
 0001:0000C484       BackupVarR4FromStr
 0001:0000C4F0       BackupVarR8FromStr
 0001:000125D8       BeginGlobalLoading
 0001:000053E4       BeginPaint
 0001:0001D048       BetterSize
 0001:00024514       BevelLine
 0001:00024424       BevelRect
 0001:0003FC70       BiDiDraw
 0001:0000520C       BitBlt
 0002:0000090C       BitBtnCaptions
 0002:00002A90       BitBtnGlyphs
 0002:000006D0       BitmapCanvasList
 0002:000028A8       BitmapImageLock
 0001:0000C400       BiUnimplemented
 0002:000003EC       BlockCode
 0002:000025E0       blockDescBlockList
 0002:000025E4       blockDescFreeList
 0002:000003A8       BooleanIdents
 0002:00000324       BooleanToStringRule
 0001:00007140       BoolToStr
 0001:0000DD08       BoolToWStrViaOS
 0002:000009D0       BorderStyles
 0001:00011598       Bounds
 0001:00004E9C       Bounds
 0002:00000BE4       Breaks
 0002:000028E0       BrushManager
 0001:00042424       BuildImage
 0002:00000768       ButtonCaptions
 0002:0000073C       ButtonNames
 0001:00024EF0       Buttons
 0002:00000C60       Buttons
 0002:00000A14       ButtonStyles
 0001:0001C828       BytesPerScanline
 0001:0001CB80       ByteSwapColors
 0001:0000AEBC       ByteToCharIndex
 0001:0000AE94       ByteToCharLen
 0001:0000AE58       ByteType
 0001:0000ADE0       ByteTypeTest
 0002:00002B98       CachedComCtrlVer
 0001:00019420       CalcJmpOffset
 0001:00039B40       CalcSplitterPos
 0001:000053EC       CallNextHookEx
 0001:0000B8D4       CallTerminateProcs
 0001:000053F4       CallWindowProc
 0001:0002D89C       CancelDrag
 0002:00002B60       CanvasList
 0002:000028E4       CanvasList
 0002:00000728       Captions
 0002:00000AE0       CaptureControl
 0002:00000B84       cBooleanToItemAutoFlag
 0002:00002A7E       CF_COMPONENT
 0002:00002A7C       CF_PICTURE
 0002:00002814       ChangeAnyProc
 0001:0002BE1C       ChangeBiDiModeAlignment
 0002:000009F8       CharCases
 0001:00003164       CharFromWChar
 0001:0000B090       CharLength
 0001:0000021C       CharNext
 0001:000053FC       CharNext
 0001:0001B12C       CharsetToIdent
 0001:0000AFA4       CharToByteIndex
 0001:0000B008       CharToByteLen
 0001:00005404       CharToOemA
 0001:0000540C       CharUpperBuff
 0001:00001880       ChDir
 0001:0001D5F8       CheckBool
 0001:00002710       CheckJmp
 0001:00005414       CheckMenuItem
 0002:00000BD4       Checks
 0001:00015E2C       CheckSubComponents
 0001:000181F8       CheckSynchronize
 0001:00045848       CheckTaskWindow
 0001:0002D550       CheckUndock
 0001:0000ACD4       CheckWin32Version
 0002:00000328       CInvalidCustomVariantType
 0002:00000B88       cItemAutoFlagToBoolean
 0002:00000B80       cItemAutoFlagToMenu
 0001:00019670       Classes
 0001:00012044       ClassNotFound
 0002:00002810       ClearAnyProc
 0001:0001A9BC       ClearColor
 0001:0000F074       ClearVariantTypeList
 0001:0000541C       ClientToScreen
 0001:00037128       ClientToWindow
 0002:000006C8       ClipboardFormats
 0001:00024D90       Clipbrd
 0001:00004FD4       CloseHandle
 0002:0000297C       CloseThemeData
 0002:0000203C       CmdLine
 0002:00002038       CmdShow
 0002:00000B7C       cMenuAutoFlagToItem
 0001:0000C40C       CmpUnimplemented
 0002:00000448       Colors
 0001:0001AF24       ColorToIdent
 0002:00000794       ColorToPretyName
 0001:0001AF14       ColorToRGB
 0002:00002AE8       ComCtlVersion
 0001:00025294       ComCtrls
 0002:00002BAC       CommandPool
 0001:00021084       CommCtrl
 0001:000238F8       CommDlg
 0001:000006C8       Commit
 0002:00002624       committedRoot
 0001:0003E3E0       CompareFront
 0001:00006BB4       CompareMem
 0001:00006B84       CompareStr
 0001:00004FDC       CompareString
 0001:00006BD4       CompareText
 0001:00007068       CompareWith
 0001:00015F0C       ComponentCreated
 0001:00024D4C       ComStrs
 0001:0001998C       Consts
 0001:00020F90       Contnrs
 0002:00002B1E       ControlAtom
 0002:00002B24       ControlAtomString
 0001:0004A5D4       ControlHasHelp
 0001:0003A7C0       Controls
 0001:0000A248       ConvertAddr
 0001:00008950       ConvertEraString
 0001:00006A64       ConvertErrorFmt
 0001:00008AB8       ConvertYearString
 0001:00003E1C       CopyArray
 0001:0001E0D0       CopyBitmap
 0001:0001E798       CopyBitmapAsMask
 0001:0001E734       CopyPalette
 0002:0000096C       Copyright
 0001:000414D0       CopyToBest
 0001:0000AF14       CountChars
 0002:000028C0       CounterLock
 0002:0000032C       CRangeToType
 0001:0000A730       CreateAssertException
 0001:0000A8B8       CreateAVObject
 0001:00005214       CreateBitmap
 0001:0000521C       CreateBrushIndirect
 0001:00005224       CreateCompatibleBitmap
 0001:0000522C       CreateCompatibleDC
 0001:00015F8C       CreateComponent
 0001:0000523C       CreateDIBitmap
 0001:00005234       CreateDIBSection
 0001:00000234       CreateDirectory
 0001:00004FE4       CreateEvent
 0001:00004FEC       CreateFile
 0001:00005244       CreateFontIndirect
 0001:0000524C       CreateHalftonePalette
 0001:00005424       CreateIcon
 0001:0000A65C       CreateInOutError
 0001:0000542C       CreateMenu
 0001:00005254       CreatePalette
 0001:0000525C       CreatePenIndirect
 0001:00005434       CreatePopupMenu
 0001:00005264       CreateSolidBrush
 0001:0001CBD8       CreateSystemPalette
 0001:00004FF4       CreateThread
 0001:000059AC       CreateWindow
 0001:00005954       CreateWindowEx
 0002:00000720       CreationControl
 0002:00000A20       CreationControl
 0002:00000394       CRelationshipToBoolean
 0002:00000310       CResult
 0002:00000138       cSimpleBoolStrs
 0002:00000340       CText
 0002:00000B1C       Ctl3DStyles
 0002:0000261C       curAlloc
 0002:00002688       CurrencyDecimals
 0002:00002684       CurrencyFormat
 0002:00002680       CurrencyString
 0001:000087E8       CurrentYear
 0001:00008380       CurrToStr
 0001:0000DC98       CurrToWStrViaOS
 0002:00000CFC       CursorMap
 0002:00000A30       Cursors
 0001:0002C13C       CursorToIdent
 0002:00000CEC       cUseAlpha
 0002:00000CF4       cUseColorKey
 0001:00006DDC       CvtInt
 0001:00006E48       CvtInt64
 0002:00000178       CWNear
 0002:00002689       DateSeparator
 0001:000093D0       DateTimeToStr
 0001:00009374       DateTimeToString
 0001:00008440       DateTimeToTimeStamp
 0001:0000DCD0       DateToWStrViaOS
 0001:000087C0       DayOfWeek
 0002:00000174       DCon10
 0002:00000444       DDBsOnly
 0001:00019598       DeallocateHWnd
 0002:00000028       DebugHook
 0002:00002687       DecimalSeparator
 0001:000087A0       DecodeDate
 0001:00008654       DecodeDateFully
 0001:000084F4       DecodeTime
 0001:0000075C       Decommit
 0001:00000D78       DecommitFree
 0002:000025F8       decommittedRoot
 0001:0004825C       Default
 0001:0004D92C       Default
 0002:00000020       Default8087CW
 0002:00000A24       DefaultDockTreeClass
 0002:000025BC       DefaultUserCodePage
 0002:00000698       DefBrushData
 0002:00000418       DefFontData
 0001:0000543C       DefFrameProc
 0002:00000204       DefLongDayNames
 0002:000001B8       DefLongMonthNames
 0001:00005444       DefMDIChildProc
 0002:00000678       DefPenData
 0002:000001E8       DefShortDayNames
 0002:00000188       DefShortMonthNames
 0001:0000544C       DefWindowProc
 0001:00004068       DelayLoadResourceModule
 0001:00000418       DeleteBlock
 0001:00004FFC       DeleteCriticalSection
 0001:00000388       DeleteCriticalSection
 0001:0000526C       DeleteDC
 0001:00000BC0       DeleteFree
 0001:00005454       DeleteMenu
 0001:00005274       DeleteObject
 0001:0001DC8C       DeselectBitmap
 0001:0000545C       DestroyCursor
 0001:00005464       DestroyIcon
 0001:00024E20       DestroyLocals
 0001:0000546C       DestroyMenu
 0001:00005474       DestroyWindow
 0001:000299CC       DialogEnumerationTester
 0001:00023F68       Dialogs
 0002:000006D4       DIBPalSizes
 0002:0000008C       dig
 0001:0004569C       DisableTaskWindows
 0001:0000547C       DispatchMessage
 0001:0004B8B4       DispatchShortCut
 0002:00002000       DispCallByIDProc
 0001:00006A48       DivMod
 0001:00023930       Dlgs
 0001:0004CBB8       DoAlign
 0001:00031D54       DoAlign
 0001:00035E08       DoCalcConstraints
 0002:00002B54       DockSiteList
 0001:000420F0       DoClick
 0001:00033498       DoControlMsg
 0001:0004564C       DoDisableWindow
 0001:0002CE7C       DoDragOver
 0001:00006AA8       DoExitProc
 0001:00037E14       DoFindControlZone
 0001:00045788       DoFindWindow
 0001:000383A0       DoFindZone
 0001:00037E98       DoForEach
 0001:000397A4       DoGetNextLimit
 0001:00045614       DoneApplication
 0001:0003A504       DoneControls
 0001:0000ABE4       DoneExceptions
 0001:00049C30       DoNestedActivation
 0001:000181B8       DoneThreadSynchronization
 0001:00031914       DoPosition
 0001:0004CA08       DoPosition
 0001:00038DCC       DoPrune
 0001:000392A4       DoSaveZone
 0001:000394A8       DoSetNewBounds
 0002:000003B0       DotSep
 0001:0001340C       DoWrite
 0001:0001D850       DoWrite
 0001:0003CA40       DoWrite
 0001:00032A80       DoWriteDesignSize
 0001:000304EC       DoWriteIsControl
 0002:00002B38       DragCapture
 0002:00002B2C       DragControl
 0001:0002D5C4       DragDone
 0001:0002CE2C       DragFindTarget
 0001:0002CE00       DragFindWindow
 0002:00002B50       DragImageList
 0001:0002D21C       DragInit
 0001:0002D38C       DragInitControl
 0002:00002B34       DragInternalObject
 0001:0002CD48       DragMessage
 0002:00002B30       DragObject
 0002:00002B5C       DragSave
 0002:00002B44       DragSaveCursor
 0002:00002B3C       DragStartPos
 0002:00002B48       DragThreshold
 0001:0002CF4C       DragTo
 0001:0004D968       DrawAppIcon
 0001:00038938       DrawCloseButton
 0001:00005484       DrawEdge
 0001:0000548C       DrawFrameControl
 0001:00038990       DrawGrabberLine
 0001:00005494       DrawIcon
 0001:0000549C       DrawIconEx
 0002:00000B58       DrawingStyles
 0001:000054A4       DrawMenuBar
 0001:00043430       DrawMenuItem
 0001:000054AC       DrawText
 0002:00002980       DrawThemeBackground
 0002:000029A4       DrawThemeEdge
 0002:000029A8       DrawThemeIcon
 0002:00002A2C       DrawThemeParentBackground
 0002:00002984       DrawThemeText
 0001:0001C6A8       DupBits
 0001:00003E34       DynArrayClear
 0001:00003E3C       DynArraySetLength
 0002:00000C44       EdgeStyle
 0002:00000B0C       EdgeStyles
 0001:0000A630       EHeapException.FreeInstance
 0002:000027FC       EmptyParam
 0002:000000BC       EmptyStr
 0002:000000C0       EmptyWideStr
 0001:000054B4       EnableMenuItem
 0002:00000BDC       Enables
 0001:000054BC       EnableScrollBar
 0001:00045750       EnableTaskWindows
 0002:00002A14       EnableThemeDialogTexture
 0002:00002A30       EnableTheming
 0001:000054C4       EnableWindow
 0001:00012660       EndGlobalLoading
 0001:000054CC       EndPaint
 0001:00005004       EnterCriticalSection
 0001:00000378       EnterCriticalSection
 0001:0000500C       EnumCalendarInfoA
 0002:00002914       EnumDisplayMonitors
 0001:00009EBC       EnumEraNames
 0001:00009EF8       EnumEraYearOffsets
 0001:00048820       EnumMonitorsProc
 0001:000054D4       EnumThreadWindows
 0001:0001573C       EnumValue
 0001:000054DC       EnumWindows
 0001:000054E4       EqualRect
 0002:00002750       EraNames
 0001:00009648       EraToYear
 0002:0000276C       EraYearOffsets
 0002:00000064       errCaption
 0001:00011BE8       Error
 0001:0003E130       Error
 0001:00014F20       Error
 0001:00001838       Error
 0002:00000004       ErrorAddr
 0001:000017EC       ErrorAt
 0001:0000A6DC       ErrorHandler
 0002:00000220       ErrorMap
 0002:00002008       ErrorProc
 0002:000023E4       ErrOutput
 0001:0000178C       ExceptAddr
 0002:0000200C       ExceptClsProc
 0001:0000AB50       ExceptHandler
 0001:0000A4A4       Exception.Create
 0001:0000A4E0       Exception.CreateFmt
 0001:0000A560       Exception.CreateRes
 0001:0000A59C       Exception.CreateResFmt
 0002:0000201C       ExceptionClass
 0001:0000A254       ExceptionErrorMessage
 0002:00000258       ExceptMap
 0001:0000176C       ExceptObject
 0002:00002010       ExceptObjProc
 0002:00002004       ExceptProc
 0001:0000527C       ExcludeClipRect
 0002:00000000       ExitCode
 0001:00002E98       ExitDll
 0002:00002044       ExitProc
 0001:00000224       ExitProcess
 0002:00002024       ExitProcessProc
 0002:00000134       ExitProcList
 0001:00007488       ExpandFileName
 0001:000250DC       ExtActns
 0001:00024CEC       ExtCtrls
 0001:00024F48       ExtDlgs
 0001:00007450       ExtractFileName
 0001:0000741C       ExtractFilePath
 0002:0000278C       FalseBoolStrs
 0002:00002A84       FClipboard
 0002:00000168       FCon1E18
 0001:000072A0       FileClose
 0001:000071E4       FileCreate
 0001:00007208       FileCreate
 0002:000006CC       FileFormats
 0002:00000008       FileMode
 0001:0000718C       FileOpen
 0001:00007210       FileRead
 0002:000003DC       FilerSignature
 0001:00007268       FileSeek
 0001:00005014       FileTimeToDosDateTime
 0001:0000501C       FileTimeToLocalFileTime
 0001:0000723C       FileWrite
 0001:00000CA8       FillAfterGap
 0001:00000C54       FillBeforeGap
 0001:00000D40       FillerSizeAfterGap
 0001:00000CD0       FillerSizeBeforeGap
 0001:000054EC       FillRect
 0001:000237E8       Finalization
 0001:0000FEEC       Finalization
 0001:000237B0       Finalization
 0001:00023778       Finalization
 0001:00024CA4       Finalization
 0001:00023740       Finalization
 0001:00004E40       Finalization
 0001:000236D0       Finalization
 0001:00028FC0       Finalization
 0001:000250E4       Finalization
 0001:00021814       Finalization
 0001:00024D1C       Finalization
 0001:00028E58       Finalization
 0001:0003BA88       Finalization
 0001:0004370C       Finalization
 0001:0004FB6C       Finalization
 0001:00021054       Finalization
 0001:00022BA0       Finalization
 0001:00004C10       Finalization
 0001:000227FC       Finalization
 0001:00024D54       Finalization
 0001:000217D4       Finalization
 0001:0000CB60       Finalization
 0001:00024DE8       Finalization
 0001:00022D4C       Finalization
 0001:00024EB8       Finalization
 0001:00024F18       Finalization
 0001:00022844       Finalization
 0001:00050D88       Finalization
 0001:0000C1A4       Finalization
 0001:0000F4C0       Finalization
 0001:00005AFC       Finalization
 0001:00050DC0       Finalization
 0001:0003D190       Finalization
 0001:00005B34       Finalization
 0001:00020AC8       Finalization
 0001:0002521C       Finalization
 0001:00005E44       Finalization
 0001:00025C5C       Finalization
 0001:0001995C       Finalization
 0001:000195C0       Finalization
 0001:00020CA8       Finalization
 0001:00004EB8       Finalization
 0001:00020F60       Finalization
 0001:0002287C       Finalization
 0001:0003A758       Finalization
 0001:00023820       Finalization
 0001:0002508C       Finalization
 0001:00023858       Finalization
 0001:00023F0C       Finalization
 0001:00023890       Finalization
 0001:00025034       Finalization
 0001:000238C8       Finalization
 0001:0000FE94       Finalization
 0001:00024FD0       Finalization
 0001:00023900       Finalization
 0001:00024F68       Finalization
 0001:00029C44       Finalization
 0001:0000F6CC       Finalization
 0001:00003E2C       FinalizeArray
 0001:00002CCC       FinalizeUnits
 0001:00041EB0       Find
 0001:000040D8       FindBS
 0001:00012104       FindClass
 0001:00004060       FindClassHInstance
 0001:00007380       FindClose
 0001:00005024       FindClose
 0001:0000023C       FindClose
 0001:00000C24       FindCommitted
 0001:0002BF1C       FindControl
 0001:000385CC       FindControlAtPos
 0001:0000F318       FindCustomVariantType
 0001:0000F3D0       FindCustomVariantType
 0001:0002D8E8       FindDragTarget
 0001:0001613C       FindExistingComponent
 0001:0000730C       FindFirst
 0001:00000244       FindFirstFile
 0001:0000502C       FindFirstFile
 0001:000124F0       FindGlobalComponent
 0001:00045894       FindGlobalComponent
 0002:00002860       FindGlobalComponentProcs
 0001:00004038       FindHInstance
 0001:00012398       FindIdentToInt
 0001:000072A8       FindMatchingFile
 0002:00002A70       FindMsg
 0001:000152CC       FindNestedComponent
 0001:0000735C       FindNext
 0001:00005034       FindNextFile
 0001:0003E0F8       FindPopupControl
 0001:0000C828       FindProc
 0001:0000503C       FindResource
 0001:000040B0       FindResourceHInstance
 0001:0004F3C0       FindScanline
 0001:000457EC       FindTopMostWindow
 0001:00017020       FindUniqueName
 0001:0002D8B4       FindVCLWindow
 0001:000054F4       FindWindow
 0001:00029A24       FindWinHelp
 0001:0001E084       FixupBitFields
 0002:00000C54       Flags
 0002:0000279C       FLanguages
 0001:00022BD0       FlatSB
 0002:00002940       FlatSB_EnableScrollBar
 0002:0000294C       FlatSB_GetScrollInfo
 0002:00002950       FlatSB_GetScrollPos
 0002:00002948       FlatSB_GetScrollRange
 0002:00002958       FlatSB_SetScrollInfo
 0002:00002954       FlatSB_SetScrollPos
 0001:000228C0       FlatSB_SetScrollProp
 0002:0000295C       FlatSB_SetScrollRange
 0002:00002944       FlatSB_ShowScrollBar
 0001:00008010       FloatToDecimal
 0001:00008350       FloatToStr
 0001:00007D3C       FloatToText
 0001:00001BB4       Flush
 0002:0000017C       FMSecsPerDay
 0001:00007C38       FmtStr
 0002:00000C70       FocusCount
 0002:00000C6C       FocusMessages
 0002:000005E8       FontCharsets
 0002:000028D8       FontManager
 0001:00045868       ForegroundTask
 0002:00002BD0       Form1
 0002:00000184       Format
 0001:00007C24       Format
 0001:0000782C       FormatBuf
 0001:00007820       FormatClearStr
 0001:000077A4       FormatError
 0002:00000160       FormatErrorStrs
 0001:00005044       FormatMessage
 0001:000077FC       FormatVarToStr
 0001:0004FBC8       Forms
 0001:00001E60       FPower10
 0002:0000071C       FPrinter
 0001:000054FC       FrameRect
 0001:0000BD84       FreeAndNil
 0001:00000990       FreeCommitted
 0001:00000EB0       FreeCurAlloc
 0001:0002D9A8       FreeDeviceContext
 0001:0002DA64       FreeDeviceContexts
 0001:0001938C       FreeIntConstList
 0001:0000504C       FreeLibrary
 0001:0000024C       FreeLibrary
 0001:0001DBE0       FreeMemoryContexts
 0001:000194C0       FreeObjectInstance
 0001:0000505C       FreeResource
 0001:00000610       FreeSpace
 0001:0000B8F0       FreeTerminateProcs
 0001:00022D84       FreeThemeLibrary
 0002:00002AE4       FRichEditModule
 0001:0001C698       GDICheck
 0001:0001C5F0       GDIError
 0001:00001B3C       Get8087CW
 0001:00005064       GetACP
 0001:00005504       GetActiveWindow
 0001:0004D094       GetAnimation
 0001:00005284       GetBitmapBits
 0001:00000390       GetBlockDesc
 0001:0000528C       GetBrushOrgEx
 0001:0000550C       GetCapture
 0001:0002C1E4       GetCaptureControl
 0001:000120B0       GetClass
 0001:00005514       GetClassInfo
 0001:0000551C       GetClassName
 0001:00005524       GetClientRect
 0001:00005294       GetClipBox
 0001:0000032C       GetCmdShow
 0001:0003BC58       GetColor
 0001:000251BC       GetComCtlVersion
 0001:00000254       GetCommandLine
 0001:000007DC       GetCommitted
 0001:0000086C       GetCommittedAt
 0001:0003304C       GetControlAtPos
 0001:000088AC       GetCount
 0001:0000506C       GetCPInfo
 0001:00007538       GetCurrentDir
 0001:0000025C       GetCurrentDirectory
 0001:0000529C       GetCurrentPositionEx
 0001:00005074       GetCurrentProcessId
 0002:00002A24       GetCurrentThemeName
 0001:0000507C       GetCurrentThreadId
 0001:0000031C       GetCurrentThreadId
 0001:000058C0       GetCurrentTime
 0001:0000552C       GetCursor
 0001:0004F3D0       GetCursorHeightMargin
 0001:00005534       GetCursorPos
 0001:000088D8       GetDate
 0001:00005084       GetDateFormat
 0001:00009560       GetDateOrder
 0001:0000553C       GetDC
 0001:00005544       GetDCEx
 0001:000052A4       GetDCOrgEx
 0001:000206D8       GetDefFontCharSet
 0001:0000554C       GetDesktopWindow
 0001:000052BC       GetDeviceCaps
 0001:0001D5E0       GetDIB
 0001:000052AC       GetDIBColorTable
 0001:000052B4       GetDIBits
 0001:0001D528       GetDIBSizes
 0001:0001C808       GetDInColors
 0001:0000508C       GetDiskFreeSpaceA
 0002:00000130       GetDiskFreeSpaceEx
 0001:00039884       GetDockAlign
 0001:0002CB8C       GetDockSiteAtPos
 0001:0002CEB8       GetDropCtl
 0001:000024D8       GetDynaMethod
 0001:0000F73C       GetEnumNameValue
 0001:0000F788       GetEnumValue
 0001:00009F70       GetEraNamesAndYearOffsets
 0001:000095F4       GetEraYearOffset
 0001:0000A8A0       GetExceptionClass
 0001:0000AA84       GetExceptionObject
 0001:00012038       GetFieldClassTable
 0001:0000ACF4       GetFileVersion
 0001:000051F4       GetFileVersionInfo
 0001:000051FC       GetFileVersionInfoSize
 0001:00005554       GetFocus
 0001:0001B14C       GetFontData
 0001:0000555C       GetForegroundWindow
 0001:0000B4A8       GetFormatSettings
 0001:00005094       GetFullPathName
 0001:0001A6B8       GetHashCode
 0001:0004A60C       GetHelpInfo
 0001:00021C94       GetHelpSystem
 0001:0004CE78       GetHint
 0001:0004CEB0       GetHintControl
 0001:000435AC       GetHotkey
 0001:00005564       GetIconInfo
 0001:0000557C       GetKeyboardLayout
 0001:00005584       GetKeyboardLayoutList
 0001:0000558C       GetKeyboardState
 0001:0000214C       GetKeyboardType
 0001:0000556C       GetKeyNameText
 0001:00005574       GetKeyState
 0001:00005594       GetLastActivePopup
 0001:00037B4C       GetLastChildZone
 0001:0000509C       GetLastError
 0001:00000264       GetLastError
 0001:00009D34       GetLocaleChar
 0001:0000026C       GetLocaleInfo
 0001:000050AC       GetLocaleInfo
 0001:00009CE8       GetLocaleStr
 0001:000050A4       GetLocalTime
 0001:0002C1A0       GetLongHint
 0001:0000559C       GetMenu
 0001:0004A594       GetMenuHelpContext
 0001:000055A4       GetMenuItemCount
 0001:000055AC       GetMenuItemID
 0001:000055B4       GetMenuItemInfo
 0001:000406FC       GetMenuSize
 0001:000055BC       GetMenuState
 0001:000055C4       GetMenuString
 0001:00000274       GetModuleFileName
 0001:000050B4       GetModuleFileName
 0001:00004D38       GetModuleHandle
 0001:0000027C       GetModuleHandle
 0001:000050BC       GetModuleHandle
 0002:00002908       GetMonitorInfo
 0002:0000290C       GetMonitorInfoA
 0002:00002910       GetMonitorInfoW
 0001:00009D98       GetMonthDayNames
 0001:000055CC       GetNextWindow
 0001:000052C4       GetObject
 0001:0000F85C       GetOrdProp
 0001:000052CC       GetPaletteEntries
 0001:000019E0       GetParamStr
 0001:000055D4       GetParent
 0001:00045A60       GetParentForm
 0001:000052D4       GetPixel
 0001:00000284       GetProcAddress
 0001:000050C4       GetProcAddress
 0001:000055DC       GetProp
 0001:0000F7EC       GetPropInfo
 0001:00045F20       GetRealScrollPosition
 0001:0003BC38       GetRGBColor
 0001:000055E4       GetScrollInfo
 0001:000055EC       GetScrollPos
 0001:000055F4       GetScrollRange
 0001:0002C15C       GetShortHint
 0001:00000534       GetSpace
 0001:00000598       GetSpaceAt
 0001:0003E188       GetSpecialName
 0001:0000028C       GetStartupInfo
 0001:000050CC       GetStdHandle
 0001:000001F4       GetStdHandle
 0001:000052DC       GetStockObject
 0001:000050D4       GetStringTypeEx
 0001:000055FC       GetSubMenu
 0001:00005604       GetSysColor
 0001:0000560C       GetSysColorBrush
 0001:000050DC       GetSystemInfo
 0001:00005614       GetSystemMenu
 0002:000028F8       GetSystemMetrics
 0001:0000561C       GetSystemMetrics
 0001:000052E4       GetSystemPaletteEntries
 0001:000052EC       GetTextExtentPoint32
 0001:000052F4       GetTextMetrics
 0002:00002A1C       GetThemeAppProperties
 0002:00002988       GetThemeBackgroundContentRect
 0002:0000298C       GetThemeBackgroundExtent
 0002:0000299C       GetThemeBackgroundRegion
 0002:000029C0       GetThemeBool
 0002:000029B4       GetThemeColor
 0002:00002A28       GetThemeDocumentationProperty
 0002:000029C8       GetThemeEnumValue
 0002:000029E8       GetThemeFilename
 0002:000029D0       GetThemeFont
 0002:000029C4       GetThemeInt
 0002:000029DC       GetThemeIntList
 0002:000029D8       GetThemeMargins
 0002:000029B8       GetThemeMetric
 0002:00002990       GetThemePartSize
 0002:000029CC       GetThemePosition
 0002:000029E0       GetThemePropertyOrigin
 0002:000029D4       GetThemeRect
 0002:000029BC       GetThemeString
 0002:000029F4       GetThemeSysBool
 0002:000029EC       GetThemeSysColor
 0002:000029F0       GetThemeSysColorBrush
 0002:000029FC       GetThemeSysFont
 0002:00002A04       GetThemeSysInt
 0002:000029F8       GetThemeSysSize
 0002:00002A00       GetThemeSysString
 0002:00002994       GetThemeTextExtent
 0002:00002998       GetThemeTextMetrics
 0001:000050E4       GetThreadLocale
 0001:00000294       GetThreadLocale
 0001:000050EC       GetTickCount
 0001:00008910       GetTime
 0001:00004D64       GetTlsSize
 0001:0004D644       GetTopMostWindows
 0001:0002C2EC       GetTopParent
 0001:00005624       GetTopWindow
 0001:0000F730       GetTypeData
 0001:000050F4       GetVersion
 0001:00000324       GetVersion
 0001:000050FC       GetVersionEx
 0001:0000562C       GetWindow
 0001:00005634       GetWindowDC
 0001:0000563C       GetWindowLong
 0001:000052FC       GetWindowOrgEx
 0001:00005644       GetWindowPlacement
 0001:0000564C       GetWindowRect
 0001:00005654       GetWindowText
 0002:00002A10       GetWindowTheme
 0001:00005664       GetWindowThreadProcessId
 0001:0000565C       GetWindowThreadProcessId
 0001:00005104       GlobalAddAtom
 0001:0000510C       GlobalAlloc
 0001:000058CC       GlobalAllocPtr
 0001:00005114       GlobalDeleteAtom
 0001:0000511C       GlobalFindAtom
 0002:00002864       GlobalFixupList
 0001:00015414       GlobalFixupReferences
 0001:00005124       GlobalFree
 0001:000058F8       GlobalFreePtr
 0001:00005134       GlobalHandle
 0001:0000512C       GlobalLock
 0002:00002848       GlobalNameSpace
 0001:0000513C       GlobalReAlloc
 0001:000058DC       GlobalReAllocPtr
 0001:00005144       GlobalUnlock
 0001:00020B9C       Graphics
 0001:0001222C       GroupDescendentsWith
 0001:0004A814       HandleEdge
 0001:00016878       HandleException
 0002:00000024       HeapAllocFlags
 0002:000025C4       heapErrorCode
 0002:000025C8       heapLock
 0001:0002283C       HelpIntfs
 0002:00002934       HelpManager
 0002:00002A6C       HelpMsg
 0002:00002B08       HelpViewer
 0002:00002B0C       HelpViewerIntf
 0002:0000012C       HexDisplayPrefix
 0002:00000A04       HideSelections
 0001:00039900       HideZone
 0002:00002664       HInstance
 0002:00002BC4       HintDoneEvent
 0001:0004CF80       HintGetMsgHook
 0002:00002BC8       HintHook
 0001:0004CF24       HintMouseThread
 0002:00002BCC       HintThread
 0002:00002BC0       HintThreadID
 0001:0004CED0       HintTimerProc
 0002:00000C64       HintWindowClass
 0002:000029A0       HitTestThemeBackground
 0001:0004CFC4       HookHintHooks
 0001:00005A04       HwndMSWheel
 0002:00000BF8       IBreaks
 0002:00000C04       IChecks
 0002:00000C0C       IDefaults
 0001:0001B13C       IdentToCharset
 0001:0001AF34       IdentToColor
 0001:0002C14C       IdentToCursor
 0001:00012414       IdentToInt
 0002:00000C14       IEnables
 0001:000414A0       IfHotkeyAvailable
 0002:00002B9C       ImageListWriteExProc
 0001:00020FB0       ImageList_Add
 0001:00020FD0       ImageList_AddIcon
 0001:00020FF4       ImageList_BeginDrag
 0001:00020F98       ImageList_Create
 0001:00020FA0       ImageList_Destroy
 0001:00021004       ImageList_DragEnter
 0001:0002100C       ImageList_DragLeave
 0001:00021014       ImageList_DragMove
 0001:00021024       ImageList_DragShowNolock
 0001:00020FDC       ImageList_Draw
 0001:00020FE4       ImageList_DrawEx
 0001:00020FFC       ImageList_EndDrag
 0001:00020FC8       ImageList_GetBkColor
 0001:0002102C       ImageList_GetDragImage
 0001:00021044       ImageList_GetIconSize
 0001:00020FA8       ImageList_GetImageCount
 0001:00021034       ImageList_Read
 0001:00020FEC       ImageList_Remove
 0001:00020FB8       ImageList_ReplaceIcon
 0001:00020FC0       ImageList_SetBkColor
 0001:0002101C       ImageList_SetDragCursorImage
 0001:0002104C       ImageList_SetIconSize
 0001:0002103C       ImageList_Write
 0002:00000B68       Images
 0001:0003D1C0       ImgList
 0001:00021844       Imm
 0002:00000B4C       IMM32DLL
 0001:0003A4F0       Imm32IsIME
 0002:00000180       IMSecsPerDay
 0001:0000D6A8       InBounds
 0001:0000D948       InBounds
 0001:0000D6D8       Increment
 0001:0000D978       Increment
 0001:0000566C       InflateRect
 0001:00024FB0       IniFiles
 0001:00000A1C       InitAllocator
 0001:0002108C       InitAnApi
 0002:00002920       InitApis
 0001:000126BC       InitComponent
 0002:00002634       InitContext
 0001:0003A58C       InitControls
 0001:0002071C       InitDefFontData
 0001:0000B910       InitDriveSpacePtr
 0001:0000AB60       InitExceptions
 0001:0002291C       InitFlatSB
 0001:00023DB8       InitGlobals
 0001:0001D3E0       InitializeBitmapInfoHeader
 0001:0000514C       InitializeCriticalSection
 0001:00000370       InitializeCriticalSection
 0002:000025C0       initialized
 0001:000228F4       InitializeFlatSB
 0001:00004DF0       InitializeModule
 0001:0000C854       InitializeVarUtils
 0001:0003A190       InitIMM32
 0001:00012764       InitInheritedComponent
 0001:0000B2BC       InitLeadBytes
 0001:00021768       InitMultiMonStubs
 0001:0000AC64       InitPlatformId
 0002:00002040       InitProc
 0001:0004FAE0       InitProcs
 0001:000206A0       InitScreenLogPixels
 0001:0000B334       InitSysLocale
 0001:00022F44       InitThemeLibrary
 0001:00018184       InitThreadSynchronization
 0001:00004D6C       InitThreadTLS
 0001:00002D2C       InitUnits
 0001:0002BE30       InitWndProc
 0002:00000AEC       InnerStyles
 0001:00001874       InOutError
 0002:0000204C       Input
 0001:00031888       InsertBefore
 0001:0004C9A8       InsertBefore
 0001:00000E28       InsertFree
 0001:00041554       InsertHotkeyFarEastFormat
 0001:00005674       InsertMenu
 0001:0000567C       InsertMenuItem
 0002:00002880       InstBlockList
 0002:00002884       InstFreeList
 0002:00002858       IntConstList
 0001:0000B978       InterlockedDecrement
 0001:00000314       InterlockedDecrement
 0001:00005054       InterlockedExchange
 0001:0000B984       InterlockedExchange
 0001:0000B98C       InterlockedExchangeAdd
 0001:0000030C       InterlockedIncrement
 0001:0000B96C       InterlockedIncrement
 0001:0001A644       InternalDeletePalette
 0001:00001B6C       InternalFlush
 0001:00000C84       InternalFreeMem
 0001:0001D530       InternalGetDIB
 0001:0001D4C4       InternalGetDIBSizes
 0001:00012554       InternalReadComponentRes
 0002:00002AF0       InternalServices
 0001:00003510       InternalUniqueString
 0001:00005304       IntersectClipRect
 0001:00005684       IntersectRect
 0001:00006F3C       IntToHex
 0001:00012454       IntToIdent
 0001:00006E28       IntToStr
 0001:00006F14       IntToStr
 0001:0000568C       InvalidateRect
 0001:0001C584       InvalidBitmap
 0001:0001C56C       InvalidGraphic
 0001:0001C590       InvalidIcon
 0001:0001C554       InvalidOperation
 0001:000115C0       InvalidPoint
 0002:00002798       InvalidPointer
 0001:00002390       InvokeImplGetter
 0001:00001954       IOResult
 0002:00000C34       IOwnerDraw
 0002:00000C1C       IRadios
 0002:00000C2C       IRTL
 0001:000459F0       IsAccel
 0001:00042704       IsAccelChar
 0002:00002A0C       IsAppThemed
 0001:0002C944       IsBeforeTargetWindow
 0001:00005694       IsChild
 0002:00002048       IsConsole
 0001:0002CDA0       IsDelphiHandle
 0001:0000569C       IsDialogMessage
 0002:00000C24       ISeparators
 0001:000056A4       IsIconic
 0001:00042760       IsInitialChar
 0001:00008550       IsLeapYear
 0002:00002034       IsLibrary
 0002:00002049       IsMultiThread
 0001:000375B0       IsOrientationSet
 0001:000056AC       IsRectEmpty
 0001:0002CB48       IsSiteChildOfClient
 0002:00002A08       IsThemeActive
 0002:000029B0       IsThemeBackgroundPartiallyTransparent
 0002:00002A18       IsThemeDialogTextureEnabled
 0002:000029AC       IsThemePartDefined
 0001:00012530       IsUniqueGlobalComponentName
 0002:0000284C       IsUniqueGlobalComponentNameProc
 0001:00006D78       IsValidIdent
 0001:0000B31C       IsWesternGroup
 0001:000056B4       IsWindow
 0001:000056BC       IsWindowEnabled
 0001:000056C4       IsWindowVisible
 0001:000056CC       IsZoomed
 0001:0003E554       Iterate
 0001:0003E5B4       IterateMenus
 0002:0000002C       JITEnable
 0001:000459A4       KeyboardStateToShiftState
 0001:00045968       KeyDataToShiftState
 0001:00045914       KeysToShiftState
 0001:000056D4       KillTimer
 0001:000073CC       LastDelimiter
 0001:0000B248       LCIDToCodePage
 0001:00004B9C       LCIDToCodePage
 0002:0000010C       LeadBytes
 0001:00000380       LeaveCriticalSection
 0001:00005154       LeaveCriticalSection
 0002:00000034       LibModuleList
 0001:0000530C       LineTo
 0001:00025114       ListActns
 0001:0002D930       ListAdd
 0001:0002D958       ListRemove
 0002:0000274E       ListSeparator
 0001:000056DC       LoadBitmap
 0001:000056E4       LoadCursor
 0001:000056EC       LoadIcon
 0001:000056F4       LoadKeyboardLayout
 0001:0000515C       LoadLibrary
 0001:0000029C       LoadLibraryEx
 0001:00005164       LoadResource
 0001:000042A4       LoadResourceModule
 0001:00004B44       LoadResString
 0001:000056FC       LoadString
 0001:000002A4       LoadString
 0001:00004D40       LocalAlloc
 0001:00000350       LocalAlloc
 0001:00000358       LocalFree
 0001:00009D5C       LocalGetLocaleStr
 0002:00002A40       Lock
 0001:0000516C       LockResource
 0002:00002690       LongDateFormat
 0002:00002724       LongDayNames
 0002:000026D8       LongMonthNames
 0002:000026A4       LongTimeFormat
 0001:00006B48       LowerCase
 0001:000051EC       lstrcpy
 0001:000002AC       lstrcpyn
 0002:00002820       LVarTypes
 0002:00002824       LVarTypeSync
 0001:00050DB8       Main
 0002:0000202C       MainInstance
 0002:00002030       MainThreadID
 0001:000003E0       MakeEmpty
 0001:00002E3C       MakeErrorMessage
 0002:00000B38       MakeLast
 0001:000058B4       MakeLong
 0001:00019428       MakeObjectInstance
 0001:0000590C       MakeROP4
 0001:00050088       MakeTwoChar
 0001:00005944       MakeWParam
 0001:0000A820       MapException
 0001:00025084       Mapi
 0002:00000948       MAPIDLL
 0002:0000094C       MAPIModule
 0001:00002B44       MapToRunError
 0001:00005704       MapVirtualKey
 0001:0000570C       MapWindowPoints
 0002:00000B70       Mask
 0001:00005314       MaskBlt
 0001:00020CD8       Math
 0001:00020CA0       Max
 0001:000482A8       MaximizedChildren
 0002:0000003C       MemoryManager
 0002:00000B8C       MenuKeyCaps
 0001:0004377C       Menus
 0001:00000430       MergeBlockAfter
 0001:00000EFC       MergeCommit
 0001:00005714       MessageBox
 0001:0000022C       MessageBox
 0001:00005B64       Messages
 0001:00012DC8       Min
 0001:00020C98       Min
 0001:000311D0       MinVar
 0001:00001988       MkDir
 0001:00001974       MkDir
 0002:00002928       MMAvailable
 0002:00000B50       ModeMap
 0001:00049FA0       ModifySystemMenu
 0002:000000A4       Module
 0002:00002661       ModuleIsCpp
 0002:00002660       ModuleIsLib
 0001:000193F8       ModuleUnload
 0002:00000038       ModuleUnloadList
 0002:00002904       MonitorFromPoint
 0002:00002900       MonitorFromRect
 0002:000028FC       MonitorFromWindow
 0002:000000DC       MonthDays
 0002:00002B10       Mouse
 0001:000019A0       Move
 0001:0000531C       MoveToEx
 0001:0002D978       MoveWindowOrg
 0001:00005174       MulDiv
 0001:000002BC       MultiByteToWideChar
 0001:0004F584       MultiLineWidth
 0001:00021804       MultiMon
 0002:00002685       NegCurrFormat
 0001:00000F88       NewCommit
 0001:00000FB4       NewCommitAt
 0001:00050FC8       NewEngin
 0002:00002B14       NewStyleControls
 0001:0000B0CC       NextCharIndex
 0001:00037594       NextVisibleZone
 0002:000003E0       NilMethod
 0002:00000030       NoErrMsg
 0001:0003F368       NormalDraw
 0001:000026FC       NotifyAnyExcept
 0001:000026D0       NotifyExcept
 0001:00002730       NotifyExceptFinally
 0001:00012630       NotifyGlobalLoading
 0001:000045A4       NotifyModuleUnload
 0001:000026AC       NotifyNonDelphiException
 0001:000026E8       NotifyOnExcept
 0001:00002690       NotifyReRaise
 0001:00002758       NotifyTerminate
 0001:00002774       NotifyUnhandled
 0001:000420E0       NthParentOf
 0001:0000F4B8       Null
 0002:0000031C       NullAsStringValue
 0002:00000318       NullStrictConvert
 0001:0002BEE8       ObjectFromHWnd
 0002:00000A0C       OEMConverts
 0001:0000571C       OemToAnsi
 0001:00005724       OffsetRect
 0002:00002978       OpenThemeData
 0002:00000B30       OrientArray
 0002:00000AFC       OuterStyles
 0002:00002794       OutOfMemory
 0001:0001C59C       OutOfResources
 0002:00002218       Output
 0002:00000320       PackVarCreation
 0002:000006DC       Pal16
 0001:0001AA28       PaletteChanged
 0001:0001CD88       PaletteFromDIBColorTable
 0001:0001CE2C       PaletteToDIBColorTable
 0002:000006D8       PalSize
 0001:00001ACC       ParamStr
 0001:00037978       ParentNotLast
 0002:000009E8       Passwords
 0001:00005324       PatBlt
 0002:000028E8       PatternManager
 0001:0000572C       PeekMessage
 0002:000028DC       PenManager
 0002:000006A8       PenModes
 0002:00000688       PenStyles
 0001:00011548       Point
 0001:00004E94       Point
 0001:00011980       PointerInModule
 0001:00032A6C       PointsEqual
 0001:0000592C       PointToSmallPoint
 0001:0000532C       Polyline
 0002:00002BA0       PopupList
 0001:00005734       PostMessage
 0001:0000573C       PostQuitMessage
 0001:000228B8       Printers
 0001:0004B6B4       ProcessExecute
 0001:0005012C       ProcessFile
 0001:00045C20       ProcessHorz
 0001:0004B7B4       ProcessUpdate
 0001:00045C8C       ProcessVert
 0001:00015710       PropertyNotFound
 0001:00016978       PropPathError
 0002:00000C94       Props
 0001:00015704       PropValueError
 0001:00005744       PtInRect
 0002:000000A0       PtrToNil
 0001:00007CF8       PutExponent
 0002:00002B58       QualifyingSites
 0001:0000A7DC       RaiseAssertException
 0001:000146D0       RaiseException
 0001:000001FC       RaiseException
 0002:00002014       RaiseExceptionProc
 0001:0000B828       RaiseLastOSError
 0001:000386E8       ReadControlName
 0001:00017BB8       ReadCustomVariant
 0001:000156EC       ReadError
 0001:0000517C       ReadFile
 0001:0001D0D8       ReadIcon
 0002:000009F0       ReadOnlys
 0001:00005334       RealizePalette
 0001:00015F2C       Recover
 0001:00004E78       Rect
 0001:00011570       Rect
 0001:00005344       Rectangle
 0001:0000533C       RectVisible
 0001:0000574C       RedrawWindow
 0002:00002818       RefAnyProc
 0002:00002A3C       ReferenceCount
 0001:000002C4       RegCloseKey
 0001:00004FBC       RegCloseKey
 0002:0000285C       RegGroups
 0001:00012124       RegisterClass
 0001:00005754       RegisterClass
 0001:0000575C       RegisterClipboardFormat
 0001:0002CCE8       RegisterDockSite
 0001:00012498       RegisterFindGlobalComponentProc
 0001:0001236C       RegisterIntegerConsts
 0001:00004600       RegisterModule
 0001:00021C10       RegisterViewer
 0001:00005764       RegisterWindowMessage
 0001:00025018       Registry
 0001:000002CC       RegOpenKeyEx
 0001:00004FC4       RegOpenKeyEx
 0001:00004FCC       RegQueryValueEx
 0001:000002D4       RegQueryValueEx
 0001:00023818       RegStr
 0001:0000576C       ReleaseCapture
 0001:00005774       ReleaseDC
 0002:00000048       reMap
 0002:00002618       remBytes
 0001:000004A0       RemoveBlock
 0002:000003BC       RemoveDataModule
 0001:000155BC       RemoveFixupReferences
 0001:00015668       RemoveFixups
 0001:00015960       RemoveGlobalFixup
 0001:0000577C       RemoveMenu
 0001:0000451C       RemoveModuleUnloadProc
 0001:00004544       RemoveModuleUnloadProc
 0001:00005784       RemoveProp
 0001:0004FEE0       Replace
 0001:00005184       ResetEvent
 0001:000181D0       ResetSyncEvent
 0001:0000143C       ResizeInPlace
 0001:0000534C       RestoreDC
 0001:000455C0       RestoreFocusState
 0001:0003E128       ReturnAddr
 0001:0001356C       ReturnAddr
 0001:000128F4       ReturnAddr
 0001:0001CB08       RGBQuadToTriple
 0001:0001CAD0       RGBTripleToQuad
 0001:00023770       RichEdit
 0002:00002B28       RM_GetObjectInstance
 0002:00002BBC       RM_TaskbarCreated
 0002:00002614       rover
 0002:00000950       RTFConversionFormat
 0001:0000F6FC       RTLConsts
 0001:00000204       RtlUnwind
 0002:00002018       RTLUnwindProc
 0002:0000006C       runErrMsg
 0001:000017E0       RunErrorAt
 0001:0000C808       SafeArrayCreate
 0001:0000C810       SafeArrayGetLBound
 0001:0000C818       SafeArrayGetUBound
 0001:0000C820       SafeArrayPtrOfIndex
 0001:0000BE50       SafeLoadLibrary
 0001:00006C28       SameText
 0001:00005354       SaveDC
 0001:000455B8       SaveFocusState
 0001:000093E4       ScanBlanks
 0001:00009528       ScanChar
 0001:000096A4       ScanDate
 0001:00009408       ScanNumber
 0001:0000949C       ScanString
 0001:000099E8       ScanTime
 0001:000095AC       ScanToNumber
 0002:00002BB4       Screen
 0002:00002894       ScreenLogPixels
 0001:0000578C       ScreenToClient
 0001:00045DD8       ScrollBarVisible
 0001:00005794       ScrollWindow
 0001:00000FE8       SearchSmallBlocks
 0001:0000535C       SelectObject
 0001:00005364       SelectPalette
 0001:0002BF78       SendAppMessage
 0001:00045828       SendFocusMessage
 0001:0000579C       SendMessage
 0002:00000BF0       Separators
 0001:00001B2C       Set8087CW
 0001:000057A4       SetActiveWindow
 0001:0004D0C4       SetAnimation
 0001:0000536C       SetBkColor
 0001:00005374       SetBkMode
 0001:0000537C       SetBrushOrgEx
 0001:000057AC       SetCapture
 0001:0002C20C       SetCaptureControl
 0001:000057B4       SetClassLong
 0001:0000F044       SetClearVarToEmptyParam
 0001:0001609C       SetCompName
 0001:00007544       SetCurrentDir
 0001:000002DC       SetCurrentDirectory
 0001:0000518C       SetCurrentDirectory
 0001:000057BC       SetCursor
 0001:00005384       SetDIBColorTable
 0001:00005194       SetEndOfFile
 0001:0000519C       SetErrorMode
 0001:000051A4       SetEvent
 0001:00002C84       SetExceptionHandler
 0001:000051AC       SetFilePointer
 0001:0000FB60       SetFloatProp
 0001:000057C4       SetFocus
 0001:000057CC       SetForegroundWindow
 0001:0003A414       SetImeMode
 0001:00001864       SetInOutRes
 0001:0000FDE4       SetInt64Prop
 0001:0000FE20       SetInterfaceProp
 0001:00016C58       SetInterfaceReference
 0001:00016B74       SetIntIdent
 0002:00000C68       SetLayeredWindowAttributes
 0001:0000F9C8       SetLongStrProp
 0001:000057D4       SetMenu
 0001:000057DC       SetMenuItemInfo
 0001:0000FDAC       SetMethodProp
 0001:00016BBC       SetObjectIdent
 0001:0000F8D0       SetOrdProp
 0001:000057E4       SetParent
 0001:0000538C       SetPixel
 0001:000057EC       SetProp
 0001:000057F4       SetRect
 0001:00005394       SetROP2
 0001:000057FC       SetScrollInfo
 0001:00005804       SetScrollPos
 0001:0000580C       SetScrollRange
 0001:0000F92C       SetShortStrProp
 0001:0000F980       SetShortStrPropAsLongStr
 0001:0000539C       SetStretchBltMode
 0001:0000FA60       SetStrProp
 0001:00015EA4       SetSubComponentState
 0001:000053A4       SetTextColor
 0002:00002A20       SetThemeAppProperties
 0001:000051B4       SetThreadLocale
 0001:00005814       SetTimer
 0001:0000F02C       SetVarAsError
 0001:0000FD6C       SetVariantProp
 0001:00016BFC       SetVariantReference
 0001:000053AC       SetViewportOrgEx
 0001:0004F094       SetVisible
 0001:0000FA8C       SetWideStrProp
 0001:0000FA08       SetWideStrPropAsLongStr
 0001:0000581C       SetWindowLong
 0001:000053B4       SetWindowOrgEx
 0001:00005824       SetWindowPlacement
 0001:0000582C       SetWindowPos
 0001:0000583C       SetWindowsHookEx
 0001:00005834       SetWindowText
 0002:000029E4       SetWindowTheme
 0002:0000014C       ShareMode
 0001:000237E0       ShellAPI
 0002:00002AE0       ShellModule
 0001:000238C0       ShlObj
 0001:0003E150       ShortCut
 0002:00002BA4       ShortCutItems
 0001:0003E1DC       ShortCutToText
 0002:0000268C       ShortDateFormat
 0002:00002708       ShortDayNames
 0002:000026A8       ShortMonthNames
 0002:000026A0       ShortTimeFormat
 0002:00000CD4       ShowCommands
 0002:00000CE0       ShowCommands
 0002:00000CC8       ShowCommands
 0001:00005844       ShowCursor
 0001:0000A3DC       ShowException
 0002:00000D7C       ShowFlags
 0002:00000AE4       ShowFlags
 0001:000455C8       ShowMDIClientEdge
 0001:0000584C       ShowOwnedPopups
 0001:00005854       ShowScrollBar
 0001:0000585C       ShowWindow
 0001:0004D0EC       ShowWinNoAnimate
 0001:00039980       ShowZone
 0002:00000B44       SizeCursors
 0001:000051BC       SizeofResource
 0001:000176EC       SkipBinary
 0001:0001771C       SkipCollection
 0001:000176C4       SkipList
 0001:0000B820       Sleep
 0001:000051C4       Sleep
 0001:00011560       SmallPoint
 0001:00005918       SmallPointToPoint
 0002:00002620       smallTab
 0002:000025E8       spaceRoot
 0001:000121E0       StartClassGroup
 0001:00028FF0       StdActns
 0001:00028E88       StdCtrls
 0001:00019400       StdWndProc
 0002:0000289C       StockBrush
 0002:000028A0       StockFont
 0002:000028A4       StockIcon
 0002:00002898       StockPen
 0001:00007748       StrAlloc
 0001:0000775C       StrBufSize
 0001:0000AE7C       StrByteType
 0001:0000B068       StrCharLength
 0001:00007638       StrComp
 0001:00007598       StrCopy
 0001:00007794       StrDispose
 0001:0003C90C       StreamsEqual
 0001:00007574       StrEnd
 0001:000053BC       StretchBlt
 0001:00007BA4       StrFmt
 0001:0000765C       StrIComp
 0001:0001456C       StringListCompareStrings
 0001:00043518       StripHotkey
 0001:000075C0       StrLCopy
 0001:0000755C       StrLen
 0001:00007BE4       StrLFmt
 0001:0000769C       StrLIComp
 0001:00007588       StrMove
 0001:00007768       StrNew
 0001:0000B088       StrNextChar
 0001:000075F4       StrPCopy
 0001:00007618       StrPLCopy
 0001:000076F4       StrPos
 0001:000076E0       StrScan
 0001:00006F64       StrToInt
 0001:00006FA0       StrToIntDef
 0001:00024E18       StrUtils
 0002:00000CBC       Styles
 0001:0000BDB8       Supports
 0001:0000BD94       Supports
 0002:00002850       SyncEvent
 0002:000003E8       SyncList
 0001:00022D7C       SyncObjs
 0001:000002F4       SysAllocStringLen
 0001:00005E74       SysConst
 0002:00000C8C       SysConsts
 0002:00000C84       SysConsts
 0001:00009C9C       SysErrorMessage
 0001:00001298       SysFreeMem
 0001:00000304       SysFreeString
 0001:00001108       SysGetMem
 0001:00004E70       SysInit
 0002:00002740       SysLocale
 0001:00001618       SysReallocMem
 0001:000002FC       SysReAllocStringLen
 0001:00004C64       System
 0002:0000288C       SystemPalette16
 0001:0001CCF0       SystemPaletteOverride
 0001:00005864       SystemParametersInfo
 0001:0000C324       SysUtils
 0001:0003B2A8       TActionLink.IsCaptionLinked
 0001:0003B2BC       TActionLink.IsCheckedLinked
 0001:0003B2D0       TActionLink.IsEnabledLinked
 0001:0003B2E4       TActionLink.IsGroupIndexLinked
 0001:0003B2F8       TActionLink.IsHelpContextLinked
 0001:0003B30C       TActionLink.IsHelpLinked
 0001:0003B320       TActionLink.IsHintLinked
 0001:0003B334       TActionLink.IsImageIndexLinked
 0001:0003B348       TActionLink.IsShortCutLinked
 0001:0003B35C       TActionLink.IsVisibleLinked
 0001:0003B370       TActionLink.SetAutoCheck
 0001:0003B374       TActionLink.SetCaption
 0001:0003B378       TActionLink.SetChecked
 0001:0003B37C       TActionLink.SetEnabled
 0001:0003B380       TActionLink.SetGroupIndex
 0001:0003B384       TActionLink.SetHelpContext
 0001:0003B388       TActionLink.SetHelpKeyword
 0001:0003B38C       TActionLink.SetHelpType
 0001:0003B390       TActionLink.SetHint
 0001:0003B394       TActionLink.SetImageIndex
 0001:0003B398       TActionLink.SetShortCut
 0001:0003B39C       TActionLink.SetVisible
 0001:0004F630       TApplication.ActivateHint
 0001:0004E284       TApplication.BringToFront
 0001:0004F398       TApplication.CancelHint
 0001:0004D868       TApplication.CheckIniChange
 0001:0004D5E4       TApplication.ControlDestroyed
 0001:0004D12C       TApplication.Create
 0001:0004E684       TApplication.CreateForm
 0001:0004D434       TApplication.CreateHandle
 0001:0004D318       TApplication.Destroy
 0001:0004FA00       TApplication.DispatchAction
 0001:0004ED64       TApplication.DoActionIdle
 0001:0004EDC8       TApplication.DoMouseIdle
 0001:0004D6B4       TApplication.DoNormalizeTopMosts
 0001:0004FA90       TApplication.ExecuteAction
 0001:0004F9C4       TApplication.GetCurrentHelpFile
 0001:0004E0B8       TApplication.GetIconHandle
 0001:0004E2C0       TApplication.GetTitle
 0001:0004E804       TApplication.HandleException
 0001:0004E570       TApplication.HandleMessage
 0001:0004ED0C       TApplication.HelpCommand
 0001:0004ECA4       TApplication.HelpContext
 0001:0004EC3C       TApplication.HelpKeyword
 0001:0004F354       TApplication.HideHint
 0001:0004F20C       TApplication.HintMouseMessage
 0001:0004F31C       TApplication.HintTimerExpired
 0001:0004E594       TApplication.HookMainWindow
 0001:0004FB3C       TApplication.HookSynchronizeWakeup
 0001:0004EF9C       TApplication.IconChanged
 0001:0004EE40       TApplication.Idle
 0001:0004E66C       TApplication.Initialize
 0001:0004EAD4       TApplication.InvokeHelp
 0001:0004E30C       TApplication.IsDlgMsg
 0001:0004E438       TApplication.IsHintMsg
 0001:0004E380       TApplication.IsKeyMsg
 0001:0004E330       TApplication.IsMDIMsg
 0001:0004E46C       TApplication.IsShortCut
 0001:0004E894       TApplication.MessageBox
 0001:0004E0D4       TApplication.Minimize
 0001:0004D790       TApplication.ModalFinished
 0001:0004D764       TApplication.ModalStarted
 0001:0004D7C4       TApplication.NormalizeAllTopMosts
 0001:0004D7BC       TApplication.NormalizeTopMosts
 0001:0004EF60       TApplication.NotifyForms
 0001:0004E4D8       TApplication.ProcessMessage
 0001:0004E184       TApplication.Restore
 0001:0004D7CC       TApplication.RestoreTopMosts
 0001:0004E704       TApplication.Run
 0001:0004F000       TApplication.SetHint
 0001:0004ED14       TApplication.SetShowHint
 0001:0004D8C0       TApplication.SettingChange
 0001:0004E9FC       TApplication.ShowException
 0001:0004F1A0       TApplication.StartHintTimer
 0001:0004F1E4       TApplication.StopHintTimer
 0001:0004E7F0       TApplication.Terminate
 0001:0004E5F0       TApplication.UnhookMainWindow
 0001:0004FB4C       TApplication.UnhookSynchronizeWakeup
 0001:0004FAB8       TApplication.UpdateAction
 0001:0004F0F0       TApplication.UpdateVisible
 0001:0004D850       TApplication.UseRightToLeftAlignment
 0001:0004D838       TApplication.UseRightToLeftReading
 0001:0004F178       TApplication.ValidateHelpSystem
 0001:0004FB2C       TApplication.WakeMainThread
 0001:0004D9B4       TApplication.WndProc
 0002:00000C74       TaskActiveWindow
 0002:00000C7C       TaskFirstTopMost
 0002:00000C78       TaskFirstWindow
 0002:00000C80       TaskWindowList
 0001:0002C65C       TBaseDragControlObject.Assign
 0001:0002C638       TBaseDragControlObject.Create
 0001:0002C688       TBaseDragControlObject.EndDrag
 0001:0002C6B4       TBaseDragControlObject.Finished
 0001:00018E04       TBasicAction.Change
 0001:00018CA0       TBasicAction.Create
 0001:00018CE4       TBasicAction.Destroy
 0001:00018D70       TBasicAction.Execute
 0001:00018D40       TBasicAction.ExecuteTarget
 0001:00018D3C       TBasicAction.HandlesTarget
 0001:00018D44       TBasicAction.Notification
 0001:00018E18       TBasicAction.RegisterChanges
 0001:00018E64       TBasicAction.SetActionComponent
 0001:00018DA8       TBasicAction.SetOnExecute
 0001:00018E24       TBasicAction.UnRegisterChanges
 0001:00018D8C       TBasicAction.Update
 0001:00018D6C       TBasicAction.UpdateTarget
 0001:00018BF0       TBasicActionLink.AssignClient
 0001:00018C28       TBasicActionLink.Change
 0001:00018BAC       TBasicActionLink.Create
 0001:00018BF4       TBasicActionLink.Destroy
 0001:00018C40       TBasicActionLink.Execute
 0001:00018C88       TBasicActionLink.IsOnExecuteLinked
 0001:00018C5C       TBasicActionLink.SetAction
 0001:00018C8C       TBasicActionLink.SetOnExecute
 0001:00018C94       TBasicActionLink.Update
 0001:00024380       TBevel.Create
 0001:00024554       TBevel.Paint
 0001:00024408       TBevel.SetShape
 0001:000243EC       TBevel.SetStyle
 0001:0001EA48       TBitmap.Assign
 0001:0001EC1C       TBitmap.Changed
 0001:0001EBF8       TBitmap.Changing
 0001:0001EB38       TBitmap.CopyImage
 0001:0001E9A4       TBitmap.Create
 0001:0001EA0C       TBitmap.Destroy
 0001:0001F0A8       TBitmap.DIBNeeded
 0001:0001EC28       TBitmap.Dormant
 0001:0001EC9C       TBitmap.Draw
 0001:0001F11C       TBitmap.FreeContext
 0001:0001EEEC       TBitmap.FreeImage
 0001:0001EF6C       TBitmap.GetCanvas
 0001:0001EF50       TBitmap.GetEmpty
 0001:0001EFB4       TBitmap.GetHandle
 0001:0001EFD8       TBitmap.GetHandleType
 0001:0001F004       TBitmap.GetHeight
 0001:0001F014       TBitmap.GetMaskHandle
 0001:0001F028       TBitmap.GetMonochrome
 0001:0001F044       TBitmap.GetPalette
 0001:0001F058       TBitmap.GetTransparentColor
 0001:0001F0A0       TBitmap.GetWidth
 0001:0001F12C       TBitmap.HandleNeeded
 0001:0001F2E4       TBitmap.LoadFromClipboardFormat
 0001:0001F368       TBitmap.LoadFromStream
 0001:0001F1CC       TBitmap.MaskHandleNeeded
 0001:0001F38C       TBitmap.NewImage
 0001:0001F22C       TBitmap.PaletteNeeded
 0001:0001F48C       TBitmap.ReadData
 0001:0001F4B4       TBitmap.ReadDIB
 0001:0001FA1C       TBitmap.ReadStream
 0001:0002014C       TBitmap.SaveToClipboardFormat
 0001:00020144       TBitmap.SaveToStream
 0001:0001FA8C       TBitmap.SetHandle
 0001:0001FB50       TBitmap.SetHandleType
 0001:0001FC88       TBitmap.SetHeight
 0001:0001FCDC       TBitmap.SetMonochrome
 0001:0001FD5C       TBitmap.SetPalette
 0001:0001FE30       TBitmap.SetWidth
 0001:0001FE84       TBitmap.WriteData
 0001:0001FE8C       TBitmap.WriteStream
 0001:0001DD08       TBitmapCanvas.Create
 0001:0001DE10       TBitmapCanvas.CreateHandle
 0001:0001DD44       TBitmapCanvas.Destroy
 0001:0001DD70       TBitmapCanvas.FreeContext
 0001:0001DF20       TBitmapImage.Destroy
 0001:0001DF7C       TBitmapImage.FreeHandle
 0001:00012D80       TBits.Destroy
 0001:00012DB0       TBits.Error
 0001:00012EA4       TBits.OpenBit
 0001:00012E78       TBits.SetBit
 0001:00012DD4       TBits.SetSize
 0001:0001BA60       TBrush.Assign
 0001:0001B9F8       TBrush.Create
 0001:0001BA38       TBrush.Destroy
 0001:0001BB98       TBrush.GetColor
 0001:0001BB08       TBrush.GetData
 0001:0001BBD4       TBrush.GetHandle
 0001:0001BCB4       TBrush.GetStyle
 0001:0001BB74       TBrush.SetBitmap
 0001:0001BBA0       TBrush.SetColor
 0001:0001BB24       TBrush.SetData
 0001:0001BCBC       TBrush.SetStyle
 0001:00028B80       TButton.Click
 0001:00028D08       TButton.CMDialogChar
 0001:00028C98       TButton.CMDialogKey
 0001:00028D8C       TButton.CMFocusChanged
 0001:00028C84       TButton.CNCommand
 0001:00028E0C       TButton.CNCtlColorBtn
 0001:00028B1C       TButton.Create
 0001:00028C30       TButton.CreateParams
 0001:00028C6C       TButton.CreateWnd
 0001:00028BA8       TButton.SetButtonStyle
 0001:00028BFC       TButton.SetDefault
 0001:00028BA4       TButton.UseRightToLeftAlignment
 0001:00028DE0       TButton.WMEraseBkgnd
 0001:00028888       TButtonActionLink.AssignClient
 0001:000288AC       TButtonActionLink.IsCheckedLinked
 0001:000288E4       TButtonActionLink.SetChecked
 0001:0002899C       TButtonControl.ActionChange
 0001:00028A6C       TButtonControl.CNCtlColorStatic
 0001:00028948       TButtonControl.Create
 0001:00028AE4       TButtonControl.CreateParams
 0001:000289E4       TButtonControl.GetActionLinkClass
 0001:000289EC       TButtonControl.GetChecked
 0001:000289F0       TButtonControl.SetChecked
 0001:00028B08       TButtonControl.SetWordWrap
 0001:00028AB8       TButtonControl.WMEraseBkGnd
 0001:000289F4       TButtonControl.WndProc
 0001:0001C534       TCanvas.BrushChanged
 0001:0001C408       TCanvas.Changed
 0001:0001C3F4       TCanvas.Changing
 0001:0001BE10       TCanvas.CopyRect
 0001:0001BCF0       TCanvas.Create
 0001:0001C478       TCanvas.CreateBrush
 0001:0001C41C       TCanvas.CreateFont
 0001:0001C328       TCanvas.CreateHandle
 0001:0001C448       TCanvas.CreatePen
 0001:0001C2CC       TCanvas.DeselectHandles
 0001:0001BDB4       TCanvas.Destroy
 0001:0001BE98       TCanvas.Draw
 0001:0001BF44       TCanvas.FillRect
 0001:0001C4F4       TCanvas.FontChanged
 0001:0001C2AC       TCanvas.GetHandle
 0001:0001C1F4       TCanvas.GetPenPos
 0001:0001C238       TCanvas.GetPixel
 0001:0001BF80       TCanvas.LineTo
 0001:0001BFB8       TCanvas.Lock
 0001:0001BFE0       TCanvas.MoveTo
 0001:0001C514       TCanvas.PenChanged
 0001:0001C00C       TCanvas.Polyline
 0001:0001C044       TCanvas.Rectangle
 0001:0001C380       TCanvas.RequiredState
 0001:0001C1E8       TCanvas.SetBrush
 0001:0001C1CC       TCanvas.SetFont
 0001:0001C32C       TCanvas.SetHandle
 0001:0001C1DC       TCanvas.SetPen
 0001:0001C218       TCanvas.SetPenPos
 0001:0001C264       TCanvas.SetPixel
 0001:0001C08C       TCanvas.StretchDraw
 0001:0001C0C8       TCanvas.TextExtent
 0001:0001C128       TCanvas.TextHeight
 0001:0001C10C       TCanvas.TextWidth
 0001:0001C148       TCanvas.TryLock
 0001:0001C1A4       TCanvas.Unlock
 0001:0003D178       TChangeLink.Change
 0001:0003D144       TChangeLink.Destroy
 0001:00011E54       TClassFinder.Create
 0001:00011F80       TClassFinder.Destroy
 0001:00011FB0       TClassFinder.GetClass
 0001:000131A4       TCollection.Add
 0001:000131C4       TCollection.Clear
 0001:00023AA4       TCommonDialog.Create
 0001:00023B48       TCommonDialog.DefaultHandler
 0001:00023AEC       TCommonDialog.Destroy
 0001:00023CEC       TCommonDialog.DoClose
 0001:00023D00       TCommonDialog.DoShow
 0001:00023B80       TCommonDialog.MainWndProc
 0001:00023B20       TCommonDialog.MessageHook
 0001:00023C18       TCommonDialog.TaskModalDialog
 0001:00023BD4       TCommonDialog.WMDestroy
 0001:00023BEC       TCommonDialog.WMInitDialog
 0001:00023C04       TCommonDialog.WMNCDestroy
 0001:00023BCC       TCommonDialog.WndProc
 0001:0001845C       TComponent.BeforeDestruction
 0001:0001897C       TComponent.ChangeName
 0001:00018398       TComponent.Create
 0001:00018710       TComponent.DefineProperties
 0001:000183E4       TComponent.Destroy
 0001:000185E0       TComponent.DestroyComponents
 0001:00018638       TComponent.Destroying
 0001:00018AB8       TComponent.ExecuteAction
 0001:000188A0       TComponent.FindComponent
 0001:00018468       TComponent.FreeNotification
 0001:000187A4       TComponent.GetChildOwner
 0001:000187A8       TComponent.GetChildParent
 0001:0001879C       TComponent.GetChildren
 0001:00018990       TComponent.GetComponent
 0001:000189BC       TComponent.GetComponentCount
 0001:000187AC       TComponent.GetNamePath
 0001:000187C0       TComponent.GetOwner
 0001:000187C8       TComponent.GetParentComponent
 0001:00018798       TComponent.HasParent
 0001:000184FC       TComponent.Insert
 0001:00018550       TComponent.InsertComponent
 0001:00018BA8       TComponent.IntfGetComponent
 0001:000187E8       TComponent.Loaded
 0001:000186B4       TComponent.Notification
 0001:000187F4       TComponent.PaletteCreated
 0001:00018B28       TComponent.QueryInterface
 0001:000184BC       TComponent.ReadLeft
 0001:000187F8       TComponent.ReadState
 0001:000184D0       TComponent.ReadTop
 0001:00018528       TComponent.Remove
 0001:000185A8       TComponent.RemoveComponent
 0001:00018698       TComponent.RemoveFreeNotification
 0001:00018674       TComponent.RemoveNotification
 0001:00018B08       TComponent.SafeCallException
 0001:000187C4       TComponent.SetChildOrder
 0001:000189CC       TComponent.SetComponentIndex
 0001:00018A20       TComponent.SetDesigning
 0001:000188F0       TComponent.SetName
 0001:000187CC       TComponent.SetParentComponent
 0001:00018A70       TComponent.SetReference
 0001:00018AE0       TComponent.UpdateAction
 0001:000187DC       TComponent.Updated
 0001:00018B20       TComponent.UpdateRegistry
 0001:000187D0       TComponent.Updating
 0001:00018888       TComponent.ValidateContainer
 0001:0001889C       TComponent.ValidateInsert
 0001:00018808       TComponent.ValidateRename
 0001:000184E4       TComponent.WriteLeft
 0001:00018800       TComponent.WriteState
 0001:000184F0       TComponent.WriteTop
 0001:00018B68       TComponent._AddRef
 0001:00018B88       TComponent._Release
 0001:0003AD44       TContainedAction.Destroy
 0001:0003AEB0       TContainedAction.Execute
 0001:0003AD78       TContainedAction.GetIndex
[...]
 0001:0004F3D0       GetCursorHeightMargin
 0001:0004F524       ValidateHintWindow
 0001:0004F584       MultiLineWidth
 0001:0004F630       TApplication.ActivateHint
 0001:0004F9C4       TApplication.GetCurrentHelpFile
 0001:0004FA00       TApplication.DispatchAction
 0001:0004FA90       TApplication.ExecuteAction
 0001:0004FAB8       TApplication.UpdateAction
 0001:0004FAE0       InitProcs
 0001:0004FB2C       TApplication.WakeMainThread
 0001:0004FB3C       TApplication.HookSynchronizeWakeup
 0001:0004FB4C       TApplication.UnhookSynchronizeWakeup
 0001:0004FB6C       Finalization
 0001:0004FBC8       Forms
 0001:0004FEE0       Replace
 0001:00050088       MakeTwoChar
 0001:0005012C       ProcessFile
 0001:00050748       TForm1.Button1Click
 0001:00050C20       TForm1.AbbrEExit
 0001:00050D80       TForm1.Button2Click
 0001:00050D88       Finalization
 0001:00050DB8       Main
 0001:00050DC0       Finalization
 0001:00050FC8       NewEngin
 0002:00000000       ExitCode
 0002:00000004       ErrorAddr
 0002:00000008       FileMode
 0002:0000000C       VarClearProc
 0002:00000010       VarAddRefProc
 0002:00000014       VarCopyProc
 0002:00000018       VarToLStrProc
 0002:0000001C       VarToWStrProc
 0002:00000020       Default8087CW
 0002:00000024       HeapAllocFlags
 0002:00000028       DebugHook
 0002:0000002C       JITEnable
 0002:00000030       NoErrMsg
 0002:00000034       LibModuleList
 0002:00000038       ModuleUnloadList
 0002:0000003C       MemoryManager
 0002:00000048       reMap
 0002:00000064       errCaption
 0002:0000006C       runErrMsg
 0002:0000008C       dig
 0002:0000009C       TlsIndex
 0002:000000A0       PtrToNil
 0002:000000A4       Module
 0002:000000BC       EmptyStr
 0002:000000C0       EmptyWideStr
 0002:000000C4       Win32Platform
 0002:000000C8       Win32MajorVersion
 0002:000000CC       Win32MinorVersion
 0002:000000D0       Win32BuildNumber
 0002:000000D4       Win32CSDVersion
 0002:000000D8       TwoDigitYearCenturyWindow
 0002:000000DC       MonthDays
 0002:0000010C       LeadBytes
 0002:0000012C       HexDisplayPrefix
 0002:00000130       GetDiskFreeSpaceEx
 0002:00000134       ExitProcList
 0002:00000138       cSimpleBoolStrs
 0002:00000140       AccessMode
 0002:0000014C       ShareMode
 0002:00000160       FormatErrorStrs
 0002:00000168       FCon1E18
 0002:00000174       DCon10
 0002:00000178       CWNear
 0002:0000017C       FMSecsPerDay
 0002:00000180       IMSecsPerDay
 0002:00000184       Format
 0002:00000188       DefShortMonthNames
 0002:000001B8       DefLongMonthNames
 0002:000001E8       DefShortDayNames
 0002:00000204       DefLongDayNames
 0002:00000220       ErrorMap
 0002:00000258       ExceptMap
 0002:00000308       WesternGroups
 0002:0000030C       TerminateProcList
 0002:00000310       CResult
 0002:00000318       NullStrictConvert
 0002:0000031C       NullAsStringValue
 0002:00000320       PackVarCreation
 0002:00000324       BooleanToStringRule
 0002:00000328       CInvalidCustomVariantType
 0002:0000032C       CRangeToType
 0002:00000340       CText
 0002:00000394       CRelationshipToBoolean
 0002:000003A8       BooleanIdents
 0002:000003B0       DotSep
 0002:000003B4       AddDataModule
 0002:000003BC       RemoveDataModule
 0002:000003C4       ApplicationHandleException
 0002:000003CC       ApplicationShowException
 0002:000003D4       WakeMainThread
 0002:000003DC       FilerSignature
 0002:000003E0       NilMethod
 0002:000003E8       SyncList
 0002:000003EC       BlockCode
 0002:000003F0       UtilWindowClass
 0002:00000418       DefFontData
 0002:00000444       DDBsOnly
 0002:00000448       Colors
 0002:000005E8       FontCharsets
 0002:00000678       DefPenData
 0002:00000688       PenStyles
 0002:00000698       DefBrushData
 0002:000006A8       PenModes
 0002:000006C8       ClipboardFormats
 0002:000006CC       FileFormats
 0002:000006D0       BitmapCanvasList
 0002:000006D4       DIBPalSizes
 0002:000006D8       PalSize
 0002:000006DC       Pal16
 0002:0000071C       FPrinter
 0002:00000720       CreationControl
 0002:00000724       WndProcPtrAtom
 0002:00000728       Captions
 0002:0000073C       ButtonNames
 0002:00000768       ButtonCaptions
 0002:00000794       ColorToPretyName
 0002:0000090C       BitBtnCaptions
 0002:00000938       Values
 0002:00000940       Values
 0002:00000948       MAPIDLL
 0002:0000094C       MAPIModule
 0002:00000950       RTFConversionFormat
 0002:0000095C       TextConversionFormat
 0002:00000968       ThemeServicesClass
 0002:0000096C       Copyright
 0002:00000970       ThemeDataNames
 0002:000009D0       BorderStyles
 0002:000009D8       Alignments
 0002:000009E0       WordWraps
 0002:000009E4       WordWraps
 0002:000009E8       Passwords
 0002:000009F0       ReadOnlys
 0002:000009F8       CharCases
 0002:00000A04       HideSelections
 0002:00000A0C       OEMConverts
 0002:00000A14       ButtonStyles
 0002:00000A1C       AnimateWindowProc
 0002:00000A20       CreationControl
 0002:00000A24       DefaultDockTreeClass
 0002:00000A28       AnchorAlign
 0002:00000A30       Cursors
 0002:00000AE0       CaptureControl
 0002:00000AE4       ShowFlags
 0002:00000AE8       WindowPos
 0002:00000AEC       InnerStyles
 0002:00000AFC       OuterStyles
 0002:00000B0C       EdgeStyles
 0002:00000B1C       Ctl3DStyles
 0002:00000B24       AnimationStyle
 0002:00000B30       OrientArray
 0002:00000B38       MakeLast
 0002:00000B40       TreeStreamEndFlag
 0002:00000B44       SizeCursors
 0002:00000B4C       IMM32DLL
 0002:00000B50       ModeMap
 0002:00000B58       DrawingStyles
 0002:00000B68       Images
 0002:00000B70       Mask
 0002:00000B78       ValidMenuHotkeys
 0002:00000B7C       cMenuAutoFlagToItem
 0002:00000B80       cItemAutoFlagToMenu
 0002:00000B84       cBooleanToItemAutoFlag
 0002:00000B88       cItemAutoFlagToBoolean
 0002:00000B8C       MenuKeyCaps
 0002:00000BD4       Checks
 0002:00000BDC       Enables
 0002:00000BE4       Breaks
 0002:00000BF0       Separators
 0002:00000BF8       IBreaks
 0002:00000C04       IChecks
 0002:00000C0C       IDefaults
 0002:00000C14       IEnables
 0002:00000C1C       IRadios
 0002:00000C24       ISeparators
 0002:00000C2C       IRTL
 0002:00000C34       IOwnerDraw
 0002:00000C3C       Alignments
 0002:00000C44       EdgeStyle
 0002:00000C4C       Alignments
 0002:00000C54       Flags
 0002:00000C60       Buttons
 0002:00000C64       HintWindowClass
 0002:00000C68       SetLayeredWindowAttributes
 0002:00000C6C       FocusMessages
 0002:00000C70       FocusCount
 0002:00000C74       TaskActiveWindow
 0002:00000C78       TaskFirstWindow
 0002:00000C7C       TaskFirstTopMost
 0002:00000C80       TaskWindowList
 0002:00000C84       SysConsts
 0002:00000C8C       SysConsts
 0002:00000C94       Props
 0002:00000CBC       Styles
 0002:00000CC8       ShowCommands
 0002:00000CD4       ShowCommands
 0002:00000CE0       ShowCommands
 0002:00000CEC       cUseAlpha
 0002:00000CF4       cUseColorKey
 0002:00000CFC       CursorMap
 0002:00000D50       WindowClass
 0002:00000D78       AppVisible
 0002:00000D7C       ShowFlags
 0002:00002000       DispCallByIDProc
 0002:00002004       ExceptProc
 0002:00002008       ErrorProc
 0002:0000200C       ExceptClsProc
 0002:00002010       ExceptObjProc
 0002:00002014       RaiseExceptionProc
 0002:00002018       RTLUnwindProc
 0002:0000201C       ExceptionClass
 0002:00002020       AssertErrorProc
 0002:00002024       ExitProcessProc
 0002:00002028       AbstractErrorProc
 0002:0000202C       MainInstance
 0002:00002030       MainThreadID
 0002:00002034       IsLibrary
 0002:00002038       CmdShow
 0002:0000203C       CmdLine
 0002:00002040       InitProc
 0002:00002044       ExitProc
 0002:00002048       IsConsole
 0002:00002049       IsMultiThread
 0002:0000204A       Test8086
 0002:0000204C       Input
 0002:00002218       Output
 0002:000023E4       ErrOutput
 0002:000025B0       AllocMemCount
 0002:000025B4       AllocMemSize
 0002:000025B8       .5
 0002:000025BC       DefaultUserCodePage
 0002:000025C0       initialized
 0002:000025C4       heapErrorCode
 0002:000025C8       heapLock
 0002:000025E0       blockDescBlockList
 0002:000025E4       blockDescFreeList
 0002:000025E8       spaceRoot
 0002:000025F8       decommittedRoot
 0002:00002608       avail
 0002:00002614       rover
 0002:00002618       remBytes
 0002:0000261C       curAlloc
 0002:00002620       smallTab
 0002:00002624       committedRoot
 0002:00002634       InitContext
 0002:00002660       ModuleIsLib
 0002:00002661       ModuleIsCpp
 0002:00002664       HInstance
 0002:00002668       .1
 0002:0000266C       tlsBuffer
 0002:00002670       .1
 0002:00002674       .3
 0002:00002678       .1
 0002:0000267C       .1
 0002:00002680       CurrencyString
 0002:00002684       CurrencyFormat
 0002:00002685       NegCurrFormat
 0002:00002686       ThousandSeparator
 0002:00002687       DecimalSeparator
 0002:00002688       CurrencyDecimals
 0002:00002689       DateSeparator
 0002:0000268C       ShortDateFormat
 0002:00002690       LongDateFormat
 0002:00002694       TimeSeparator
 0002:00002698       TimeAMString
 0002:0000269C       TimePMString
 0002:000026A0       ShortTimeFormat
 0002:000026A4       LongTimeFormat
 0002:000026A8       ShortMonthNames
 0002:000026D8       LongMonthNames
 0002:00002708       ShortDayNames
 0002:00002724       LongDayNames
 0002:00002740       SysLocale
 0002:0000274E       ListSeparator
 0002:00002750       EraNames
 0002:0000276C       EraYearOffsets
 0002:00002788       TrueBoolStrs
 0002:0000278C       FalseBoolStrs
 0002:00002790       .35
 0002:00002794       OutOfMemory
 0002:00002798       InvalidPointer
 0002:0000279C       FLanguages
 0002:000027A0       VariantChangeTypeEx
 0002:000027A4       VarNeg
 0002:000027A8       VarNot
 0002:000027AC       VarAdd
 0002:000027B0       VarSub
 0002:000027B4       VarMul
 0002:000027B8       VarDiv
 0002:000027BC       VarIDiv
 0002:000027C0       VarMod
 0002:000027C4       VarAnd
 0002:000027C8       VarOr
 0002:000027CC       VarXor
 0002:000027D0       VarCmp
 0002:000027D4       VarI4FromStr
 0002:000027D8       VarR4FromStr
 0002:000027DC       VarR8FromStr
 0002:000027E0       VarDateFromStr
 0002:000027E4       VarCyFromStr
 0002:000027E8       VarBoolFromStr
 0002:000027EC       VarBstrFromCy
 0002:000027F0       VarBstrFromDate
 0002:000027F4       VarBstrFromBool
 0002:000027F8       .5
 0002:000027FC       EmptyParam
 0002:0000280C       VarDispProc
 0002:00002810       ClearAnyProc
 0002:00002814       ChangeAnyProc
 0002:00002818       RefAnyProc
 0002:0000281C       .81
 0002:00002820       LVarTypes
 0002:00002824       LVarTypeSync
 0002:0000283C       .1
 0002:00002840       .6
 0002:00002844       .3
 0002:00002848       GlobalNameSpace
 0002:0000284C       IsUniqueGlobalComponentNameProc
 0002:00002850       SyncEvent
 0002:00002854       .45
 0002:00002858       IntConstList
 0002:0000285C       RegGroups
 0002:00002860       FindGlobalComponentProcs
 0002:00002864       GlobalFixupList
 0002:00002868       ThreadLock
 0002:00002880       InstBlockList
 0002:00002884       InstFreeList
 0002:00002888       .1
 0002:0000288C       SystemPalette16
 0002:00002890       .12
 0002:00002894       ScreenLogPixels
 0002:00002898       StockPen
 0002:0000289C       StockBrush
 0002:000028A0       StockFont
 0002:000028A4       StockIcon
 0002:000028A8       BitmapImageLock
 0002:000028C0       CounterLock
 0002:000028D8       FontManager
 0002:000028DC       PenManager
 0002:000028E0       BrushManager
 0002:000028E4       CanvasList
 0002:000028E8       PatternManager
 0002:000028EC       .2
 0002:000028F0       .21
 0002:000028F4       .1
 0002:000028F8       GetSystemMetrics
 0002:000028FC       MonitorFromWindow
 0002:00002900       MonitorFromRect
 0002:00002904       MonitorFromPoint
 0002:00002908       GetMonitorInfo
 0002:0000290C       GetMonitorInfoA
 0002:00002910       GetMonitorInfoW
 0002:00002914       EnumDisplayMonitors
 0002:00002918       .1
 0002:0000291C       User32Dll
 0002:00002920       InitApis
 0002:00002928       MMAvailable
 0002:0000292C       .1
 0002:00002930       .2
 0002:00002934       HelpManager
 0002:00002938       .3
 0002:0000293C       .3
 0002:00002940       FlatSB_EnableScrollBar
 0002:00002944       FlatSB_ShowScrollBar
 0002:00002948       FlatSB_GetScrollRange
 0002:0000294C       FlatSB_GetScrollInfo
 0002:00002950       FlatSB_GetScrollPos
 0002:00002954       FlatSB_SetScrollPos
 0002:00002958       FlatSB_SetScrollInfo
 0002:0000295C       FlatSB_SetScrollRange
 0002:00002960       .1
 0002:00002964       _FlatSB_GetScrollProp
 0002:00002968       _FlatSB_SetScrollProp
 0002:0000296C       _InitializeFlatSB
 0002:00002970       _UninitializeFlatSB
 0002:00002974       .6
 0002:00002978       OpenThemeData
 0002:0000297C       CloseThemeData
 0002:00002980       DrawThemeBackground
 0002:00002984       DrawThemeText
 0002:00002988       GetThemeBackgroundContentRect
 0002:0000298C       GetThemeBackgroundExtent
 0002:00002990       GetThemePartSize
 0002:00002994       GetThemeTextExtent
 0002:00002998       GetThemeTextMetrics
 0002:0000299C       GetThemeBackgroundRegion
 0002:000029A0       HitTestThemeBackground
 0002:000029A4       DrawThemeEdge
 0002:000029A8       DrawThemeIcon
 0002:000029AC       IsThemePartDefined
 0002:000029B0       IsThemeBackgroundPartiallyTransparent
 0002:000029B4       GetThemeColor
 0002:000029B8       GetThemeMetric
 0002:000029BC       GetThemeString
 0002:000029C0       GetThemeBool
 0002:000029C4       GetThemeInt
 0002:000029C8       GetThemeEnumValue
 0002:000029CC       GetThemePosition
 0002:000029D0       GetThemeFont
 0002:000029D4       GetThemeRect
 0002:000029D8       GetThemeMargins
 0002:000029DC       GetThemeIntList
 0002:000029E0       GetThemePropertyOrigin
 0002:000029E4       SetWindowTheme
 0002:000029E8       GetThemeFilename
 0002:000029EC       GetThemeSysColor
 0002:000029F0       GetThemeSysColorBrush
 0002:000029F4       GetThemeSysBool
 0002:000029F8       GetThemeSysSize
 0002:000029FC       GetThemeSysFont
 0002:00002A00       GetThemeSysString
 0002:00002A04       GetThemeSysInt
 0002:00002A08       IsThemeActive
 0002:00002A0C       IsAppThemed
 0002:00002A10       GetWindowTheme
 0002:00002A14       EnableThemeDialogTexture
 0002:00002A18       IsThemeDialogTextureEnabled
 0002:00002A1C       GetThemeAppProperties
 0002:00002A20       SetThemeAppProperties
 0002:00002A24       GetCurrentThemeName
 0002:00002A28       GetThemeDocumentationProperty
 0002:00002A2C       DrawThemeParentBackground
 0002:00002A30       EnableTheming
 0002:00002A34       .1
 0002:00002A38       ThemeLibrary
 0002:00002A3C       ReferenceCount
 0002:00002A40       Lock
 0002:00002A44       .1
 0002:00002A48       .4
 0002:00002A4C       .1
 0002:00002A50       .1
 0002:00002A54       .1
 0002:00002A58       .1
 0002:00002A5C       .1
 0002:00002A60       .1
 0002:00002A64       .1
 0002:00002A68       .11
 0002:00002A6C       HelpMsg
 0002:00002A70       FindMsg
 0002:00002A74       .12
 0002:00002A78       .1
 0002:00002A7C       CF_PICTURE
 0002:00002A7E       CF_COMPONENT
 0002:00002A80       .2
 0002:00002A84       FClipboard
 0002:00002A88       .1
 0002:00002A8C       .4
 0002:00002A90       BitBtnGlyphs
 0002:00002ABC       .3
 0002:00002AC0       .8
 0002:00002AC4       .5
 0002:00002AC8       .1
 0002:00002ACC       .72
 0002:00002AD0       UrlMonHandle
 0002:00002AD4       UrlMonInitialized
 0002:00002AD8       .8
 0002:00002ADC       .36
 0002:00002AE0       ShellModule
 0002:00002AE4       FRichEditModule
 0002:00002AE8       ComCtlVersion
 0002:00002AEC       .2
 0002:00002AF0       InternalServices
 0002:00002AF4       .42
 0002:00002AF8       .73
 0002:00002AFC       WinHelpTester
 0002:00002B00       ViewerName
 0002:00002B04       .1
 0002:00002B08       HelpViewer
 0002:00002B0C       HelpViewerIntf
 0002:00002B10       Mouse
 0002:00002B14       NewStyleControls
 0002:00002B18       .72
 0002:00002B1C       WindowAtom
 0002:00002B1E       ControlAtom
 0002:00002B20       WindowAtomString
 0002:00002B24       ControlAtomString
 0002:00002B28       RM_GetObjectInstance
 0002:00002B2C       DragControl
 0002:00002B30       DragObject
 0002:00002B34       DragInternalObject
 0002:00002B38       DragCapture
 0002:00002B3C       DragStartPos
 0002:00002B44       DragSaveCursor
 0002:00002B48       DragThreshold
 0002:00002B4C       ActiveDrag
 0002:00002B50       DragImageList
 0002:00002B54       DockSiteList
 0002:00002B58       QualifyingSites
 0002:00002B5C       DragSave
 0002:00002B60       CanvasList
 0002:00002B64       _WINNLSEnableIME
 0002:00002B68       _ImmGetContext
 0002:00002B6C       _ImmReleaseContext
 0002:00002B70       _ImmGetConversionStatus
 0002:00002B74       _ImmSetConversionStatus
 0002:00002B78       _ImmSetOpenStatus
 0002:00002B7C       _ImmSetCompositionWindow
 0002:00002B80       _ImmSetCompositionFont
 0002:00002B84       _ImmGetCompositionString
 0002:00002B88       _ImmIsIME
 0002:00002B8C       _ImmNotifyIME
 0002:00002B90       .8
 0002:00002B94       .3
 0002:00002B98       CachedComCtrlVer
 0002:00002B9C       ImageListWriteExProc
 0002:00002BA0       PopupList
 0002:00002BA4       ShortCutItems
 0002:00002BA8       .9
 0002:00002BAC       CommandPool
 0002:00002BB0       Application
 0002:00002BB4       Screen
 0002:00002BB8       .41
 0002:00002BBC       RM_TaskbarCreated
 0002:00002BC0       HintThreadID
 0002:00002BC4       HintDoneEvent
 0002:00002BC8       HintHook
 0002:00002BCC       HintThread
 0002:00002BD0       Form1
 0002:00002BD4       .2


Line numbers for Main(Main.pas) segment .text

    65 0001:0004FEE0    67 0001:0004FF17    66 0001:0004FF33    68 0001:0004FF44
    69 0001:0004FF46    71 0001:0004FF52    72 0001:0004FF56    73 0001:0004FF69
    75 0001:0004FF9E    76 0001:0004FFA2    77 0001:0004FFA4    72 0001:0004FFA5
    78 0001:0004FFA8    80 0001:0004FFB2    82 0001:0004FFF1    83 0001:00050004
    82 0001:00050019    84 0001:0005001C    86 0001:00050036    69 0001:00050037
    88 0001:00050072    99 0001:00050088   100 0001:000500B1   101 0001:000500B8
   102 0001:000500CB   101 0001:000500F1   103 0001:00050116   105 0001:0005012C
   106 0001:0005015D   107 0001:0005016B   108 0001:00050190   109 0001:000501A2
   110 0001:000501B8   112 0001:000501C4   113 0001:000501F6   114 0001:00050232
   115 0001:0005026E   116 0001:000502AA   117 0001:000502CC   118 0001:000502EE
   119 0001:00050310   120 0001:0005034D   121 0001:0005038A   122 0001:000503BC
   123 0001:000503F8   125 0001:00050434   126 0001:0005044E   128 0001:00050452
   129 0001:00050461   131 0001:0005047E   132 0001:000504AF   133 0001:000504C2
   135 0001:000504C9   136 0001:000505A4   138 0001:00050748   139 0001:0005077D
   145 0001:000508C8   146 0001:000508DB   147 0001:000508EB   150 0001:000508F0
   151 0001:00050919   152 0001:00050923   153 0001:00050941   154 0001:0005097D
   157 0001:0005098A   160 0001:000509A8   161 0001:000509D1   163 0001:000509D6
   164 0001:000509DF   165 0001:000509EC   161 0001:000509F7   167 0001:000509FC
   169 0001:00050A07   171 0001:00050A14   173 0001:00050A61   174 0001:00050B76
   177 0001:00050C20   178 0001:00050C3D   179 0001:00050C55   180 0001:00050C71
   181 0001:00050C8D   182 0001:00050CA9   183 0001:00050CD2   184 0001:00050CFB
   185 0001:00050D46   189 0001:00050D80   190 0001:00050D85   192 0001:00050DB8
   192 0001:00050DBF

Line numbers for NewEngin(D:\Program Files\3thplugins\FastReport.v253.FS\Source\newengin\NewEngin.dpr) segment .text

     9 0001:00050FC8    10 0001:00050FD8    11 0001:00050FE4    12 0001:00050FFC
    13 0001:00051008

Bound resource files

c:\program files\borland\delphi7\Lib\Buttons.res
c:\program files\borland\delphi7\Lib\ExtDlgs.res
c:\program files\borland\delphi7\Lib\Controls.res
Main.DFM
NewEngin.RES
NewEngin.drf


Program entry point at 0001:00050FC8
