
 Start         Length     Name                   Class
 0001:00000000 000E4D98H .text                   CODE
 0002:00000000 000037FCH .data                   DATA
 0002:000037FC 00002491H .bss                    BSS


Detailed map of segments

 0001:00000000 000055C3 C=CODE     S=.text    G=(none)   M=System   ACBP=A9
 0001:000055C4 000001CC C=CODE     S=.text    G=(none)   M=SysInit  ACBP=A9
 0001:00005790 00000078 C=CODE     S=.text    G=(none)   M=Types    ACBP=A9
 0001:00005808 00000E5C C=CODE     S=.text    G=(none)   M=Windows  ACBP=A9
 0001:00006664 00000038 C=CODE     S=.text    G=(none)   M=Messages ACBP=A9
 0001:0000669C 00000388 C=CODE     S=.text    G=(none)   M=SysConst ACBP=A9
 0001:00006A24 00007378 C=CODE     S=.text    G=(none)   M=SysUtils ACBP=A9
 0001:0000DD9C 00000823 C=CODE     S=.text    G=(none)   M=VarUtils ACBP=A9
 0001:0000E5C0 00009C06 C=CODE     S=.text    G=(none)   M=Variants ACBP=A9
 0001:000181C8 00000158 C=CODE     S=.text    G=(none)   M=RTLConsts ACBP=A9
 0001:00018320 0000192C C=CODE     S=.text    G=(none)   M=TypInfo  ACBP=A9
 0001:00019C4C 000000A0 C=CODE     S=.text    G=(none)   M=ActiveX  ACBP=A9
 0001:00019CEC 0000C84A C=CODE     S=.text    G=(none)   M=Classes  ACBP=A9
 0001:00026538 00000330 C=CODE     S=.text    G=(none)   M=Consts   ACBP=A9
 0001:00026868 00009D43 C=CODE     S=.text    G=(none)   M=Graphics ACBP=A9
 0001:000305AC 00000048 C=CODE     S=.text    G=(none)   M=Math     ACBP=A9
 0001:000305F4 000002B8 C=CODE     S=.text    G=(none)   M=Contnrs  ACBP=A9
 0001:000308AC 000000FC C=CODE     S=.text    G=(none)   M=CommCtrl ACBP=A9
 0001:000309A8 00000787 C=CODE     S=.text    G=(none)   M=MultiMon ACBP=A9
 0001:00031130 00000038 C=CODE     S=.text    G=(none)   M=Imm      ACBP=A9
 0001:00031168 00000FF8 C=CODE     S=.text    G=(none)   M=HelpIntfs ACBP=A9
 0001:00032160 00000058 C=CODE     S=.text    G=(none)   M=WinSpool ACBP=A9
 0001:000321B8 00001128 C=CODE     S=.text    G=(none)   M=Printers ACBP=A9
 0001:000332E0 0000031F C=CODE     S=.text    G=(none)   M=FlatSB   ACBP=A9
 0001:00033600 000001A4 C=CODE     S=.text    G=(none)   M=SyncObjs ACBP=A9
 0001:000337A4 000009BB C=CODE     S=.text    G=(none)   M=UxTheme  ACBP=A9
 0001:00034160 00000038 C=CODE     S=.text    G=(none)   M=RichEdit ACBP=A9
 0001:00034198 00000038 C=CODE     S=.text    G=(none)   M=ToolWin  ACBP=A9
 0001:000341D0 00000040 C=CODE     S=.text    G=(none)   M=ShellAPI ACBP=A9
 0001:00034210 00000038 C=CODE     S=.text    G=(none)   M=RegStr   ACBP=A9
 0001:00034248 00000038 C=CODE     S=.text    G=(none)   M=WinInet  ACBP=A9
 0001:00034280 00000038 C=CODE     S=.text    G=(none)   M=UrlMon   ACBP=A9
 0001:000342B8 0000006C C=CODE     S=.text    G=(none)   M=ShlObj   ACBP=A9
 0001:00034324 00000050 C=CODE     S=.text    G=(none)   M=CommDlg  ACBP=A9
 0001:00034374 00000038 C=CODE     S=.text    G=(none)   M=Dlgs     ACBP=A9
 0001:000343AC 00001B35 C=CODE     S=.text    G=(none)   M=Dialogs  ACBP=A9
 0001:00035EE4 00003112 C=CODE     S=.text    G=(none)   M=ExtCtrls ACBP=A9
 0001:00038FF8 00000038 C=CODE     S=.text    G=(none)   M=ComStrs  ACBP=A9
 0001:00039030 00000094 C=CODE     S=.text    G=(none)   M=Clipbrd  ACBP=A9
 0001:000390C4 00000038 C=CODE     S=.text    G=(none)   M=StrUtils ACBP=A9
 0001:000390FC 000003DD C=CODE     S=.text    G=(none)   M=Buttons  ACBP=A9
 0001:000394DC 00000038 C=CODE     S=.text    G=(none)   M=ExtDlgs  ACBP=A9
 0001:00039514 00000068 C=CODE     S=.text    G=(none)   M=IniFiles ACBP=A9
 0001:0003957C 00000B84 C=CODE     S=.text    G=(none)   M=Registry ACBP=A9
 0001:0003A100 0000006C C=CODE     S=.text    G=(none)   M=Mapi     ACBP=A9
 0001:0003A16C 00000058 C=CODE     S=.text    G=(none)   M=ExtActns ACBP=A9
 0001:0003A1C4 00000038 C=CODE     S=.text    G=(none)   M=ListActns ACBP=A9
 0001:0003A1FC 00000180 C=CODE     S=.text    G=(none)   M=ComCtrls ACBP=A9
 0001:0003A37C 00000AF4 C=CODE     S=.text    G=(none)   M=Themes   ACBP=A9
 0001:0003AE70 0000C084 C=CODE     S=.text    G=(none)   M=StdCtrls ACBP=A9
 0001:00046EF4 00000168 C=CODE     S=.text    G=(none)   M=StdActns ACBP=A9
 0001:0004705C 00000D1F C=CODE     S=.text    G=(none)   M=WinHelpViewer ACBP=A9
 0001:00047D7C 0001127B C=CODE     S=.text    G=(none)   M=Controls ACBP=A9
 0001:00058FF8 00001292 C=CODE     S=.text    G=(none)   M=ActnList ACBP=A9
 0001:0005A28C 00001B9C C=CODE     S=.text    G=(none)   M=ImgList  ACBP=A9
 0001:0005BE28 00006639 C=CODE     S=.text    G=(none)   M=Menus    ACBP=A9
 0001:00062464 0000CD30 C=CODE     S=.text    G=(none)   M=Forms    ACBP=A9
 0001:0006F194 000009E0 C=CODE     S=.text    G=(none)   M=MaskUtils ACBP=A9
 0001:0006FB74 00000070 C=CODE     S=.text    G=(none)   M=DateUtils ACBP=A9
 0001:0006FBE4 00000260 C=CODE     S=.text    G=(none)   M=DBConsts ACBP=A9
 0001:0006FE44 00000F67 C=CODE     S=.text    G=(none)   M=SqlTimSt ACBP=A9
 0001:00070DAC 00004AEF C=CODE     S=.text    G=(none)   M=FMTBcd   ACBP=A9
 0001:0007589C 00000058 C=CODE     S=.text    G=(none)   M=ComConst ACBP=A9
 0001:000758F4 00000E65 C=CODE     S=.text    G=(none)   M=ComObj   ACBP=A9
 0001:0007675C 00013898 C=CODE     S=.text    G=(none)   M=DB       ACBP=A9
 0001:00089FF4 00003FC8 C=CODE     S=.text    G=(none)   M=DBCommon ACBP=A9
 0001:0008DFBC 00003D04 C=CODE     S=.text    G=(none)   M=BDE      ACBP=A9
 0001:00091CC0 00000068 C=CODE     S=.text    G=(none)   M=SMINTF   ACBP=A9
 0001:00091D28 00000110 C=CODE     S=.text    G=(none)   M=bdeconst ACBP=A9
 0001:00091E38 0000E768 C=CODE     S=.text    G=(none)   M=DBTables ACBP=A9
 0001:000A05A0 00000450 C=CODE     S=.text    G=(none)   M=FR_DSet  ACBP=A9
 0001:000A09F0 0000011C C=CODE     S=.text    G=(none)   M=FR_DBRel ACBP=A9
 0001:000A0B0C 00000038 C=CODE     S=.text    G=(none)   M=FR_Const ACBP=A9
 0001:000A0B44 0000210C C=CODE     S=.text    G=(none)   M=FR_Ctrls ACBP=A9
 0001:000A2C50 00000994 C=CODE     S=.text    G=(none)   M=FR_Dock  ACBP=A9
 0001:000A35E4 000020D0 C=CODE     S=.text    G=(none)   M=FR_Pars  ACBP=A9
 0001:000A56B4 00002994 C=CODE     S=.text    G=(none)   M=FR_Intrp ACBP=A9
 0001:000A8048 000029C0 C=CODE     S=.text    G=(none)   M=FR_Utils ACBP=A9
 0001:000AAA08 000007C0 C=CODE     S=.text    G=(none)   M=FR_FmtEd ACBP=A9
 0001:000AB1C8 00000D7A C=CODE     S=.text    G=(none)   M=FR_Prntr ACBP=A9
 0001:000ABF44 00000A90 C=CODE     S=.text    G=(none)   M=FR_PrDlg ACBP=A9
 0001:000AC9D4 000002F4 C=CODE     S=.text    G=(none)   M=FR_passw ACBP=A9
 0001:000ACCC8 00000050 C=CODE     S=.text    G=(none)   M=JConsts  ACBP=A9
 0001:000ACD18 000133EC C=CODE     S=.text    G=(none)   M=jpeg     ACBP=A9
 0001:000C0104 000003D8 C=CODE     S=.text    G=(none)   M=FR_Srch  ACBP=A9
 0001:000C04DC 00003CA4 C=CODE     S=.text    G=(none)   M=FR_View  ACBP=A9
 0001:000C4180 000002EC C=CODE     S=.text    G=(none)   M=FR_progr ACBP=A9
 0001:000C446C 0001FD12 C=CODE     S=.text    G=(none)   M=FR_Class ACBP=A9
 0001:000E4180 0000061C C=CODE     S=.text    G=(none)   M=FR_DBSet ACBP=A9
 0001:000E479C 000002DC C=CODE     S=.text    G=(none)   M=FormDLL  ACBP=A9
 0001:000E4A78 0000031D C=CODE     S=.text    G=(none)   M=RptDLL   ACBP=A9
 0002:00000000 0000009C C=DATA     S=.data    G=DGROUP   M=System   ACBP=A9
 0002:0000009C 00000030 C=DATA     S=.data    G=DGROUP   M=SysInit  ACBP=A9
 0002:000000CC 00000270 C=DATA     S=.data    G=DGROUP   M=SysUtils ACBP=A9
 0002:0000033C 00000110 C=DATA     S=.data    G=DGROUP   M=VarUtils ACBP=A9
 0002:0000044C 000001BA C=DATA     S=.data    G=DGROUP   M=Variants ACBP=A9
 0002:00000608 0000000C C=DATA     S=.data    G=DGROUP   M=TypInfo  ACBP=A9
 0002:00000614 00000010 C=DATA     S=.data    G=DGROUP   M=ActiveX  ACBP=A9
 0002:00000624 00000064 C=DATA     S=.data    G=DGROUP   M=Classes  ACBP=A9
 0002:00000688 0000030C C=DATA     S=.data    G=DGROUP   M=Graphics ACBP=A9
 0002:00000994 00000004 C=DATA     S=.data    G=DGROUP   M=Printers ACBP=A9
 0002:00000998 000000D4 C=DATA     S=.data    G=DGROUP   M=Dialogs  ACBP=A9
 0002:00000A6C 0000018C C=DATA     S=.data    G=DGROUP   M=ExtCtrls ACBP=A9
 0002:00000BF8 0000002C C=DATA     S=.data    G=DGROUP   M=Buttons  ACBP=A9
 0002:00000C24 00000008 C=DATA     S=.data    G=DGROUP   M=IniFiles ACBP=A9
 0002:00000C2C 00000008 C=DATA     S=.data    G=DGROUP   M=Registry ACBP=A9
 0002:00000C34 00000008 C=DATA     S=.data    G=DGROUP   M=Mapi     ACBP=A9
 0002:00000C3C 00000018 C=DATA     S=.data    G=DGROUP   M=ComCtrls ACBP=A9
 0002:00000C54 00000068 C=DATA     S=.data    G=DGROUP   M=Themes   ACBP=A9
 0002:00000CBC 00000128 C=DATA     S=.data    G=DGROUP   M=StdCtrls ACBP=A9
 0002:00000DE4 0000013C C=DATA     S=.data    G=DGROUP   M=Controls ACBP=A9
 0002:00000F20 00000020 C=DATA     S=.data    G=DGROUP   M=ImgList  ACBP=A9
 0002:00000F40 000000EC C=DATA     S=.data    G=DGROUP   M=Menus    ACBP=A9
 0002:0000102C 00000124 C=DATA     S=.data    G=DGROUP   M=Forms    ACBP=A9
 0002:00001150 00000005 C=DATA     S=.data    G=DGROUP   M=MaskUtils ACBP=A9
 0002:00001158 0000003C C=DATA     S=.data    G=DGROUP   M=SqlTimSt ACBP=A9
 0002:00001194 00000065 C=DATA     S=.data    G=DGROUP   M=FMTBcd   ACBP=A9
 0002:000011FC 00000030 C=DATA     S=.data    G=DGROUP   M=ComObj   ACBP=A9
 0002:0000122C 00000186 C=DATA     S=.data    G=DGROUP   M=DB       ACBP=A9
 0002:000013B4 0000001C C=DATA     S=.data    G=DGROUP   M=DBCommon ACBP=A9
 0002:000013D0 00000C50 C=DATA     S=.data    G=DGROUP   M=BDE      ACBP=A9
 0002:00002020 00000010 C=DATA     S=.data    G=DGROUP   M=SMINTF   ACBP=A9
 0002:00002030 00000120 C=DATA     S=.data    G=DGROUP   M=DBTables ACBP=A9
 0002:00002150 00000012 C=DATA     S=.data    G=DGROUP   M=FR_Ctrls ACBP=A9
 0002:00002164 00000010 C=DATA     S=.data    G=DGROUP   M=FR_Utils ACBP=A9
 0002:00002174 00000430 C=DATA     S=.data    G=DGROUP   M=FR_Prntr ACBP=A9
 0002:000025A4 00000908 C=DATA     S=.data    G=DGROUP   M=jpeg     ACBP=A9
 0002:00002EAC 00000009 C=DATA     S=.data    G=DGROUP   M=FR_View  ACBP=A9
 0002:00002EB8 00000274 C=DATA     S=.data    G=DGROUP   M=FR_Class ACBP=A9
 0002:00004000 00000664 C=BSS      S=.bss     G=DGROUP   M=System   ACBP=A9
 0002:00004664 00000014 C=BSS      S=.bss     G=DGROUP   M=SysInit  ACBP=A9
 0002:00004678 00000004 C=BSS      S=.bss     G=DGROUP   M=Types    ACBP=A9
 0002:0000467C 00000004 C=BSS      S=.bss     G=DGROUP   M=Windows  ACBP=A9
 0002:00004680 00000004 C=BSS      S=.bss     G=DGROUP   M=Messages ACBP=A9
 0002:00004684 00000004 C=BSS      S=.bss     G=DGROUP   M=SysConst ACBP=A9
 0002:00004688 00000120 C=BSS      S=.bss     G=DGROUP   M=SysUtils ACBP=A9
 0002:000047A8 0000005C C=BSS      S=.bss     G=DGROUP   M=VarUtils ACBP=A9
 0002:00004804 00000040 C=BSS      S=.bss     G=DGROUP   M=Variants ACBP=A9
 0002:00004844 00000004 C=BSS      S=.bss     G=DGROUP   M=RTLConsts ACBP=A9
 0002:00004848 00000004 C=BSS      S=.bss     G=DGROUP   M=TypInfo  ACBP=A9
 0002:0000484C 00000004 C=BSS      S=.bss     G=DGROUP   M=ActiveX  ACBP=A9
 0002:00004850 00000040 C=BSS      S=.bss     G=DGROUP   M=Classes  ACBP=A9
 0002:00004890 00000004 C=BSS      S=.bss     G=DGROUP   M=Consts   ACBP=A9
 0002:00004894 00000060 C=BSS      S=.bss     G=DGROUP   M=Graphics ACBP=A9
 0002:000048F4 00000004 C=BSS      S=.bss     G=DGROUP   M=Math     ACBP=A9
 0002:000048F8 00000004 C=BSS      S=.bss     G=DGROUP   M=Contnrs  ACBP=A9
 0002:000048FC 00000004 C=BSS      S=.bss     G=DGROUP   M=CommCtrl ACBP=A9
 0002:00004900 00000031 C=BSS      S=.bss     G=DGROUP   M=MultiMon ACBP=A9
 0002:00004934 00000004 C=BSS      S=.bss     G=DGROUP   M=Imm      ACBP=A9
 0002:00004938 00000008 C=BSS      S=.bss     G=DGROUP   M=HelpIntfs ACBP=A9
 0002:00004940 00000004 C=BSS      S=.bss     G=DGROUP   M=WinSpool ACBP=A9
 0002:00004944 00000004 C=BSS      S=.bss     G=DGROUP   M=Printers ACBP=A9
 0002:00004948 00000034 C=BSS      S=.bss     G=DGROUP   M=FlatSB   ACBP=A9
 0002:0000497C 00000004 C=BSS      S=.bss     G=DGROUP   M=SyncObjs ACBP=A9
 0002:00004980 000000CC C=BSS      S=.bss     G=DGROUP   M=UxTheme  ACBP=A9
 0002:00004A4C 00000004 C=BSS      S=.bss     G=DGROUP   M=RichEdit ACBP=A9
 0002:00004A50 00000004 C=BSS      S=.bss     G=DGROUP   M=ToolWin  ACBP=A9
 0002:00004A54 00000004 C=BSS      S=.bss     G=DGROUP   M=ShellAPI ACBP=A9
 0002:00004A58 00000004 C=BSS      S=.bss     G=DGROUP   M=RegStr   ACBP=A9
 0002:00004A5C 00000004 C=BSS      S=.bss     G=DGROUP   M=WinInet  ACBP=A9
 0002:00004A60 00000004 C=BSS      S=.bss     G=DGROUP   M=UrlMon   ACBP=A9
 0002:00004A64 00000004 C=BSS      S=.bss     G=DGROUP   M=ShlObj   ACBP=A9
 0002:00004A68 00000004 C=BSS      S=.bss     G=DGROUP   M=CommDlg  ACBP=A9
 0002:00004A6C 00000004 C=BSS      S=.bss     G=DGROUP   M=Dlgs     ACBP=A9
 0002:00004A70 0000000C C=BSS      S=.bss     G=DGROUP   M=Dialogs  ACBP=A9
 0002:00004A7C 00000004 C=BSS      S=.bss     G=DGROUP   M=ExtCtrls ACBP=A9
 0002:00004A80 00000004 C=BSS      S=.bss     G=DGROUP   M=ComStrs  ACBP=A9
 0002:00004A84 0000000C C=BSS      S=.bss     G=DGROUP   M=Clipbrd  ACBP=A9
 0002:00004A90 00000004 C=BSS      S=.bss     G=DGROUP   M=StrUtils ACBP=A9
 0002:00004A94 00000030 C=BSS      S=.bss     G=DGROUP   M=Buttons  ACBP=A9
 0002:00004AC4 00000004 C=BSS      S=.bss     G=DGROUP   M=ExtDlgs  ACBP=A9
 0002:00004AC8 00000004 C=BSS      S=.bss     G=DGROUP   M=IniFiles ACBP=A9
 0002:00004ACC 00000004 C=BSS      S=.bss     G=DGROUP   M=Registry ACBP=A9
 0002:00004AD0 00000004 C=BSS      S=.bss     G=DGROUP   M=Mapi     ACBP=A9
 0002:00004AD4 00000009 C=BSS      S=.bss     G=DGROUP   M=ExtActns ACBP=A9
 0002:00004AE0 00000004 C=BSS      S=.bss     G=DGROUP   M=ListActns ACBP=A9
 0002:00004AE4 00000010 C=BSS      S=.bss     G=DGROUP   M=ComCtrls ACBP=A9
 0002:00004AF4 00000008 C=BSS      S=.bss     G=DGROUP   M=Themes   ACBP=A9
 0002:00004AFC 00000004 C=BSS      S=.bss     G=DGROUP   M=StdCtrls ACBP=A9
 0002:00004B00 00000004 C=BSS      S=.bss     G=DGROUP   M=StdActns ACBP=A9
 0002:00004B04 00000014 C=BSS      S=.bss     G=DGROUP   M=WinHelpViewer ACBP=A9
 0002:00004B18 00000080 C=BSS      S=.bss     G=DGROUP   M=Controls ACBP=A9
 0002:00004B98 00000004 C=BSS      S=.bss     G=DGROUP   M=ActnList ACBP=A9
 0002:00004B9C 0000000C C=BSS      S=.bss     G=DGROUP   M=ImgList  ACBP=A9
 0002:00004BA8 00000010 C=BSS      S=.bss     G=DGROUP   M=Menus    ACBP=A9
 0002:00004BB8 00000020 C=BSS      S=.bss     G=DGROUP   M=Forms    ACBP=A9
 0002:00004BD8 00000004 C=BSS      S=.bss     G=DGROUP   M=MaskUtils ACBP=A9
 0002:00004BDC 00000004 C=BSS      S=.bss     G=DGROUP   M=DateUtils ACBP=A9
 0002:00004BE0 00000004 C=BSS      S=.bss     G=DGROUP   M=DBConsts ACBP=A9
 0002:00004BE4 00000004 C=BSS      S=.bss     G=DGROUP   M=SqlTimSt ACBP=A9
 0002:00004BE8 00000004 C=BSS      S=.bss     G=DGROUP   M=FMTBcd   ACBP=A9
 0002:00004BEC 00000004 C=BSS      S=.bss     G=DGROUP   M=ComConst ACBP=A9
 0002:00004BF0 00000011 C=BSS      S=.bss     G=DGROUP   M=ComObj   ACBP=A9
 0002:00004C04 00000014 C=BSS      S=.bss     G=DGROUP   M=DB       ACBP=A9
 0002:00004C18 00000004 C=BSS      S=.bss     G=DGROUP   M=DBCommon ACBP=A9
 0002:00004C1C 0000001C C=BSS      S=.bss     G=DGROUP   M=BDE      ACBP=A9
 0002:00004C38 00000004 C=BSS      S=.bss     G=DGROUP   M=SMINTF   ACBP=A9
 0002:00004C3C 00000004 C=BSS      S=.bss     G=DGROUP   M=bdeconst ACBP=A9
 0002:00004C40 00000061 C=BSS      S=.bss     G=DGROUP   M=DBTables ACBP=A9
 0002:00004CA4 00000004 C=BSS      S=.bss     G=DGROUP   M=FR_DSet  ACBP=A9
 0002:00004CA8 00000004 C=BSS      S=.bss     G=DGROUP   M=FR_DBRel ACBP=A9
 0002:00004CAC 00000004 C=BSS      S=.bss     G=DGROUP   M=FR_Const ACBP=A9
 0002:00004CB0 00000004 C=BSS      S=.bss     G=DGROUP   M=FR_Ctrls ACBP=A9
 0002:00004CB4 0000000C C=BSS      S=.bss     G=DGROUP   M=FR_Dock  ACBP=A9
 0002:00004CC0 00000004 C=BSS      S=.bss     G=DGROUP   M=FR_Pars  ACBP=A9
 0002:00004CC4 00000980 C=BSS      S=.bss     G=DGROUP   M=FR_Intrp ACBP=A9
 0002:00005644 00000004 C=BSS      S=.bss     G=DGROUP   M=FR_Utils ACBP=A9
 0002:00005648 00000004 C=BSS      S=.bss     G=DGROUP   M=FR_FmtEd ACBP=A9
 0002:0000564C 0000000C C=BSS      S=.bss     G=DGROUP   M=FR_Prntr ACBP=A9
 0002:00005658 00000004 C=BSS      S=.bss     G=DGROUP   M=FR_PrDlg ACBP=A9
 0002:0000565C 00000004 C=BSS      S=.bss     G=DGROUP   M=FR_passw ACBP=A9
 0002:00005660 00000004 C=BSS      S=.bss     G=DGROUP   M=JConsts  ACBP=A9
 0002:00005664 00000004 C=BSS      S=.bss     G=DGROUP   M=jpeg     ACBP=A9
 0002:00005668 00000004 C=BSS      S=.bss     G=DGROUP   M=FR_Srch  ACBP=A9
 0002:0000566C 0000000C C=BSS      S=.bss     G=DGROUP   M=FR_View  ACBP=A9
 0002:00005678 00000004 C=BSS      S=.bss     G=DGROUP   M=FR_progr ACBP=A9
 0002:0000567C 00000E0C C=BSS      S=.bss     G=DGROUP   M=FR_Class ACBP=A9
 0002:00006488 00000004 C=BSS      S=.bss     G=DGROUP   M=FR_DBSet ACBP=A9
 0002:0000648C 00000004 C=BSS      S=.bss     G=DGROUP   M=FormDLL  ACBP=A9


  Address         Publics by Name

 0001:000B63F0       ..
 0002:0000284C       ..
 0001:000B66C0       ..
 0001:000B0604       ..
 0001:000B60FC       ..
 0001:000B7C14       ..
 0001:000AFEC4       ..
 0001:000B9B90       ..
 0001:000B9CA0       ..
 0002:00002A4C       ..
 0001:000BDDF0       ..
 0001:000AFA00       ..
 0001:000AF49C       ..
 0001:000B506C       ..
 0001:000B4994       ..
 0001:000B3694       ..
 0002:00002740       ..
 0001:000B2A4C       ..
 0002:00002DEC       ..
 0001:000BAC4C       ..
 0001:000BB474       ..
 0001:000B24A4       ..
 0001:000BBFA4       ..
 0001:000BC100       ..
 0001:00091340       ..
 0001:000B1EB8       ..
 0002:000013D0       ..
 0001:000BE308       ..
 0002:00001F44       ..
 0002:000026C0       ..
 0001:000B132C       ..
 0001:000BC63C       ..
 0001:000BCE40       ..
 0001:000BF374       ..
 0001:000AE838       ..
 0002:00002630       ..
 0002:00002640       ..
 0001:000BD4C8       ..
 0001:0008DFDC       ..
 0002:00004C20       ..
 0002:00004670       .1
 0002:00004678       .1
 0002:00004BE4       .1
 0002:00004BE0       .1
 0002:00004BDC       .1
 0002:00004890       .1
 0002:00004BEC       .1
 0002:000048FC       .1
 0002:00004920       .1
 0002:00004934       .1
 0002:00004C1C       .1
 0002:00004B0C       .1
 0002:00004968       .1
 0002:00004A90       .1
 0002:00004A3C       .1
 0002:00004A4C       .1
 0002:00004A54       .1
 0002:00004A58       .1
 0002:00004A5C       .1
 0002:00004A60       .1
 0002:00004A64       .1
 0002:00004A68       .1
 0002:00004A6C       .1
 0002:00004A80       .1
 0002:00004C38       .1
 0002:00004684       .1
 0002:00004680       .1
 0002:00004C3C       .1
 0002:00004AD0       .1
 0002:00004844       .1
 0002:00005660       .1
 0002:00005644       .1
 0002:00004CAC       .1
 0002:00004A70       .11
 0002:00004898       .12
 0002:00004A7C       .12
 0002:00004AF4       .2
 0002:000048F4       .2
 0002:00005678       .2
 0002:0000648C       .2
 0002:00004A88       .2
 0002:0000565C       .2
 0002:00005648       .2
 0002:00004938       .2
 0002:00005654       .2
 0002:00004BD8       .2
 0002:00004CC4       .2
 0002:00005658       .2
 0002:00005668       .2
 0002:00006488       .2
 0002:000048F8       .21
 0002:00004C4C       .22
 0002:0000484C       .3
 0002:00005664       .3
 0002:00004944       .3
 0002:00004940       .3
 0002:00004C18       .3
 0002:00004B9C       .3
 0002:00004AC4       .3
 0002:00004CB0       .3
 0002:0000467C       .3
 0002:00004CA4       .3
 0002:00004BE8       .3
 0002:00004798       .35
 0002:00004AE4       .36
 0002:00004C14       .36
 0002:00004A94       .4
 0002:00004A50       .4
 0002:00004CC0       .4
 0002:00004CA8       .4
 0002:0000566C       .4
 0002:00004BC0       .41
 0002:00004BF0       .41
 0002:00004AFC       .42
 0002:0000485C       .45
 0002:000045BC       .5
 0002:00004ACC       .5
 0002:00004800       .5
 0002:0000497C       .6
 0002:00004848       .6
 0002:00004AD4       .72
 0002:00004B20       .72
 0002:00004B00       .73
 0002:0000641C       .73
 0002:00004CB8       .8
 0002:00004AC8       .8
 0002:00004AE0       .8
 0002:00004B98       .8
 0002:00004824       .81
 0002:00004BB0       .9
 0001:00001B9C       @AbstractError
 0001:000027C4       @AfterConstruction
 0001:000025B8       @AsClass
 0001:00001D40       @AStrCmp
 0001:000027D4       @BeforeDestruction
 0001:00002348       @BoundErr
 0001:00002604       @CallDynaInst
 0001:0000276C       @ClassCreate
 0001:000027BC       @ClassDestroy
 0001:00001C0C       @Close
 0001:00001910       @Copy
 0001:00003F60       @CopyArray
 0001:00003E44       @CopyRecord
 0001:000040D4       @DispCallByIDError
 0001:0000F314       @DispInvokeError
 0001:00004068       @Dispose
 0001:00002C50       @DoneExcept
 0001:00004884       @DynArrayAddRef
 0001:0000485C       @DynArrayAsg
 0001:00004820       @DynArrayClear
 0001:0000470C       @DynArrayCopy
 0001:0000472C       @DynArrayCopyRange
 0001:0000454C       @DynArrayHigh
 0001:00004544       @DynArrayLength
 0001:00004700       @DynArraySetLength
 0001:00002D38       @ExceptionHandler
 0001:00001DB0       @FillChar
 0001:00003E20       @Finalize
 0001:00003D34       @FinalizeArray
 0001:00003CE8       @FinalizeRecord
 0001:0000261C       @FindDynaInst
 0001:0000233C       @FpuInit
 0001:00002278       @FpuMaskInit
 0001:00001B48       @FRAC
 0001:00001798       @FreeMem
 0001:00001778       @GetMem
 0001:000056C4       @GetTls
 0001:00003208       @Halt
 0001:00003130       @Halt0
 0001:000028E8       @HandleAnyException
 0001:00002B9C       @HandleFinally
 0001:00002A14       @HandleOnException
 0001:00003CDC       @Initialize
 0001:00003C48       @InitializeArray
 0001:00003C18       @InitializeRecord
 0001:00002FF4       @InitImports
 0001:00005710       @InitLib
 0001:00002FCC       @InitResStringImports
 0001:00002FA8       @InitResStrings
 0001:00001B28       @INT
 0001:00004F80       @IntfAddRef
 0001:00004F50       @IntfCast
 0001:00004F0C       @IntfClear
 0001:00004F24       @IntfCopy
 0001:00002594       @IsClass
 0001:00002248       @isNECWindows
 0001:000B9AE0       @jcopy_block_row
 0001:000B9A94       @jcopy_sample_rows
 0001:000B9A6C       @jdiv_round_up
 0001:000B3600       @jinit_1pass_quantizer
 0001:000B4874       @jinit_2pass_quantizer
 0001:000BD27C       @jinit_color_converter
 0001:000B2880       @jinit_color_deconverter
 0001:000BABA0       @jinit_compress_master
 0001:000BCD78       @jinit_c_coef_controller
 0001:000BC07C       @jinit_c_main_controller
 0001:000BBEDC       @jinit_c_master_control
 0001:000BC594       @jinit_c_prep_controller
 0001:000BDC68       @jinit_downsampler
 0001:000B5FE8       @jinit_d_coef_controller
 0001:000B4F8C       @jinit_d_main_controller
 0001:000B635C       @jinit_d_post_controller
 0001:000BE28C       @jinit_forward_dct
 0001:000B1E78       @jinit_huff_decoder
 0001:000BFFD0       @jinit_huff_encoder
 0001:000AF9B8       @jinit_input_controller
 0001:000B6644       @jinit_inverse_dct
 0001:000B9910       @jinit_marker_reader
 0001:000BB420       @jinit_marker_writer
 0001:000B05CC       @jinit_master_decompress
 0001:000AF364       @jinit_memory_mgr
 0001:000B2424       @jinit_merged_upsampler
 0001:000B12B8       @jinit_phuff_decoder
 0001:000BED98       @jinit_phuff_encoder
 0001:000B6BA4       @jinit_upsampler
 0001:000B9B00       @jpeg_abort
 0001:000B9B78       @jpeg_alloc_huff_table
 0001:000B9B60       @jpeg_alloc_quant_table
 0001:000BF048       @jpeg_fdct_float
 0001:000BEDDC       @jpeg_fdct_ifast
 0001:000B1760       @jpeg_fill_bit_buffer
 0001:000AF470       @jpeg_free_large
 0001:000AF460       @jpeg_free_small
 0001:000BFD14       @jpeg_gen_optimal_table
 0001:000AF468       @jpeg_get_large
 0001:000AF458       @jpeg_get_small
 0001:000B18AC       @jpeg_huff_decode
 0001:000B7BD8       @jpeg_idct_1x1
 0001:000B79E8       @jpeg_idct_2x2
 0001:000B7634       @jpeg_idct_4x4
 0001:000B6DBC       @jpeg_idct_float
 0001:000B7200       @jpeg_idct_ifast
 0001:000BF504       @jpeg_make_c_derived_tbl
 0001:000B1464       @jpeg_make_d_derived_tbl
 0001:000AF478       @jpeg_mem_available
 0001:000AF494       @jpeg_mem_init
 0001:000AF498       @jpeg_mem_term
 0001:000AF484       @jpeg_open_backing_store
 0001:000B97DC       @jpeg_resync_to_restart
 0001:000BA964       @jpeg_suppress_tables
 0001:000B9A7C       @jround_up
 0001:000B9AF0       @jzero_far
 0001:000036D0       @LStrAddRef
 0001:00003244       @LStrArrayClr
 0001:00003274       @LStrAsg
 0001:000034E8       @LStrCat
 0001:0000352C       @LStrCat3
 0001:000035A0       @LStrCatN
 0001:00003220       @LStrClr
 0001:0000362C       @LStrCmp
 0001:00003740       @LStrCopy
 0001:00003780       @LStrDelete
 0001:00003490       @LStrFromArray
 0001:00003408       @LStrFromChar
 0001:00003418       @LStrFromPChar
 0001:00003310       @LStrFromPCharLen
 0001:00003448       @LStrFromPWChar
 0001:0000337C       @LStrFromPWCharLen
 0001:00003484       @LStrFromString
 0001:000034A8       @LStrFromWStr
 0001:000037C8       @LStrInsert
 0001:000032B8       @LStrLAsg
 0001:000034E0       @LStrLen
 0001:000038D0       @LStrOfChar
 0001:00003824       @LStrPos
 0001:0000386C       @LStrSetLength
 0001:000036E0       @LStrToPChar
 0001:000034BC       @LStrToString
 0001:00004054       @New
 0001:000032E4       @NewAnsiString
 0001:00003904       @NewWideString
 0001:00013A64       @OleVarFromInt
 0001:00013D68       @OleVarFromLStr
 0001:00013E24       @OleVarFromVar
 0001:00001F5C       @Pow10
 0001:00001CBC       @PStrCmp
 0001:00001C94       @PStrCpy
 0001:00001C64       @PStrNCat
 0001:00001CA0       @PStrNCpy
 0001:00002BFC       @RaiseAgain
 0001:00002BD4       @RaiseExcept
 0001:000017B8       @ReallocMem
 0001:00001B6C       @ROUND
 0001:00003214       @RunError
 0001:00001F40       @SetEq
 0001:00001B00       @SetLength
 0001:00002EE0       @StartLib
 0001:000042F8       @Str0Int64
 0001:00001E30       @Str0Long
 0001:00004238       @StrInt64
 0001:00000358       @strlen
 0001:00001DD0       @StrLong
 0001:00001B78       @TRUNC
 0001:00002C80       @TryFinallyExit
 0001:00003738       @UniqueStringA
 0001:00004314       @ValInt64
 0001:00001E3C       @ValLong
 0001:00017FF0       @VarAdd
 0001:00015F4C       @VarAddRef
 0001:00018020       @VarAnd
 0001:00016748       @VarArrayGet
 0001:00016838       @VarArrayPut
 0001:0000FE6C       @VarCast
 0001:0000F600       @VarClear
 0001:0000F614       @VarClr
 0001:00003D1C       @VarClr
 0001:00018044       @VarCmpEQ
 0001:00018094       @VarCmpGE
 0001:00018084       @VarCmpGT
 0001:00018074       @VarCmpLE
 0001:00018064       @VarCmpLT
 0001:00018054       @VarCmpNE
 0001:00003E2C       @VarCopy
 0001:0000F928       @VarCopy
 0001:0000FBA8       @VarCopyNoInd
 0001:00013BF8       @VarFromBool
 0001:00013A84       @VarFromByte
 0001:00013C48       @VarFromCurr
 0001:00013BA0       @VarFromCurrency
 0001:00013BCC       @VarFromDate
 0001:00013D3C       @VarFromDisp
 0001:00013B74       @VarFromDouble
 0001:00013A08       @VarFromInt
 0001:00013B24       @VarFromInt64
 0001:00013A44       @VarFromInteger
 0001:00013D10       @VarFromIntf
 0001:00013AC4       @VarFromLongWord
 0001:00013C5C       @VarFromLStr
 0001:00013C88       @VarFromPStr
 0001:00013C20       @VarFromReal
 0001:00013AE4       @VarFromShortInt
 0001:00013B50       @VarFromSingle
 0001:00013B04       @VarFromSmallInt
 0001:00013C34       @VarFromTDateTime
 0001:00013AA4       @VarFromWord
 0001:00013CD8       @VarFromWStr
 0001:00018014       @VarMod
 0001:00018008       @VarMul
 0001:0001581C       @VarNeg
 0001:00015CCC       @VarNot
 0001:0000F368       @VarNull
 0001:00014D84       @VarOp
 0001:0001802C       @VarOr
 0001:00018038       @VarRDiv
 0001:0000FBBC       @VarStringToOleStr
 0001:00017FFC       @VarSub
 0001:00011638       @VarToBool
 0001:000112F0       @VarToBoolean
 0001:00010730       @VarToByte
 0001:000124DC       @VarToCurrency
 0001:00011F74       @VarToDate
 0001:0001395C       @VarToDisp
 0001:00011804       @VarToDouble
 0001:00010CF4       @VarToInt64
 0001:00010230       @VarToInteger
 0001:00013890       @VarToIntf
 0001:000109A8       @VarToLongWord
 0001:00012B90       @VarToLStr
 0001:00011B80       @VarToReal
 0001:00010680       @VarToShortInt
 0001:00011B9C       @VarToSingle
 0001:000107D8       @VarToSmallInt
 0001:000108D0       @VarToWord
 0001:000132B8       @VarToWStr
 0001:00003944       @WStrArrayClr
 0001:00003968       @WStrAsg
 0001:00003AA4       @WStrCat
 0001:0000392C       @WStrClr
 0001:00003B04       @WStrCmp
 0001:00003B88       @WStrCopy
 0001:00003A78       @WStrFromLStr
 0001:0000398C       @WStrFromPCharLen
 0001:00003A3C       @WStrFromPWChar
 0001:00003A18       @WStrFromPWCharLen
 0001:00003A98       @WStrLen
 0001:00003BD4       @WStrSetLength
 0001:00003A88       @WStrToPWChar
 0001:00001F1C       @_CLenToPasStr
 0001:00001F10       @_CToPasStr
 0001:000018E0       @_IOTest
 0001:00004100       @_lldiv
 0001:0000417C       @_llmod
 0001:000040DC       @_llmul
 0001:000041F8       @_llshl
 0001:00004218       @_llushr
 0001:0000BA30       Abort
 0001:00005BD4       AbortDoc
 0001:000322C4       AbortProc
 0001:0004AEEC       AbsMin
 0001:0000BDFC       AbstractErrorHandler
 0002:0000402C       AbstractErrorProc
 0002:0000014C       AccessMode
 0001:00001848       AcquireExceptionObject
 0001:0001C390       ActivateClassGroup
 0001:00005E8C       ActivateKeyboardLayout
 0002:00004B54       ActiveDrag
 0001:00019CE4       ActiveX
 0001:0005A260       ActnList
 0001:000D7DDC       AddAggregate
 0001:00000484       AddBlockAfter
 0001:00071EEC       AddChars
 0001:00074F94       AddCurrency
 0001:00074764       AddCurrencySymbol
 0002:00000624       AddDataModule
 0001:00074070       AddDigit
 0001:000A5B68       AddError
 0001:0007D680       AddFieldDefs
 0001:0007D8B4       AddFields
 0001:00020074       AddFinished
 0001:0005DA5C       AddIn
 0001:000A5868       AddLabel
 0001:00075284       AddLiterals
 0001:00094D20       AddMessage
 0001:00004DA0       AddModuleUnloadProc
 0001:00004DB0       AddModuleUnloadProc
 0001:00074844       AddNegCurrencySymbol
 0001:000735D8       AddNormalizedFractions
 0001:000200AC       AddNotFinished
 0001:000DA9D8       AddObject
 0001:00074054       AddOneChar
 0001:000A9448       AddScript
 0001:00071FA8       AddStrings
 0001:00020AD0       AddSubComponentsToLoaded
 0001:000D856C       AddToStack
 0002:0000118C       AdjustAmt
 0002:00001174       AdjustAmt
 0002:0000117C       AdjustAmt
 0002:00001184       AdjustAmt
 0001:0002A748       AdjustColor
 0001:00038844       AdjustColors
 0001:00072A04       AdjustDecimalPosition
 0001:00088608       AdjustFirstRecord
 0001:000653F8       Adjustment
 0001:00073930       AdjustNibbles
 0001:00005E94       AdjustWindowRectEx
 0002:00006470       AggrBand
 0001:0000D1C8       AL1
 0002:0000031C       AL1s
 0001:0000D1D8       AL2
 0002:0000032C       AL2s
 0002:00001014       Alignments
 0002:00001004       Alignments
 0002:00000D78       Alignments
 0002:00000D68       Alignments
 0002:00000CC4       Alignments
 0002:00000A74       Alignments
 0001:0006C3E8       AlignWork
 0001:000505A8       AlignWork
 0001:00026318       AllocateHWnd
 0001:0003523C       AllocFilterStr
 0001:000076A0       AllocMem
 0002:000045B4       AllocMemCount
 0002:000045B8       AllocMemSize
 0001:000303A4       AllocPatternBitmap
 0001:000055F4       AllocTlsBuffer
 0001:0000D208       ALR
 0001:0000D1F0       ALV
 0001:00023830       AncestorIsValid
 0002:00000DF0       AnchorAlign
 0002:00000DE4       AnimateWindowProc
 0002:00000EEC       AnimationStyle
 0001:00007868       AnsiCompareStr
 0001:000078A0       AnsiCompareText
 0001:00007980       AnsiExtractQuotedStr
 0001:0000812C       AnsiLastChar
 0001:00005E9C       AnsiLower
 0001:00007834       AnsiLowerCase
 0001:0000C7AC       AnsiLowerCaseFileName
 0001:0000C774       AnsiPos
 0001:00062270       AnsiSameCaption
 0001:000078D8       AnsiSameText
 0001:000078F0       AnsiStrIComp
 0001:00007910       AnsiStrLIComp
 0001:0000C8C4       AnsiStrPos
 0001:0000C964       AnsiStrRScan
 0001:0000C98C       AnsiStrScan
 0001:00094918       AnsiToNative
 0001:000949A4       AnsiToNativeBuf
 0001:00005380       AnsiToUtf8
 0001:00007800       AnsiUpperCase
 0001:0000C838       AnsiUpperCaseFileName
 0001:00014398       AnyOp
 0001:00013818       AnyToIntf
 0002:00006480       Append
 0001:00009CA0       AppendChars
 0001:0000A064       AppendFormat
 0001:00009D04       AppendNumber
 0001:00009CE4       AppendString
 0002:00004BB8       Application
 0002:00000634       ApplicationHandleException
 0001:00094144       ApplicationHandleException
 0002:0000063C       ApplicationShowException
 0002:00001148       AppVisible
 0001:0000BDE0       AssertErrorHandler
 0002:00004024       AssertErrorProc
 0001:0009FAD4       AssignFields
 0001:00019314       AssignLongStr
 0001:00019990       AssignVariant
 0001:0007E16C       AttributeSetStored
 0002:0000460C       avail
 0001:000082FC       BackfillGetDiskFreeSpaceEx
 0001:0004DA80       BackgroundClipped
 0001:0000E034       BackupVarBoolFromStr
 0001:0000E194       BackupVarBStrFromBool
 0001:0000E0B4       BackupVarBStrFromCy
 0001:0000E124       BackupVarBStrFromDate
 0001:0000DFC8       BackupVarCyFromStr
 0001:0000DF5C       BackupVarDateFromStr
 0001:0000DE18       BackupVarI4FromStr
 0001:0000DDC4       BackupVariantChangeTypeEx
 0001:0000DE84       BackupVarR4FromStr
 0001:0000DEF0       BackupVarR8FromStr
 0002:000030BC       BandNames
 0002:0000138C       BaseFieldTypes
 0002:00000464       BaseTypeMap
 0001:00073F04       BcdAdd
 0001:00073AE0       BcdCompare
 0001:00074BD4       BcdCurrencyFormat
 0001:00073D48       BcdDivide
 0001:00073E98       BcdDivide
 0001:000710CC       BcdError
 0001:0007105C       BcdErrorFmt
 0001:00074584       BcdFixedOrNumberFormat
 0001:00074520       BcdGeneralFormat
 0001:00073CDC       BcdMultiply
 0001:00073BE4       BcdMultiply
 0001:00074378       BcdScale
 0001:00074538       BcdScientificFormat
 0001:00073BA8       BcdSubtract
 0001:00074474       BCDToCurr
 0001:00071AC0       BcdToDouble
 0001:00074234       BcdToStr
 0001:00074CC0       BcdToStrF
 0001:00091CB8       BDE
 0001:00094724       BdeCallBack
 0001:00091E30       bdeconst
 0002:00004C98       BDEInitProcs
 0001:0001C764       BeginGlobalLoading
 0001:00005EA4       BeginPaint
 0001:0002A754       BetterSize
 0001:00038134       BevelLine
 0001:00038044       BevelRect
 0001:0005E8D0       BiDiDraw
 0001:00005BDC       BitBlt
 0002:00000BF8       BitBtnCaptions
 0002:00004A98       BitBtnGlyphs
 0002:00000948       BitCounts
 0002:00000940       BitmapCanvasList
 0002:000048B0       BitmapImageLock
 0001:0000DE00       BiUnimplemented
 0001:000728A0       BlankArgument
 0002:000020C0       BlobTypeMap
 0002:0000065C       BlockCode
 0002:000045E4       blockDescBlockList
 0002:000045E8       blockDescFreeList
 0002:00003118       Bnds
 0002:00000608       BooleanIdents
 0002:00000460       BooleanToStringRule
 0002:000013BC       BoolFalse
 0002:00006458       BoolStr
 0001:00007E68       BoolToStr
 0001:00012918       BoolToWStrViaOS
 0002:00000A6C       BorderStyles
 0002:00001090       BorderStyles
 0002:00000CBC       BorderStyles
 0001:000057B4       Bounds
 0001:0001B6A8       Bounds
 0002:00000FAC       Breaks
 0001:000CBB04       BreakWord
 0002:000048E8       BrushManager
 0001:0007C340       BuffersEqual
 0001:00087CD4       BufferToByteArray
 0001:000AD9F0       BuildColorMap
 0001:00061084       BuildImage
 0001:000AD948       BuildPalette
 0002:00000A40       ButtonCaptions
 0002:00002158       ButtonCount
 0002:00000A14       ButtonNames
 0001:000394B4       Buttons
 0002:00001028       Buttons
 0002:00000D60       ButtonStyles
 0001:00087D88       ByteArrayToBuffer
 0001:00029F34       BytesPerScanline
 0001:0002A28C       ByteSwapColors
 0001:0000C4B0       ByteToCharIndex
 0001:0000C488       ByteToCharLen
 0001:0000C44C       ByteType
 0001:0000C3D4       ByteTypeTest
 0002:0000215C       CacheBitmap
 0002:00004BA0       CachedComCtrlVer
 0001:00026254       CalcJmpOffset
 0001:00074E84       CalcPrecisionAndDigits
 0001:000582CC       CalcSplitterPos
 0001:00083F54       CalcTotalSize
 0001:0007E1AC       CalculatedStored
 0001:00005EAC       CallNextHookEx
 0001:0000D18C       CallTerminateProcs
 0001:00005EB4       CallWindowProc
 0001:0009A7F0       CanBlockRead
 0001:0004BF24       CancelDrag
 0001:00089250       CancelNestedDataSets
 0001:00072830       CanUseShort
 0002:00004B68       CanvasList
 0002:000048EC       CanvasList
 0002:00000A00       Captions
 0002:00000EA8       CaptureControl
 0002:00000F4C       cBooleanToItemAutoFlag
 0002:00000510       CBooleanToRelationship
 0002:00002104       CBRetCode
 0001:00034B4C       CenterWindow
 0002:00004A86       CF_COMPONENT
 0002:00004A84       CF_PICTURE
 0002:0000481C       ChangeAnyProc
 0001:0004A4A4       ChangeBiDiModeAlignment
 0001:000081AC       ChangeFileExt
 0001:000E01F4       ChangePages
 0002:00000D14       CharCases
 0002:00000CE4       CharCases
 0001:00003340       CharFromWChar
 0001:0000C684       CharLength
 0001:00005EBC       CharLowerBuff
 0001:00005EC4       CharNext
 0001:000002D8       CharNext
 0001:000283D0       CharsetToIdent
 0001:0000C598       CharToByteIndex
 0001:0000C5FC       CharToByteLen
 0001:00005ECC       CharToOem
 0001:00005ED4       CharToOemA
 0001:00005EDC       CharToOemBuff
 0001:00005EE4       CharUpperBuff
 0001:00094CBC       Check
 0001:0002AD1C       CheckBool
 0001:000D41AC       CheckColumnPageBreak
 0001:0009C678       CheckIfParentScrolled
 0001:00093E80       CheckIndexOpen
 0001:00002864       CheckJmp
 0001:00005EEC       CheckMenuItem
 0001:000881F4       CheckNestedBrowseMode
 0002:00000F9C       Checks
 0001:00070C48       CheckSqlTimeStamp
 0001:00020B0C       CheckSubComponents
 0001:0002502C       CheckSynchronize
 0001:00064E2C       CheckTaskWindow
 0001:00014374       CheckType
 0001:0004BBD8       CheckUndock
 0001:000C9D80       CheckUnique
 0001:0000C2C8       CheckWin32Version
 0002:0000047C       CInvalidCustomVariantType
 0002:00000F50       cItemAutoFlagToBoolean
 0002:00000F48       cItemAutoFlagToMenu
 0001:000264A4       Classes
 0001:0001C154       ClassNotFound
 0002:00002020       Class_SMClient
 0002:00004818       ClearAnyProc
 0001:00027C60       ClearColor
 0001:0007643C       ClearExcepInfo
 0001:00017270       ClearVariantTypeList
 0001:00005EF4       ClientToScreen
 0001:00055870       ClientToWindow
 0002:00000938       ClipboardFormats
 0001:0003906C       Clipbrd
 0001:00005BE4       CloseEnhMetaFile
 0001:00005914       CloseHandle
 0001:00032160       ClosePrinter
 0002:00004984       CloseThemeData
 0002:00003124       Clr
 0002:00002164       Clr1
 0002:0000216C       Clr2
 0002:00004040       CmdLine
 0002:0000403C       CmdShow
 0002:00000F44       cMenuAutoFlagToItem
 0002:0000051C       CmpTypeMap
 0001:0000DE0C       CmpUnimplemented
 0002:00001204       CoAddRefServerProcess
 0001:00019C90       CoCreateInstance
 0002:000011FC       CoCreateInstanceEx
 0002:00001214       CoInitFlags
 0001:00019C80       CoInitialize
 0002:00001200       CoInitializeEx
 0001:0001CA20       CollectionsEqual
 0002:000006B8       Colors
 0001:000281C8       ColorToIdent
 0002:00000A80       ColorToPretyName
 0001:000281B8       ColorToRGB
 0002:0000647C       ColumnXAdjust
 0001:00005BEC       CombineRgn
 0002:00000D00       ComboBoxStyles
 0002:00004BF8       ComClassManagerVar
 0001:000758EC       ComConst
 0002:00004AF0       ComCtlVersion
 0001:0003A374       ComCtrls
 0002:00004BB4       CommandPool
 0001:000309A0       CommCtrl
 0001:0003436C       CommDlg
 0001:00000764       Commit
 0002:00004628       committedRoot
 0001:00076704       ComObj
 0001:000738B0       CompactBcd
 0001:00071C8C       CompareDigits
 0001:0005D040       CompareFront
 0001:00007768       CompareMem
 0001:00073690       CompareNormalizedFractions
 0001:00007738       CompareStr
 0001:0000591C       CompareString
 0001:00007788       CompareText
 0001:00007D90       CompareWith
 0001:00020BEC       ComponentCreated
 0002:00006482       CompositeMode
 0001:0002AAEC       ComputeAldusChecksum
 0001:00039028       ComStrs
 0001:0009E124       ConcatField
 0001:00026860       Consts
 0001:000308A4       Contnrs
 0002:00004B26       ControlAtom
 0002:00004B2C       ControlAtomString
 0001:00069CB8       ControlHasHelp
 0001:00058F68       Controls
 0001:0000B7D0       ConvertAddr
 0001:000DB7DC       ConvertAliases
 0001:00009DF4       ConvertEraString
 0001:00007664       ConvertError
 0001:0000767C       ConvertErrorFmt
 0001:000DB724       ConvertToNewFormat
 0001:00009F5C       ConvertYearString
 0001:000A5834       CopyArr
 0001:00004554       CopyArray
 0001:0002D660       CopyBitmap
 0001:0002DD28       CopyBitmapAsMask
 0001:0007450C       CopyByte
 0001:00005BF4       CopyEnhMetaFile
 0001:000ABC1C       CopyHandle
 0001:0002DCC4       CopyPalette
 0002:00000C58       Copyright
 0001:00060130       CopyToBest
 0002:00001208       CoReleaseServerProcess
 0002:0000120C       CoResumeClassObjects
 0001:000D45E4       CorrY
 0002:00001210       CoSuspendClassObjects
 0001:00019C88       CoUninitialize
 0001:0000C508       CountChars
 0002:000048C8       CounterLock
 0002:00000480       CRangeToType
 0001:000C6378       Create90Font
 0001:0000BD24       CreateAssertException
 0001:0000BEAC       CreateAVObject
 0001:00005BFC       CreateBitmap
 0001:00005C04       CreateBrushIndirect
 0001:000A13B0       CreateBrushPattern
 0001:00005C0C       CreateCompatibleBitmap
 0001:00005C14       CreateCompatibleDC
 0001:00020C6C       CreateComponent
 0001:00005C1C       CreateDC
 0001:00005C2C       CreateDIBitmap
 0001:00005C24       CreateDIBSection
 0001:000C64CC       CreateDS
 0001:00005C34       CreateEnhMetaFile
 0001:00005924       CreateEvent
 0001:0000592C       CreateFile
 0001:00005C3C       CreateFontIndirect
 0001:00005C44       CreateHalftonePalette
 0001:00005C4C       CreateIC
 0001:00005EFC       CreateIcon
 0001:0000BC50       CreateInOutError
 0001:00005F04       CreateMenu
 0001:0000593C       CreateMutexA
 0001:00005C54       CreatePalette
 0001:00005C5C       CreatePenIndirect
 0001:00005F0C       CreatePopupMenu
 0001:00005C64       CreateRectRgn
 0001:00005C6C       CreateSolidBrush
 0001:0002A2E4       CreateSystemPalette
 0001:0000595C       CreateThread
 0001:000064DC       CreateWindow
 0001:00006484       CreateWindowEx
 0002:0000099C       CreationControl
 0002:00000DE8       CreationControl
 0002:000005F4       CRelationshipToBoolean
 0002:00000444       CResult
 0002:00004C80       CSAnsiToNative
 0002:00000DCC       CSHREDRAW
 0002:00000144       cSimpleBoolStrs
 0002:00004C68       CSNativeToAnsi
 0002:0000059C       CText
 0002:00000EE4       Ctl3DStyles
 0002:00000D58       Ctl3DStyles
 0002:00000598       CTruth
 0002:00004620       curAlloc
 0002:000056AC       CurBand
 0002:00006428       CurDate
 0002:000056B0       CurPage
 0002:00005670       CurPreview
 0001:00015084       CurrCompare
 0002:00004690       CurrencyDecimals
 0002:0000468C       CurrencyFormat
 0002:00004688       CurrencyString
 0001:00009C8C       CurrentYear
 0002:000056A0       CurReport
 0001:00014980       CurrOp
 0001:000743E8       CurrToBCD
 0001:000094B8       CurrToStr
 0001:00009520       CurrToStrF
 0001:000128A8       CurrToWStrViaOS
 0002:000010CC       CursorMap
 0002:00000DF8       Cursors
 0001:0004A7C4       CursorToIdent
 0002:00006430       CurTime
 0002:00006438       CurValue
 0002:00006448       CurVariable
 0002:000056A8       CurView
 0002:000010BC       cUseAlpha
 0002:000010C4       cUseColorKey
 0002:0000033C       CVarTypeToElementInfo
 0001:00007AE4       CvtInt
 0001:00007B50       CvtInt64
 0002:000011F0       CWNear
 0002:00000184       CWNear
 0002:00000DD4       Data
 0001:0007C224       DatabaseError
 0001:0007C2D0       DatabaseErrorFmt
 0002:000020A4       DataTypeMap
 0001:00039720       DataTypeToRegData
 0001:00009BDC       Date
 0001:0001505C       DateCompare
 0001:000144B8       DateOp
 0002:00004691       DateSeparator
 0001:00087C8C       DateTimeToNative
 0001:00070B78       DateTimeToSQLTimeStamp
 0001:0000A874       DateTimeToStr
 0001:0000A818       DateTimeToString
 0001:00009710       DateTimeToTimeStamp
 0001:000128E0       DateToWStrViaOS
 0001:0006FBDC       DateUtils
 0001:00009BB4       DayOfWeek
 0001:0006FB74       DaysInAMonth
 0001:00089F68       DB
 0002:00004C10       DBApplication
 0001:0008DFB4       DBCommon
 0001:0006FE3C       DBConsts
 0001:000906CE       DbiAcqPersistTableLock
 0001:000906E0       DbiAcqTableLock
 0001:0008FFDE       DbiActivateFilter
 0001:0008F936       DbiAddAlias
 0001:0008F8A0       DbiAddDriver
 0001:0008FFEA       DbiAddFilter
 0001:00090506       DbiAddIndex
 0001:00090692       DbiAddPassword
 0001:0008FBB8       DbiAnsiToNative
 0001:000904AC       DbiAppendRecord
 0001:0008F9E4       DbiApplyDelayedUpdates
 0001:0008FFCC       DbiBatchMove
 0001:0008FB88       DbiBcdFromFloat
 0001:0008FB8E       DbiBcdToFloat
 0001:0008F834       DbiBeginConstraintLayer
 0001:0008F9F0       DbiBeginDelayedUpdates
 0001:0009071C       DbiBeginLinkMode
 0001:0008FFBA       DbiBeginTran
 0001:000903B0       DbiCfgAddRecord
 0001:000903C8       DbiCfgBuildPath
 0001:000903A4       DbiCfgDropRecord
 0001:00090398       DbiCfgGetHelp
 0001:000903BC       DbiCfgGetNextNode
 0001:000903B6       DbiCfgGetRecord
 0001:00090392       DbiCfgMerge
 0001:000903AA       DbiCfgModifyRecord
 0001:000903C2       DbiCfgPosition
 0001:000903CE       DbiCfgSave
 0001:0009039E       DbiCfgTranslate
 0001:00090440       DbiCheckRefresh
 0001:0008F81C       DbiCheckSQLExpression
 0001:00090536       DbiCloneCursor
 0001:0008FBD6       DbiCloseConfigFile
 0001:000907E2       DbiCloseCursor
 0001:000907FA       DbiCloseDatabase
 0001:0008FB3A       DbiCloseFieldXlt
 0001:00090560       DbiCloseIndex
 0001:00090698       DbiCloseSession
 0001:0009053C       DbiCompareBookMarks
 0001:000904A6       DbiCompareKeys
 0001:00090518       DbiCopyTable
 0001:0009072E       DbiCreateInMemTable
 0001:0009051E       DbiCreateTable
 0001:0009047C       DbiCreateTempTable
 0001:0008F804       DbiDatabaseFlush
 0001:0009056C       DbiDateDecode
 0001:00090572       DbiDateEncode
 0001:0008FFD8       DbiDeactivateFilter
 0001:00090368       DbiDebugLayerOptions
 0001:0008F91E       DbiDeleteAlias
 0001:0008F89A       DbiDeleteDriver
 0001:00090500       DbiDeleteIndex
 0001:000907A0       DbiDeleteRecord
 0001:0009050C       DbiDeleteTable
 0001:00091C21       DbiDLLExit
 0001:000904E8       DbiDoRestructure
 0001:0008F8C4       DbiDRAdd
 0001:0008F9BA       DbiDRAddAttr
 0001:0008F9D2       DbiDRClose
 0001:0008F954       DbiDRCreate
 0001:0008F918       DbiDRCreateEnumAttrDomain
 0001:0008F9C0       DbiDRCreateObjectType
 0001:0008F9AE       DbiDRCreateRelationType
 0001:0008F94E       DbiDRDelete
 0001:0008F90C       DbiDRDeleteEnumAttrDomain
 0001:0008F9A2       DbiDRDeleteObjectType
 0001:0008F9A8       DbiDRDeleteRelationType
 0001:0008F8BE       DbiDRDrop
 0001:0008F9B4       DbiDRDropAttr
 0001:0008F9C6       DbiDRExportToFile
 0001:0008F984       DbiDRGetAttrDescs
 0001:0008F9DE       DbiDRGetDesc
 0001:0008F906       DbiDRGetEnumAttrDomain
 0001:0008F96C       DbiDRGetObjID
 0001:0008F98A       DbiDRGetObjTypeInfo
 0001:0008F8CA       DbiDRGetRelatedObject
 0001:0008F97E       DbiDRGetRelTypeInfo
 0001:0008F9CC       DbiDRImportFromFile
 0001:0008F95A       DbiDRLoadDBObject
 0001:0008F912       DbiDRModifyEnumAttrDomain
 0001:0008F9D8       DbiDROpen
 0001:0008F996       DbiDROpenAttrTypeList
 0001:0008F99C       DbiDROpenObjectTypeList
 0001:0008F978       DbiDROpenObjSet
 0001:0008F972       DbiDROpenRelSet
 0001:0008F990       DbiDROpenRelTypeList
 0001:0008FFE4       DbiDropFilter
 0001:0009068C       DbiDropPassword
 0001:0008F966       DbiDRSetToObjID
 0001:0008F960       DbiDRSetToObjName
 0001:000904C4       DbiEmptyTable
 0001:0008F822       DbiEndConstraintLayer
 0001:0008F9EA       DbiEndDelayedUpdates
 0001:00090716       DbiEndLinkMode
 0001:0008FFB4       DbiEndTran
 0001:00094CA4       DbiError
 0001:00091BA1       DbiExit
 0001:0009054E       DbiExtractKey
 0001:000906B0       DbiForceRecordReread
 0001:000906BC       DbiForceReread
 0001:00090470       DbiFormFullName
 0001:000905FC       DbiFreeBlob
 0001:0008FA8C       DbiFreeSQLRequest
 0001:0009060E       DbiGetBlob
 0001:000905F6       DbiGetBlobHeading
 0001:00090614       DbiGetBlobSize
 0001:00090548       DbiGetBookMark
 0001:0009043A       DbiGetCallBack
 0001:0009000E       DbiGetClientInfo
 0001:0009069E       DbiGetCurrSession
 0001:000906B6       DbiGetCursorForTable
 0001:000907EE       DbiGetCursorProps
 0001:0009065C       DbiGetDatabaseDesc
 0001:0009038C       DbiGetDateFormat
 0001:0008F8E2       DbiGetDefaultRepository
 0001:00090782       DbiGetDirectory
 0001:00090668       DbiGetDriverDesc
 0001:00090464       DbiGetErrorContext
 0001:0009045E       DbiGetErrorEntry
 0001:00090494       DbiGetErrorInfo
 0001:0009046A       DbiGetErrorString
 0001:0008FF66       DbiGetExactRecordCount
 0001:0009057E       DbiGetField
 0001:000907E8       DbiGetFieldDescs
 0001:00090644       DbiGetFieldTypeDesc
 0001:0008FB4C       DbiGetFilterInfo
 0001:00090554       DbiGetIndexDesc
 0001:0008FBCA       DbiGetIndexDescs
 0001:000904FA       DbiGetIndexForField
 0001:000904F4       DbiGetIndexSeqNo
 0001:00090638       DbiGetIndexTypeDesc
 0001:0008FFF6       DbiGetLdName
 0001:0008FF96       DbiGetLdNameFromDb
 0001:00090488       DbiGetLdObj
 0001:00090704       DbiGetLinkStatus
 0001:000905CC       DbiGetNetUserName
 0001:000907CA       DbiGetNextRecord
 0001:00090374       DbiGetNumberFormat
 0001:0008FBA6       DbiGetObjFromName
 0001:0008FB58       DbiGetObjFromObj
 0001:000907C4       DbiGetPriorRecord
 0001:0008FBB2       DbiGetProp
 0001:000907BE       DbiGetRecord
 0001:000907B2       DbiGetRecordCount
 0001:000904A0       DbiGetRecordForKey
 0001:000907B8       DbiGetRelativeRecord
 0001:0008FB10       DbiGetRintDesc
 0001:0009079A       DbiGetSeqNo
 0001:000905D2       DbiGetSesInfo
 0001:0008FA92       DbiGetSQLRequest
 0001:000905E4       DbiGetSysConfig
 0001:000905DE       DbiGetSysInfo
 0001:000905EA       DbiGetSysVersion
 0001:00090620       DbiGetTableOpenCount
 0001:00090650       DbiGetTableTypeDesc
 0001:00090380       DbiGetTimeFormat
 0001:0008FFAE       DbiGetTranInfo
 0001:0008FB16       DbiGetVchkDesc
 0001:0008F894       DbiImportODBC
 0001:0008DFC4       DbiInit
 0001:00091AA6       DbiInitFn
 0001:00090530       DbiInitRecord
 0001:000907AC       DbiInsertRecord
 0001:000906FE       DbiIsRecordLocked
 0001:000906F8       DbiIsTableLocked
 0001:000906F2       DbiIsTableShared
 0001:00090710       DbiLinkDetail
 0001:000906EC       DbiLinkDetailToExp
 0001:00090626       DbiLoadDriver
 0001:0008FBC4       DbiMakePermanent
 0001:000907A6       DbiModifyRecord
 0001:0008FBBE       DbiNativeToAnsi
 0001:0009061A       DbiOpenBlob
 0001:0008FBE2       DbiOpenCfgInfoList
 0001:0008FBDC       DbiOpenConfigFile
 0001:00090800       DbiOpenDatabase
 0001:00090662       DbiOpenDatabaseList
 0001:0009066E       DbiOpenDriverList
 0001:0009074C       DbiOpenFamilyList
 0001:00090764       DbiOpenFieldList
 0001:0009064A       DbiOpenFieldTypesList
 0001:0008FB28       DbiOpenFieldXlt
 0001:00090770       DbiOpenFileList
 0001:0008F942       DbiOpenFunctionArgList
 0001:0008F948       DbiOpenFunctionList
 0001:00090566       DbiOpenIndex
 0001:0009076A       DbiOpenIndexList
 0001:0009063E       DbiOpenIndexTypesList
 0001:0009075E       DbiOpenLdList
 0001:00090680       DbiOpenLockList
 0001:0008F816       DbiOpenNestedTable
 0001:0008F80A       DbiOpenRef
 0001:0008F8EE       DbiOpenRepositoryList
 0001:00090752       DbiOpenRintList
 0001:00090734       DbiOpenSecurityList
 0001:0008F8D0       DbiOpenSessionRepository
 0001:0008FAB6       DbiOpenSPList
 0001:0008FAB0       DbiOpenSPParamList
 0001:000907F4       DbiOpenTable
 0001:00090776       DbiOpenTableList
 0001:00090656       DbiOpenTableTypesList
 0001:00090686       DbiOpenUserList
 0001:00090758       DbiOpenVchkList
 0001:000904CA       DbiPackTable
 0001:00090608       DbiPutBlob
 0001:00090578       DbiPutField
 0001:00090590       DbiQAlloc
 0001:000905A8       DbiQExec
 0001:000905B4       DbiQExecDirect
 0001:0008FA9E       DbiQExecProcDirect
 0001:00090596       DbiQFree
 0001:0009058A       DbiQGetBaseDescs
 0001:0009059C       DbiQInstantiateAnswer
 0001:000905AE       DbiQPrepare
 0001:0008FA98       DbiQPrepareExt
 0001:0008FAAA       DbiQPrepareProc
 0001:000905A2       DbiQSetParams
 0001:0008FAA4       DbiQSetProcParams
 0001:00090728       DbiReadBlock
 0001:000904BE       DbiRegenIndex
 0001:000904B8       DbiRegenIndexes
 0001:00090584       DbiRegisterCallBack
 0001:000906C8       DbiRelPersistTableLock
 0001:000906D4       DbiRelRecordLock
 0001:000906DA       DbiRelTableLock
 0001:00090512       DbiRenameTable
 0001:0009078E       DbiResetRange
 0001:000906C2       DbiSaveChanges
 0001:0008F8B8       DbiSchemaCacheFlush
 0001:000906A4       DbiSetCurrSession
 0001:00090386       DbiSetDateFormat
 0001:0008F8E8       DbiSetDefaultRepository
 0001:0009077C       DbiSetDirectory
 0001:0009049A       DbiSetFieldMap
 0001:00090674       DbiSetLockRetry
 0001:0009036E       DbiSetNumberFormat
 0001:0009067A       DbiSetPrivateDir
 0001:0008FBAC       DbiSetProp
 0001:00090794       DbiSetRange
 0001:0009037A       DbiSetTimeFormat
 0001:000907DC       DbiSetToBegin
 0001:00090542       DbiSetToBookMark
 0001:000907D0       DbiSetToCursor
 0001:000907D6       DbiSetToEnd
 0001:00090788       DbiSetToKey
 0001:000904EE       DbiSetToRecordNo
 0001:0009052A       DbiSetToSeqNo
 0001:0008FFA8       DbiSortTable
 0001:0008F840       DbiSQLTextToCanEx
 0001:000906AA       DbiStartSession
 0001:0009055A       DbiSwitchToIndex
 0001:000904DC       DbiTimeDecode
 0001:000904E2       DbiTimeEncode
 0001:000904D0       DbiTimeStampDecode
 0001:000904D6       DbiTimeStampEncode
 0001:0008FB40       DbiTranslateField
 0001:0008FB46       DbiTranslateRecordStructure
 0001:00090602       DbiTruncateBlob
 0001:00090002       DbiUndeleteRecord
 0001:0009070A       DbiUnlinkDetail
 0001:00090482       DbiUseIdleTime
 0001:0008FB2E       DbiValidateProp
 0001:00090524       DbiVerifyField
 0001:00090722       DbiWriteBlock
 0002:00004C0C       DBScreen
 0001:000A051C       DBTables
 0002:00000180       DCon10
 0002:000006B4       DDBsOnly
 0001:000263CC       DeallocateHWnd
 0002:00000028       DebugHook
 0002:0000468F       DecimalSeparator
 0001:00016AE0       DecIndices
 0001:00009B94       DecodeDate
 0001:00009A48       DecodeDateFully
 0001:000098B8       DecodeTime
 0001:000007F8       Decommit
 0001:00000E14       DecommitFree
 0002:000045FC       decommittedRoot
 0001:00067940       Default
 0001:0006D010       Default
 0002:00000020       Default8087CW
 0002:00000DEC       DefaultDockTreeClass
 0002:0000122C       DefaultFieldClasses
 0001:00093E78       DefaultSession
 0002:000045C0       DefaultUserCodePage
 0002:00000908       DefBrushData
 0002:00000688       DefFontData
 0001:00005F14       DefFrameProc
 0001:000C66F0       DefineProperties
 0002:00000210       DefLongDayNames
 0002:000001C4       DefLongMonthNames
 0001:00005F1C       DefMDIChildProc
 0002:000008E8       DefPenData
 0002:000001F4       DefShortDayNames
 0002:00000194       DefShortMonthNames
 0001:00005F24       DefWindowProc
 0001:000048C0       DelayLoadResourceModule
 0001:000004B4       DeleteBlock
 0001:00005964       DeleteCriticalSection
 0001:00000424       DeleteCriticalSection
 0001:00005C74       DeleteDC
 0001:00005C7C       DeleteEnhMetaFile
 0001:00000C5C       DeleteFree
 0001:00005F2C       DeleteMenu
 0001:00005C84       DeleteObject
 0001:00043548       DeleteSelectedText
 0001:0002D21C       DeselectBitmap
 0001:00005F34       DestroyCursor
 0001:00005F3C       DestroyIcon
 0001:000393E4       DestroyLocals
 0001:00005F44       DestroyMenu
 0001:000A2F38       DestroyToolbarList
 0001:00005F4C       DestroyWindow
 0001:000AB240       DeviceCapabilities
 0001:00047A30       DialogEnumerationTester
 0001:00034C00       DialogHook
 0001:00035EA4       Dialogs
 0002:00000944       DIBPalSizes
 0002:0000008C       dig
 0002:000056B5       DisableDrawing
 0001:00064C80       DisableTaskWindows
 0001:00075E50       DispatchInvoke
 0001:00076430       DispatchInvokeError
 0001:00005F54       DispatchMessage
 0001:0006AF98       DispatchShortCut
 0001:0007644C       DispCall
 0001:00076530       DispCallByID
 0002:00004000       DispCallByIDProc
 0001:0007635C       DispCallError
 0001:0007C32C       DisposeMem
 0001:00007648       DivMod
 0001:000343A4       Dlgs
 0001:00094744       DLLDetachCallBack
 0002:0000466C       DllProc
 0001:00050438       DoAlign
 0001:0006C29C       DoAlign
 0001:000A5E40       DoBegin
 0001:00087338       DoBindFields
 0001:00054530       DoCalcConstraints
 0001:000D3910       DoCalcHeight
 0002:00004B5C       DockSiteList
 0001:00060D50       DoClick
 0002:000056B4       DocMode
 0001:000A7570       DoCommand
 0001:000A7374       DoConst
 0001:00051B7C       DoControlMsg
 0001:00032168       DocumentProperties
 0001:000A5DE0       DoDigit
 0001:00064C30       DoDisableWindow
 0001:0004B504       DoDragOver
 0001:000A6A84       DoEqual
 0001:000C6574       DoError
 0001:000A6D88       DoExpression
 0001:000A708C       DoFactor
 0001:000565A0       DoFindControlZone
 0001:00064D6C       DoFindWindow
 0001:00056B2C       DoFindZone
 0001:000A663C       DoFor
 0001:00056624       DoForEach
 0001:000A7440       DoFunc
 0001:000A750C       DoFuncId
 0001:00057F30       DoGetNextLimit
 0001:000A6990       DoGoto
 0001:000A5F70       DoIf
 0001:000A7410       DoLabel
 0001:000D8604       DoLoop
 0001:00064BF8       DoneApplication
 0001:00058C90       DoneControls
 0001:0000C1D8       DoneExceptions
 0001:00069314       DoNestedActivation
 0001:00024FEC       DoneThreadSynchronization
 0002:00006483       DontShowReport
 0001:0004FFF8       DoPosition
 0001:0006C0EC       DoPosition
 0001:00057558       DoPrune
 0001:000377D4       DoRect
 0001:000A626C       DoRepeat
 0001:00057A30       DoSaveZone
 0001:00057C34       DoSetNewBounds
 0001:000A6E9C       DoSExpression
 0002:000011F4       Dot
 0001:000A6F84       DoTerm
 0002:00000610       DotSep
 0001:000A72CC       DoVariable
 0001:000A6434       DoWhile
 0001:0001DF2C       DoWrite
 0001:0005B6A0       DoWrite
 0001:0002AF74       DoWrite
 0001:0002BE4C       DoWrite
 0001:00051164       DoWriteDesignSize
 0001:0004EBD0       DoWriteIsControl
 0002:00004B40       DragCapture
 0002:00004B34       DragControl
 0001:0004BC4C       DragDone
 0001:0004B4B4       DragFindTarget
 0001:0004B488       DragFindWindow
 0002:00004B58       DragImageList
 0001:0004B8A4       DragInit
 0001:0004BA14       DragInitControl
 0002:00004B3C       DragInternalObject
 0001:0004B3D0       DragMessage
 0002:00004B38       DragObject
 0002:00004B64       DragSave
 0002:00004B4C       DragSaveCursor
 0002:00004B44       DragStartPos
 0002:00004B50       DragThreshold
 0001:0004B5D4       DragTo
 0001:0006D04C       DrawAppIcon
 0001:00039174       DrawButtonFace
 0001:000570C4       DrawCloseButton
 0001:00005F5C       DrawEdge
 0001:00005F64       DrawFocusRect
 0001:00005F6C       DrawFrameControl
 0001:0005711C       DrawGrabberLine
 0001:00005F74       DrawIcon
 0001:00005F7C       DrawIconEx
 0002:00000F20       DrawingStyles
 0001:00005F84       DrawMenuBar
 0001:00062090       DrawMenuItem
 0001:00005F8C       DrawText
 0001:000CC560       DrawText
 0002:00004988       DrawThemeBackground
 0002:000049AC       DrawThemeEdge
 0002:000049B0       DrawThemeIcon
 0002:00004A34       DrawThemeParentBackground
 0002:0000498C       DrawThemeText
 0001:0008F82E       DsProviderGetDataPacket
 0001:0008F828       DsResolver
 0001:000DC994       Dup
 0001:00029DB4       DupBits
 0001:00016A8C       DynArrayBounds
 0001:0000456C       DynArrayClear
 0001:00016A04       DynArrayDim
 0001:000169E8       DynArrayElTypeInfo
 0001:00016F3C       DynArrayFromVariant
 0001:000169A8       DynArrayIndex
 0001:00004574       DynArraySetLength
 0001:00016A1C       DynArraySize
 0001:00016BEC       DynArrayToVariant
 0001:00016B4C       DynArrayVariantBounds
 0001:00016BA4       DynArrayVarType
 0001:00094DBC       EDBEngineError.Create
 0001:000950D8       EDBEngineError.Destroy
 0001:0009512C       EDBEngineError.GetError
 0002:0000100C       EdgeStyle
 0002:00000D48       EdgeStyles
 0002:00000ED4       EdgeStyles
 0001:0000BC24       EHeapException.FreeInstance
 0001:000ACFD8       EmitMessage
 0001:00014EE8       EmptyCompare
 0001:000148E8       EmptyOp
 0002:00004804       EmptyParam
 0002:000000CC       EmptyStr
 0002:000000D0       EmptyWideStr
 0001:00005F94       EnableMenuItem
 0002:00000FA4       Enables
 0001:00005F9C       EnableScrollBar
 0001:00064D34       EnableTaskWindows
 0002:00004A1C       EnableThemeDialogTexture
 0002:00004A38       EnableTheming
 0001:00005FA4       EnableWindow
 0001:00009A18       EncodeDate
 0001:000A93C8       EncodePwd
 0001:00009878       EncodeTime
 0001:00005C8C       EndDoc
 0001:0001C7EC       EndGlobalLoading
 0001:0008C378       EndOfLiteral
 0001:00005C94       EndPage
 0001:00005FAC       EndPaint
 0002:00002124       EndType
 0001:00000414       EnterCriticalSection
 0001:0000596C       EnterCriticalSection
 0001:00005974       EnumCalendarInfoA
 0001:000A8D54       EnumComponents
 0002:0000491C       EnumDisplayMonitors
 0001:000C3754       EnumEMFRecordsProc
 0001:00005C9C       EnumEnhMetaFile
 0001:0000B444       EnumEraNames
 0001:0000B480       EnumEraYearOffsets
 0001:00067F04       EnumMonitorsProc
 0001:00032170       EnumPrinters
 0001:00004D74       EnumResourceModules
 0001:00004D6C       EnumResourceModules
 0001:00007ED4       EnumStringModules
 0001:00005FB4       EnumThreadWindows
 0001:0002041C       EnumValue
 0001:00005FBC       EnumWindows
 0001:00075B80       EOleException.Create
 0001:00075AB0       EOleSysError.Create
 0001:00005FC4       EqualRect
 0002:00004758       EraNames
 0001:0000AB00       EraToYear
 0002:00004774       EraYearOffsets
 0002:00000064       errCaption
 0001:0008DFBC       ErrCat
 0001:0001FC00       Error
 0001:0005CD90       Error
 0001:000018D4       Error
 0001:0001BCF8       Error
 0002:00000004       ErrorAddr
 0001:00001888       ErrorAt
 0002:000063BD       ErrorFlag
 0001:0000BCD0       ErrorHandler
 0002:0000022C       ErrorMap
 0002:00004008       ErrorProc
 0002:000063C0       ErrorStr
 0002:000043E8       ErrOutput
 0001:0007C150       EUpdateError.Create
 0001:0007C1F4       EUpdateError.Destroy
 0002:00001384       Events
 0001:00001828       ExceptAddr
 0002:0000400C       ExceptClsProc
 0001:0000C144       ExceptHandler
 0001:0000BA50       Exception.Create
 0001:0000BA8C       Exception.CreateFmt
 0001:0000BBDC       Exception.CreateHelp
 0001:0000BB0C       Exception.CreateRes
 0001:0000BB48       Exception.CreateResFmt
 0002:0000401C       ExceptionClass
 0001:0000B7DC       ExceptionErrorMessage
 0002:00000264       ExceptMap
 0001:00001808       ExceptObject
 0002:00004010       ExceptObjProc
 0002:00004004       ExceptProc
 0001:00005CA4       ExcludeClipRect
 0002:00000000       ExitCode
 0001:00003074       ExitDll
 0002:00004048       ExitProc
 0001:000002E0       ExitProcess
 0002:00004028       ExitProcessProc
 0001:000056A0       ExitProcessTLS
 0001:00005678       ExitThreadTLS
 0001:000082C0       ExpandFileName
 0001:000D7C9C       ExpandVariables
 0001:00034ED8       ExplorerHook
 0002:00006484       ExportStream
 0001:0003A1BC       ExtActns
 0001:00038FC8       ExtCtrls
 0001:0003950C       ExtDlgs
 0002:00000DAC       ExtendSelects
 0001:000A9084       ExtractCommaName
 0001:0007C354       ExtractFieldName
 0001:00008278       ExtractFileExt
 0001:00008240       ExtractFileName
 0001:00035550       ExtractFileName
 0001:00035598       ExtractFileNames
 0001:00075128       ExtractLiterals
 0001:00074D7C       ExtractMoneySymbol
 0002:0000213C       Exts
 0001:00005CAC       ExtTextOut
 0002:00004794       FalseBoolStrs
 0001:0000597C       FatalAppExitA
 0002:00004A8C       FClipboard
 0002:00000174       FCon1E18
 0002:000011EC       FConst10
 0002:00004C50       FCSect
 0001:00032278       FetchStr
 0002:000012C4       FieldTypeNames
 0001:000080B4       FileAge
 0001:000080AC       FileClose
 0001:00008014       FileCreate
 0001:00007FF0       FileCreate
 0001:0000811C       FileExists
 0002:0000093C       FileFormats
 0002:00000008       FileMode
 0001:00007F98       FileOpen
 0001:0000801C       FileRead
 0002:0000064C       FilerSignature
 0001:00008074       FileSeek
 0001:00005984       FileTimeToDosDateTime
 0001:0000598C       FileTimeToLocalFileTime
 0001:00008048       FileWrite
 0001:00000D44       FillAfterGap
 0001:00000CF0       FillBeforeGap
 0001:00000DDC       FillerSizeAfterGap
 0001:00000D6C       FillerSizeBeforeGap
 0001:00005FCC       FillRect
 0001:0005BDF0       Finalization
 0001:0000E580       Finalization
 0001:000AA9D0       Finalization
 0001:000AB190       Finalization
 0001:0006F0F4       Finalization
 0001:000ABE58       Finalization
 0001:00019CB4       Finalization
 0001:0006FB3C       Finalization
 0001:000AC99C       Finalization
 0001:0006FBAC       Finalization
 0001:0006FE0C       Finalization
 0001:000ACC90       Finalization
 0001:0005A230       Finalization
 0001:00019BF4       Finalization
 0001:000ACCE0       Finalization
 0001:00058F00       Finalization
 0001:00070D54       Finalization
 0001:000A8010       Finalization
 0001:0000DB9C       Finalization
 0001:00026830       Finalization
 0001:000263F4       Finalization
 0001:00091E00       Finalization
 0001:00075844       Finalization
 0001:000A567C       Finalization
 0001:000758BC       Finalization
 0001:00091CF0       Finalization
 0001:000C4434       Finalization
 0001:000303DC       Finalization
 0001:000305BC       Finalization
 0001:000C4148       Finalization
 0001:000C04A4       Finalization
 0001:00030874       Finalization
 0001:00030970       Finalization
 0001:000E3FE8       Finalization
 0001:000310F0       Finalization
 0001:00031130       Finalization
 0001:00076684       Finalization
 0001:000C0014       Finalization
 0001:00032118       Finalization
 0001:00032180       Finalization
 0001:00091C88       Finalization
 0001:000182E8       Finalization
 0001:000180A4       Finalization
 0001:00047CA8       Finalization
 0001:00047024       Finalization
 0001:0006236C       Finalization
 0001:00089F0C       Finalization
 0001:00046EBC       Finalization
 0001:000335C0       Finalization
 0001:0008DF84       Finalization
 0001:0000662C       Finalization
 0001:000E4764       Finalization
 0001:0003376C       Finalization
 0001:00006664       Finalization
 0001:000069EC       Finalization
 0001:000A0490       Finalization
 0001:000340F0       Finalization
 0001:00034160       Finalization
 0001:00034198       Finalization
 0001:000E4A40       Finalization
 0001:000A09B8       Finalization
 0001:000341D8       Finalization
 0001:000057D0       Finalization
 0001:000A0AD4       Finalization
 0001:00034210       Finalization
 0001:000A0B0C       Finalization
 0001:00034248       Finalization
 0001:00034280       Finalization
 0001:000342EC       Finalization
 0001:0003433C       Finalization
 0001:000A2C18       Finalization
 0001:00034374       Finalization
 0001:0003AE24       Finalization
 0001:0003A2FC       Finalization
 0001:00005758       Finalization
 0001:0003A1C4       Finalization
 0001:0003A16C       Finalization
 0001:0003A114       Finalization
 0001:0003A0B0       Finalization
 0001:00035E48       Finalization
 0001:000A3528       Finalization
 0001:0003952C       Finalization
 0001:000E4A78       Finalization
 0001:000394DC       Finalization
 0001:0003947C       Finalization
 0001:000390C4       Finalization
 0001:00039030       Finalization
 0001:00038FF8       Finalization
 0001:0000549C       Finalization
 0001:00038F80       Finalization
 0001:0003329C       Finalization
 0001:00004564       FinalizeArray
 0001:00002E20       FinalizeUnits
 0001:00060B10       Find
 0001:00022F50       FindAncestor
 0001:00004930       FindBS
 0001:0001C214       FindClass
 0001:000048B8       FindClassHInstance
 0001:00005994       FindClose
 0001:000002F0       FindClose
 0001:00000CC0       FindCommitted
 0001:0004A5A4       FindControl
 0001:00056D58       FindControlAtPos
 0001:00017E40       FindCustomVariantType
 0001:00017EF8       FindCustomVariantType
 0001:0004BF70       FindDragTarget
 0001:00020E1C       FindExistingComponent
 0001:000A8848       FindField
 0001:0000599C       FindFirstFile
 0001:000002F8       FindFirstFile
 0001:000059A4       FindFirstFileA
 0001:00064E78       FindGlobalComponent
 0001:0001C67C       FindGlobalComponent
 0002:00004868       FindGlobalComponentProcs
 0001:00004890       FindHInstance
 0001:0001C524       FindIdentToInt
 0001:0001C4A8       FindIntToIdent
 0002:00004A78       FindMsg
 0001:0001FFAC       FindNestedComponent
 0001:0005CD58       FindPopupControl
 0001:0000E248       FindProc
 0001:000059AC       FindResource
 0001:00004908       FindResourceHInstance
 0001:0006E948       FindScanline
 0001:000464A0       FindString
 0001:00007F10       FindStringResource
 0001:00064DD0       FindTopMostWindow
 0001:00021D00       FindUniqueName
 0001:00016244       FindVarData
 0001:0004BF3C       FindVCLWindow
 0001:00005FD4       FindWindow
 0001:00047A88       FindWinHelp
 0001:0002D614       FixupBitFields
 0002:0000101C       Flags
 0002:000047A4       FLanguages
 0001:000335F0       FlatSB
 0002:00004948       FlatSB_EnableScrollBar
 0002:00004954       FlatSB_GetScrollInfo
 0002:00004958       FlatSB_GetScrollPos
 0002:00004950       FlatSB_GetScrollRange
 0002:00004960       FlatSB_SetScrollInfo
 0002:0000495C       FlatSB_SetScrollPos
 0001:000332E0       FlatSB_SetScrollProp
 0002:00004964       FlatSB_SetScrollRange
 0002:0000494C       FlatSB_ShowScrollBar
 0002:00002058       FldSubTypeMap
 0002:00002030       FldTypeMap
 0002:00004CBC       FloatingToolBars
 0001:00009148       FloatToDecimal
 0001:00009488       FloatToStr
 0001:000094E8       FloatToStrF
 0001:00008B80       FloatToText
 0001:00008E54       FloatToTextFmt
 0002:00003058       FLocale
 0001:00001C00       Flush
 0002:00000188       FMSecsPerDay
 0001:00075880       FMTBcd
 0002:000011B8       FMTBcdVariantType
 0001:00008A7C       FmtStr
 0002:00001038       FocusCount
 0002:00001034       FocusMessages
 0002:00000858       FontCharsets
 0002:000048E0       FontManager
 0002:00000998       ForceCurrentDirectory
 0001:00064E4C       ForegroundTask
 0002:00000190       Format
 0001:00008A68       Format
 0001:0007577C       FormatBcd
 0001:00008670       FormatBuf
 0001:00008664       FormatClearStr
 0001:000095B0       FormatCurr
 0001:0000A888       FormatDateTime
 0001:000085E8       FormatError
 0002:0000016C       FormatErrorStrs
 0001:00009558       FormatFloat
 0001:0006FB08       FormatMaskText
 0001:000059B4       FormatMessage
 0001:000ACFE0       FormatMessage
 0001:000753C4       FormatOneBcd
 0001:00008640       FormatVarToStr
 0001:000E4A70       FormDLL
 0001:0006F150       Forms
 0001:00001F54       FPower10
 0002:00000994       FPrinter
 0001:000740EC       FractionToStr
 0001:000C62F8       frAddFunctionDesc
 0002:000056B8       frAddIns
 0002:00005AB8       frAddInsCount
 0001:00037898       Frame3D
 0001:00005FDC       FrameRect
 0001:000A0A0C       frAssignBlobTo
 0002:000062D0       frBandNames
 0002:000062CC       frCharset
 0002:00002FA8       frColorNames
 0002:00002F00       frColors
 0002:00005698       frCompressor
 0002:00005694       frConsts
 0001:000A8664       frControlAtPos
 0001:000C6028       frCreateObject
 0002:00006400       frCrossDataSourceEditor
 0002:00005684       frDataManager
 0002:000063F8       frDataSourceEditor
 0002:0000639C       frDateFormats
 0002:00005650       frDefaultPaper
 0002:0000567C       frDesigner
 0002:00005680       frDesignerClass
 0002:0000569C       frDialogForm
 0001:0000D77C       FreeAndNil
 0001:0009A858       FreeBuffer
 0001:00000A2C       FreeCommitted
 0001:00000F4C       FreeCurAlloc
 0001:0004C030       FreeDeviceContext
 0001:0004C0EC       FreeDeviceContexts
 0001:000261C0       FreeIntConstList
 0001:00000300       FreeLibrary
 0001:000059BC       FreeLibrary
 0001:0002D170       FreeMemoryContexts
 0001:00064EF8       FreeObjectInstance
 0001:000262F4       FreeObjectInstance
 0001:000059DC       FreeResource
 0001:000006AC       FreeSpace
 0001:000943EC       FreeStatementLocale
 0001:0000D1A8       FreeTerminateProcs
 0001:000337A4       FreeThemeLibrary
 0001:000946B4       FreeTimer
 0001:000A85A8       frEnableControls
 0002:000063F0       frFieldEditor
 0001:000AA930       frFieldIsNull
 0002:00005ABC       frFilters
 0002:00005DBC       frFiltersCount
 0001:000A8BCC       frFindComponent
 0002:00006410       frFontEditor
 0001:000A0AA8       frFreeBookmark
 0002:00005DC0       frFunctions
 0002:00005EC0       frFunctionsCount
 0001:000A0A94       frGetBookmark
 0001:000A8F00       frGetComponents
 0001:000A88D0       frGetDataSetAndField
 0001:000DC9F8       frGetDateFormat
 0001:000A0A5C       frGetFieldNames
 0001:000A8750       frGetFieldValue
 0001:000A80B0       frGetFontStyle
 0002:00006418       frGlobals
 0001:000A0AA0       frGotoBookmark
 0002:000063E8       frHighlightEditor
 0002:00004AEC       FRichEditModule
 0002:000062C4       frInstalledFunctions
 0002:0000568C       frInterpretator
 0001:000A09F0       frIsBlob
 0001:000A0AB4       frIsBookmarksEqual
 0001:000A9198       frLoadStr
 0001:000E0A1C       frLocale
 0002:000063D0       frMemoEditor
 0002:00005688       frParser
 0002:00006408       frPictureEditor
 0002:000063CC       frProgressForm
 0001:000A80DC       frReadMemo
 0001:000A83B8       frReadMemo22
 0001:000A8294       frReadString
 0001:000A84A8       frReadString22
 0001:000A8564       frReadWord
 0001:000C61C8       frRegisterFunctionLibrary
 0001:000A9034       frRemoveQuotes
 0002:00002EDC       frRepInfo
 0002:000063E0       frRestrEditor
 0001:000A9110       frSetCommaText
 0001:000A8048       frSetFontStyle
 0002:00002EB8       frSpecFuncs
 0001:000A9298       frStreamToString
 0002:000063D8       frTagEditor
 0002:000063C8       frThreadDone
 0002:000063AC       frTimeFormats
 0002:00005EC4       frTools
 0001:000C6248       frUnRegisterFunctionLibrary
 0002:00005690       frVariables
 0002:000063BC       frVersion
 0001:000A8594       frWriteInteger
 0001:000A81A4       frWriteMemo
 0001:000A8328       frWriteString
 0001:000A857C       frWriteWord
 0001:000E413C       FR_Class
 0001:000A0B3C       FR_Const
 0001:000A2C48       FR_Ctrls
 0001:000A0B04       FR_DBRel
 0001:000E4794       FR_DBSet
 0001:000A3574       FR_Dock
 0001:000A09E8       FR_DSet
 0001:000AB1C0       FR_FmtEd
 0001:000A8040       FR_Intrp
 0001:000A56AC       FR_Pars
 0001:000ACCC0       FR_passw
 0001:000AC9CC       FR_PrDlg
 0001:000ABEA8       FR_Prntr
 0001:000C4464       FR_progr
 0001:000C04D4       FR_Srch
 0001:000AAA00       FR_Utils
 0001:000C4178       FR_View
 0001:0000D278       GDAL
 0001:00029DA4       GDICheck
 0001:00029CFC       GDIError
 0001:00005CB4       GdiFlush
 0001:00001B20       Get8087CW
 0001:000059E4       GetACP
 0001:00005FE4       GetActiveWindow
 0001:000A3240       GetAlign
 0001:0006C778       GetAnimation
 0001:000358B0       GetAveCharSize
 0001:00005CBC       GetBitmapBits
 0001:0000042C       GetBlockDesc
 0001:000A3784       GetBrackedVariable
 0001:00005CC4       GetBrushOrgEx
 0001:0000643C       GetBValue
 0001:00005FEC       GetCapture
 0001:0004A86C       GetCaptureControl
 0001:000CF444       GetChildBands
 0001:0001C1C0       GetClass
 0001:00005FF4       GetClassInfo
 0001:00005FFC       GetClassName
 0001:00006004       GetClientRect
 0001:0000600C       GetClipboardData
 0001:0002B868       GetClipboardFormats
 0001:00005CCC       GetClipBox
 0001:00005CD4       GetClipRgn
 0001:000003C8       GetCmdShow
 0001:0005A488       GetColor
 0001:0003A29C       GetComCtlVersion
 0001:00000308       GetCommandLine
 0001:00000878       GetCommitted
 0001:00000908       GetCommittedAt
 0001:000242E0       GetComponentValue
 0001:00051730       GetControlAtPos
 0001:00009D50       GetCount
 0001:000059EC       GetCPInfo
 0001:000059F4       GetCurrentDirectoryA
 0001:00005CDC       GetCurrentPositionEx
 0001:000059FC       GetCurrentProcessId
 0002:00004A2C       GetCurrentThemeName
 0001:00005A04       GetCurrentThreadId
 0001:000003B8       GetCurrentThreadId
 0001:000063C0       GetCurrentTime
 0001:00006014       GetCursor
 0001:0006E958       GetCursorHeightMargin
 0001:0000601C       GetCursorPos
 0001:000CF4FC       GetDataBands
 0001:00009D7C       GetDate
 0001:00005A0C       GetDateFormat
 0001:0000AA18       GetDateOrder
 0001:00006024       GetDC
 0001:0000602C       GetDCEx
 0001:00005CE4       GetDCOrgEx
 0001:000C63AC       GetDefaultDataSet
 0001:0009BF88       GetDefaultExpression
 0001:0002FFEC       GetDefFontCharSet
 0001:0001D52C       GetDesigner
 0001:00006034       GetDesktopWindow
 0001:00005CFC       GetDeviceCaps
 0001:0002AD04       GetDIB
 0001:00005CEC       GetDIBColorTable
 0001:00005CF4       GetDIBits
 0001:0002AC4C       GetDIBSizes
 0001:00029F14       GetDInColors
 0001:00005A14       GetDiskFreeSpaceA
 0002:00000140       GetDiskFreeSpaceEx
 0001:0000603C       GetDlgItem
 0001:00058010       GetDockAlign
 0001:0004B214       GetDockSiteAtPos
 0001:0004B540       GetDropCtl
 0001:000025D4       GetDynaMethod
 0001:00005D04       GetEnhMetaFileBits
 0001:00005D0C       GetEnhMetaFileDescription
 0001:00005D14       GetEnhMetaFileHeader
 0001:00005D1C       GetEnhMetaFilePaletteEntries
 0001:00018BD4       GetEnumName
 0001:00018CAC       GetEnumNameValue
 0001:00018F58       GetEnumProp
 0001:00018CF8       GetEnumValue
 0001:0000B4F8       GetEraNamesAndYearOffsets
 0001:0000AAAC       GetEraYearOffset
 0001:00019CA0       GetErrorInfo
 0001:00094D4C       GetErrorString
 0001:0000BE94       GetExceptionClass
 0001:0000C078       GetExceptionObject
 0001:0001C148       GetFieldClassTable
 0001:0009BDE8       GetFieldConstraint
 0001:0008AB54       GetFieldInfo
 0001:00094004       GetFieldSource
 0001:0002B848       GetFileFormats
 0001:0000C2E8       GetFileVersion
 0001:00005BBC       GetFileVersionInfo
 0001:00005BC4       GetFileVersionInfoSize
 0001:00019680       GetFloatProp
 0001:00006044       GetFocus
 0001:000283F0       GetFontData
 0001:0000604C       GetForegroundWindow
 0001:000756B8       GetFormat
 0001:0000CC2C       GetFormatSettings
 0001:00005A1C       GetFullPathName
 0001:00006438       GetGValue
 0001:0002795C       GetHashCode
 0001:000978D8       GetHashCode
 0001:00069CF0       GetHelpInfo
 0001:000315B0       GetHelpSystem
 0001:0006C55C       GetHint
 0001:0006C594       GetHintControl
 0001:0006220C       GetHotkey
 0001:00006054       GetIconInfo
 0001:000A5744       GetIdentify
 0001:000761C8       GetIDsOfNames
 0001:0009F874       GetIdx
 0001:00019A9C       GetInt64Prop
 0001:00019B00       GetInterfaceProp
 0001:00094AE0       GetIntProp
 0001:0000606C       GetKeyboardLayout
 0001:00006074       GetKeyboardLayoutList
 0001:0000607C       GetKeyboardState
 0001:00002240       GetKeyboardType
 0001:0000605C       GetKeyNameText
 0001:00006064       GetKeyState
 0001:00006084       GetLastActivePopup
 0001:000562D8       GetLastChildZone
 0001:00005A24       GetLastError
 0001:000C9078       GetLeftOffset
 0001:0000B2BC       GetLocaleChar
 0001:00005A34       GetLocaleInfo
 0001:00000310       GetLocaleInfo
[...]
 10402 0001:000DEC98 10403 0001:000DEC9C 10406 0001:000DECA2 10407 0001:000DECD1
 10409 0001:000DECDB 10410 0001:000DECE4 10411 0001:000DECEC 10412 0001:000DECF3
 10413 0001:000DED22 10419 0001:000DED2C 10420 0001:000DED4A 10421 0001:000DED4C
 10422 0001:000DED53 10423 0001:000DED5A 10424 0001:000DED61 10425 0001:000DED68
 10426 0001:000DED6F 10428 0001:000DED77 10429 0001:000DED84 10431 0001:000DED92
 10432 0001:000DED99 10433 0001:000DEDA0 10436 0001:000DEDB8 10437 0001:000DEDBE
 10438 0001:000DEDCD 10439 0001:000DEDF2 10440 0001:000DEE11 10441 0001:000DEE3C
 10442 0001:000DEE51 10445 0001:000DEE69 10446 0001:000DEE72 10448 0001:000DEE77
 10451 0001:000DEE8F 10452 0001:000DEE95 10453 0001:000DEEA4 10454 0001:000DEEC9
 10455 0001:000DEEE8 10456 0001:000DEF13 10457 0001:000DEF28 10459 0001:000DEF31
 10460 0001:000DEF3A 10464 0001:000DEF45 10465 0001:000DEF4C 10466 0001:000DEF5E
 10471 0001:000DEF62 10472 0001:000DEF73 10475 0001:000DEFA0 10483 0001:000DEFC0
 10484 0001:000DEFC5 10485 0001:000DEFD1 10487 0001:000DEFE3 10489 0001:000DEFEC
 10490 0001:000DEFF7 10491 0001:000DF001 10492 0001:000DF00B 10493 0001:000DF017
 10494 0001:000DF022 10485 0001:000DF023 10495 0001:000DF026 10496 0001:000DF031
 10497 0001:000DF040 10504 0001:000DF044 10505 0001:000DF075 10506 0001:000DF07C
 10507 0001:000DF087 10508 0001:000DF092 10510 0001:000DF0AA 10511 0001:000DF0B5
 10514 0001:000DF0BB 10516 0001:000DF0BF 10517 0001:000DF0C3 10518 0001:000DF0D3
 10519 0001:000DF0E1 10520 0001:000DF0EA 10522 0001:000DF10C 10523 0001:000DF115
 10524 0001:000DF12E 10526 0001:000DF140 10527 0001:000DF14E 10528 0001:000DF156
 10529 0001:000DF15E 10531 0001:000DF16E 10533 0001:000DF17C 10537 0001:000DF189
 10538 0001:000DF196 10539 0001:000DF19F 10540 0001:000DF1AE 10541 0001:000DF1D6
 10542 0001:000DF1F5 10543 0001:000DF220 10544 0001:000DF238 10548 0001:000DF247
 10551 0001:000DF25F 10554 0001:000DF271 10555 0001:000DF281 10558 0001:000DF28C
 10559 0001:000DF292 10560 0001:000DF2A0 10561 0001:000DF2DA 10569 0001:000DF2F8
 10570 0001:000DF2FB 10571 0001:000DF310 10572 0001:000DF32E 10574 0001:000DF330
 10575 0001:000DF33A 10576 0001:000DF347 10577 0001:000DF351 10578 0001:000DF35B
 10579 0001:000DF360 10580 0001:000DF37B 10582 0001:000DF399 10583 0001:000DF3B5
 10584 0001:000DF3C6 10585 0001:000DF3E9 10580 0001:000DF3EA 10585 0001:000DF3ED
 10579 0001:000DF3EE 10586 0001:000DF3F4 10587 0001:000DF3FE 10593 0001:000DF408
 10594 0001:000DF40F 10595 0001:000DF41B 10596 0001:000DF422 10597 0001:000DF429
 10598 0001:000DF42F 10599 0001:000DF437 10600 0001:000DF446 10601 0001:000DF455
 10602 0001:000DF45C 10603 0001:000DF472 10605 0001:000DF478 10606 0001:000DF47D
 10608 0001:000DF485 10610 0001:000DF4A2 10611 0001:000DF4AC 10612 0001:000DF4BE
 10611 0001:000DF4CD 10613 0001:000DF4D0 10615 0001:000DF4D7 10617 0001:000DF4E9
 10618 0001:000DF4FC 10619 0001:000DF50B 10620 0001:000DF514 10615 0001:000DF515
 10622 0001:000DF518 10624 0001:000DF525 10625 0001:000DF542 10626 0001:000DF558
 10627 0001:000DF56A 10628 0001:000DF57D 10626 0001:000DF58D 10629 0001:000DF590
 10630 0001:000DF5A2 10631 0001:000DF5B5 10629 0001:000DF5C5 10634 0001:000DF5C8
 10635 0001:000DF5D6 10637 0001:000DF5EC 10638 0001:000DF5FE 10639 0001:000DF604
 10640 0001:000DF613 10642 0001:000DF619 10643 0001:000DF622 10644 0001:000DF62F
 10645 0001:000DF653 10647 0001:000DF657 10649 0001:000DF662 10650 0001:000DF669
 10653 0001:000DF6B3 10654 0001:000DF6B9 10656 0001:000DF6C0 10658 0001:000DF6C9
 10659 0001:000DF6DB 10661 0001:000DF6E8 10662 0001:000DF6F6 10635 0001:000DF6F7
 10663 0001:000DF6FE 10664 0001:000DF70B 10665 0001:000DF719 10668 0001:000DF73D
 10669 0001:000DF74F 10670 0001:000DF762 10668 0001:000DF772 10671 0001:000DF775
 10672 0001:000DF787 10673 0001:000DF79A 10671 0001:000DF7AA 10674 0001:000DF7AD
 10675 0001:000DF7B3 10676 0001:000DF7BB 10677 0001:000DF7D2 10678 0001:000DF7DC
 10681 0001:000DF7E4 10682 0001:000DF7E7 10683 0001:000DF7EE 10684 0001:000DF7F5
 10690 0001:000DF7F8 10691 0001:000DF80F 10692 0001:000DF815 10693 0001:000DF81B
 10694 0001:000DF822 10695 0001:000DF829 10696 0001:000DF839 10697 0001:000DF846
 10698 0001:000DF864 10699 0001:000DF875 10702 0001:000DF881 10703 0001:000DF88C
 10704 0001:000DF89E 10705 0001:000DF8AE 10707 0001:000DF8B7 10708 0001:000DF8C0
 10710 0001:000DF8C9 10711 0001:000DF8D3 10712 0001:000DF8DC 10714 0001:000DF905
 10717 0001:000DF918 10718 0001:000DF91C 10719 0001:000DF93D 10720 0001:000DF94C
 10728 0001:000DF950 10729 0001:000DF980 10730 0001:000DF986 10731 0001:000DF98C
 10732 0001:000DF999 10733 0001:000DF9A0 10734 0001:000DF9AE 10735 0001:000DF9B4
 10736 0001:000DF9BD 10737 0001:000DF9C6 10739 0001:000DF9D8 10740 0001:000DF9E0
 10743 0001:000DF9E4 10745 0001:000DF9E6 10748 0001:000DF9FE 10749 0001:000DFA04
 10750 0001:000DFA13 10751 0001:000DFA38 10752 0001:000DFA57 10753 0001:000DFA72
 10754 0001:000DFA87 10758 0001:000DFA95 10759 0001:000DFAA7 10760 0001:000DFAB5
 10761 0001:000DFABE 10764 0001:000DFAD0 10765 0001:000DFAD4 10766 0001:000DFB0D
 10815 0001:000DFB24 10816 0001:000DFB42 10818 0001:000DFB52 10817 0001:000DFB6E
 10819 0001:000DFB7F 10821 0001:000DFB89 10822 0001:000DFB9B 10823 0001:000DFBBC
 10824 0001:000DFBC9 10825 0001:000DFBD8 10828 0001:000DFBE1 10830 0001:000DFBEC
 10831 0001:000DFC09 10832 0001:000DFC0C 10833 0001:000DFC12 10835 0001:000DFC17
 10836 0001:000DFC2F 10833 0001:000DFC30 10839 0001:000DFC37 10840 0001:000DFC50
 10842 0001:000DFC56 10844 0001:000DFC5A 10845 0001:000DFC5E 10846 0001:000DFC7A
 10848 0001:000DFC7D 10826 0001:000DFC7E 10850 0001:000DFCB8 10853 0001:000DFCD8
 10854 0001:000DFCE3 10858 0001:000DFD2B 10860 0001:000DFD44 10862 0001:000DFD67
 10863 0001:000DFD6E 10864 0001:000DFD8F 10866 0001:000DFD98 10867 0001:000DFDA1
 10868 0001:000DFDA8 10869 0001:000DFDB7 10871 0001:000DFDBB 10872 0001:000DFDC4
 10873 0001:000DFDCA 10875 0001:000DFE0E 10880 0001:000DFEA9 10881 0001:000DFEAD
 10883 0001:000DFEDE 10884 0001:000DFEEC 10885 0001:000DFEF8 10886 0001:000DFEFF
 10888 0001:000DFF08 10889 0001:000DFF3D 10890 0001:000DFF50 10892 0001:000DFF5F
 10893 0001:000DFF66 10894 0001:000DFF6A 10896 0001:000DFF6F 10898 0001:000DFF7E
 10899 0001:000DFF9F 10901 0001:000DFFAE 10902 0001:000DFFB7 10903 0001:000DFFCC
 10904 0001:000DFFEB 10905 0001:000DFFF8 10907 0001:000E0007 10908 0001:000E000B
 10909 0001:000E001C 10910 0001:000E0028 10911 0001:000E0032 10912 0001:000E0036
 10914 0001:000E003A 10915 0001:000E0046 10916 0001:000E005B 10918 0001:000E0080
 10919 0001:000E0089 10921 0001:000E0095 10922 0001:000E009F 10923 0001:000E00A7
 10925 0001:000E00AC 10915 0001:000E00AD 10914 0001:000E00B0 10928 0001:000E00B5
 10929 0001:000E00CA 10932 0001:000E00EF 10933 0001:000E00F8 10935 0001:000E0104
 10936 0001:000E010E 10937 0001:000E0116 10939 0001:000E0118 10928 0001:000E0119
 10940 0001:000E011C 10941 0001:000E0126 10943 0001:000E0158 10948 0001:000E0164
 10949 0001:000E0184 10950 0001:000E018E 10951 0001:000E01A3 10952 0001:000E01C3
 10953 0001:000E01EE 10959 0001:000E01F4 10960 0001:000E01F9 10961 0001:000E0211
 10962 0001:000E0221 10960 0001:000E0248 10963 0001:000E024B 10964 0001:000E0250
 10965 0001:000E0276 10966 0001:000E0278 10967 0001:000E0286 10968 0001:000E0294
 10969 0001:000E02C0 10970 0001:000E02CE 10975 0001:000E02F3 10976 0001:000E032F
 10977 0001:000E033E 10978 0001:000E036A 10979 0001:000E0371 10982 0001:000E039C
 10989 0001:000E03A4 10990 0001:000E03C7 10991 0001:000E03D4 10992 0001:000E03E4
 10993 0001:000E03EC 10994 0001:000E03F2 10996 0001:000E03FD 10997 0001:000E040A
 10999 0001:000E041C 11000 0001:000E042B 11001 0001:000E0436 11002 0001:000E0441
 11003 0001:000E044E 11004 0001:000E045B 11005 0001:000E046C 11006 0001:000E0474
 11007 0001:000E0482 11008 0001:000E0490 11009 0001:000E049D 11010 0001:000E04AE
 11012 0001:000E04FC 11014 0001:000E0516 11015 0001:000E0524 11016 0001:000E0530
 11017 0001:000E053B 11018 0001:000E0543 11019 0001:000E054D 11020 0001:000E0555
 11021 0001:000E055E 11023 0001:000E05A1 11028 0001:000E05B4 11029 0001:000E05D9
 11030 0001:000E05DB 11032 0001:000E05F0 11033 0001:000E0607 11035 0001:000E060B
 11030 0001:000E060C 11036 0001:000E062E 11219 0001:000E0638 11220 0001:000E064A
 11221 0001:000E0653 11223 0001:000E0679 11226 0001:000E067C 11227 0001:000E0687
 11228 0001:000E068F 11229 0001:000E06A6 11235 0001:000E06AC 11236 0001:000E06FC
 11237 0001:000E06FE 11238 0001:000E0708 11240 0001:000E070C 11241 0001:000E0724
 11243 0001:000E0750 11246 0001:000E075C 11247 0001:000E0791 11248 0001:000E07CC
 11253 0001:000E07D4 11254 0001:000E07E6 11256 0001:000E0806 11261 0001:000E080C
 11266 0001:000E0810 11271 0001:000E0814 11272 0001:000E0826 11273 0001:000E082F
 11274 0001:000E0855 11279 0001:000E0858 11282 0001:000E0865 11283 0001:000E086C
 11284 0001:000E0877 11280 0001:000E0881 11286 0001:000E088A 11287 0001:000E0892
 11288 0001:000E08A9 11295 0001:000E08AC 11296 0001:000E08E4 11297 0001:000E08EA
 11299 0001:000E08FB 11300 0001:000E090A 11301 0001:000E0917 11297 0001:000E0918
 11303 0001:000E091B 11304 0001:000E092D 11305 0001:000E0932 11306 0001:000E093D
 11307 0001:000E0948 11308 0001:000E0953 11309 0001:000E098A 11371 0001:000E0994
 11372 0001:000E09A3 11375 0001:000E09A7 11376 0001:000E09B0 11378 0001:000E09ED
 11379 0001:000E09FA 11382 0001:000E0A06 11373 0001:000E0A07 11384 0001:000E0A0F
 11390 0001:000E0A1C 11391 0001:000E0A25 11392 0001:000E0A36 11393 0001:000E0A3B
 11399 0001:000E0A3C 11400 0001:000E0A65 11401 0001:000E0AD6 11421 0001:000E0AF4
 11422 0001:000E0B04 11424 0001:000E0B0B 11425 0001:000E0B12 11426 0001:000E0B1C
 11430 0001:000E0B21 11431 0001:000E0B27 11432 0001:000E0B2C 11434 0001:000E0B32
 11435 0001:000E0B38 11436 0001:000E0B43 11437 0001:000E0B5F 11470 0001:000E0B6C
 11471 0001:000E0BA4 11472 0001:000E0BAC 11473 0001:000E0BBD 11474 0001:000E0BCE
 11475 0001:000E0BDF 11476 0001:000E0BFD 11477 0001:000E0C1B 11478 0001:000E0C1D
 11479 0001:000E0C1F 11478 0001:000E0C4A 11479 0001:000E0C4F 11477 0001:000E0C50
 11480 0001:000E0C55 11482 0001:000E0C68 11483 0001:000E0C79 11484 0001:000E0C83
 11486 0001:000E0C8D 11487 0001:000E0C9E 11488 0001:000E0CAF 11489 0001:000E0CC0
 11491 0001:000E0CCC 11492 0001:000E0CDA 11493 0001:000E0CE3 11494 0001:000E0CF1
 11495 0001:000E0CF6 11496 0001:000E0D13 11493 0001:000E0D36 11498 0001:000E0D3B
 11499 0001:000E0D56 11500 0001:000E0D74 11501 0001:000E0D92 11502 0001:000E0DB0
 11504 0001:000E0DCE 11505 0001:000E0DF0 11507 0001:000E0E0D 11508 0001:000E0E31
 11509 0001:000E0E55 11510 0001:000E0E79 11512 0001:000E0E9D 11513 0001:000E0EBE
 11514 0001:000E0EE2 11515 0001:000E0F06 11516 0001:000E0F2A 11518 0001:000E0F4E
 11519 0001:000E0F6F 11520 0001:000E0F93 11521 0001:000E0FB7 11522 0001:000E0FDB
 11523 0001:000E0FFF 11525 0001:000E1023 11526 0001:000E1044 11527 0001:000E1068
 11528 0001:000E108C 11529 0001:000E10B0 11530 0001:000E10D4 11531 0001:000E10F8
 11532 0001:000E111C 11534 0001:000E1140 11535 0001:000E1161 11536 0001:000E1185
 11537 0001:000E11A9 11538 0001:000E11CD 11539 0001:000E11F1 11541 0001:000E1215
 11542 0001:000E1236 11543 0001:000E125A 11544 0001:000E127E 11545 0001:000E12A2
 11546 0001:000E12C6 11547 0001:000E12EA 11548 0001:000E130E 11550 0001:000E1332
 11551 0001:000E1356 11553 0001:000E137A 11554 0001:000E138B 11555 0001:000E139C
 11556 0001:000E13AF 11557 0001:000E13CA 11559 0001:000E141F 11562 0001:000E1790
 11563 0001:000E17A4 11564 0001:000E17AE 11565 0001:000E17B5 11566 0001:000E17BF
 11567 0001:000E17C9 11568 0001:000E17D3 11569 0001:000E17E1 11571 0001:000E17FA
 11572 0001:000E17FF 11573 0001:000E180D 11575 0001:000E1826 11576 0001:000E182B
 11577 0001:000E1835 11578 0001:000E183F 11579 0001:000E1849 11580 0001:000E1853
 11581 0001:000E185D 11582 0001:000E1867 11583 0001:000E1871 11584 0001:000E187B
 11585 0001:000E1885 11586 0001:000E18A1 11591 0001:000E18A8 11592 0001:000E18C3
 11593 0001:000E18DD 11594 0001:000E18E4 11593 0001:000E1900 11595 0001:000E1905
 11596 0001:000E190C 11595 0001:000E1928 11597 0001:000E192D 11599 0001:000E1939
 11600 0001:000E1951 11601 0001:000E1969 11597 0001:000E1970 11602 0001:000E1997
 11609 0001:000E19A0 11610 0001:000E19D0 11611 0001:000E19D9 11613 0001:000E19DC
 11614 0001:000E19E8 11615 0001:000E19F4 11616 0001:000E1A00 11617 0001:000E1A0C
 11618 0001:000E1A18 11619 0001:000E1A24 11620 0001:000E1A30 11621 0001:000E1A3C
 11622 0001:000E1A48 11623 0001:000E1A54 11624 0001:000E1A60 11625 0001:000E1A6C
 11626 0001:000E1A78 11627 0001:000E1A84 11628 0001:000E1A90 11629 0001:000E1A9C
 11630 0001:000E1AA8 11631 0001:000E1AB4 11632 0001:000E1AC0 11633 0001:000E1ACC
 11636 0001:000E1AD8 11637 0001:000E1AE5 11638 0001:000E1AF2 11639 0001:000E1AFF
 11640 0001:000E1B0C 11641 0001:000E1B19 11642 0001:000E1B26 11644 0001:000E1B33
 11646 0001:000E1B40 11647 0001:000E1B60 11648 0001:000E1B80 11649 0001:000E1BA0
 11650 0001:000E1BC0 11651 0001:000E1BE0 11652 0001:000E1C00 11653 0001:000E1C20
 11654 0001:000E1C40 11655 0001:000E1C60 11656 0001:000E1C80 11657 0001:000E1CA0
 11658 0001:000E1CC0 11659 0001:000E1CE0 11660 0001:000E1D00 11661 0001:000E1D20
 11662 0001:000E1D40 11663 0001:000E1D60 11664 0001:000E1D80 11665 0001:000E1DA0
 11666 0001:000E1DC0 11667 0001:000E1DE0 11668 0001:000E1E00 11672 0001:000E1E20
 11673 0001:000E1E40 11674 0001:000E1E66 11675 0001:000E1E8C 11676 0001:000E1EB2
 11677 0001:000E1ED8 11678 0001:000E1EFE 11679 0001:000E1F24 11680 0001:000E1F4A
 11681 0001:000E1F70 11682 0001:000E1F96 11683 0001:000E1FBC 11686 0001:000E1FE2
 11687 0001:000E2008 11688 0001:000E202E 11689 0001:000E2054 11690 0001:000E207A
 11691 0001:000E20A0 11692 0001:000E20C6 11695 0001:000E20EC 11696 0001:000E2112
 11697 0001:000E2138 11698 0001:000E215E 11699 0001:000E2184 11700 0001:000E21AA
 11701 0001:000E21D0 11702 0001:000E21F6 11703 0001:000E221C 11706 0001:000E2242
 11707 0001:000E2268 11708 0001:000E228E 11709 0001:000E22B4 11710 0001:000E22DA
 11711 0001:000E2300 11712 0001:000E2326 11713 0001:000E234C 11714 0001:000E2372
 11715 0001:000E2398 11716 0001:000E23BE 11717 0001:000E23E4 11718 0001:000E240A
 11719 0001:000E2430 11720 0001:000E2456 11721 0001:000E24B8 11731 0001:000E2928
 11732 0001:000E2987 11733 0001:000E298C 11734 0001:000E299F 11735 0001:000E2A03
 11736 0001:000E2A0D 11737 0001:000E2A17 11738 0001:000E2A66 11739 0001:000E2AEE
 11740 0001:000E2B7C 11741 0001:000E2C34 11742 0001:000E2CCC 11743 0001:000E2D1C
 11744 0001:000E2D74 11747 0001:000E2D7E 11748 0001:000E2D9F 11749 0001:000E2DC0
 11750 0001:000E2DCD 11751 0001:000E2DDC 11753 0001:000E2DEB 11755 0001:000E2EBB
 11758 0001:000E2EC5 11759 0001:000E2EE6 11760 0001:000E2F07 11761 0001:000E2F14
 11762 0001:000E2F23 11764 0001:000E2F32 11767 0001:000E2F93 11768 0001:000E2FD6
 11769 0001:000E2FE2 11770 0001:000E3047 11772 0001:000E3055 11773 0001:000E30E2
 11774 0001:000E30EC 11775 0001:000E3144 11776 0001:000E3199 11778 0001:000E31F5
 11780 0001:000E31FE 11781 0001:000E3209 11783 0001:000E320E 11784 0001:000E3219
 11786 0001:000E3224 11788 0001:000E3231 11790 0001:000E3237 11791 0001:000E3239
 11793 0001:000E3281 11795 0001:000E3285 11797 0001:000E3289 11799 0001:000E328D
 11801 0001:000E328F 11803 0001:000E32A1 11807 0001:000E32B5 11809 0001:000E32E1
 11810 0001:000E32F5 11811 0001:000E3311 11812 0001:000E3321 11813 0001:000E3326
 11814 0001:000E3336 11815 0001:000E3342 11816 0001:000E3417 11819 0001:000E342A
 11821 0001:000E3439 11822 0001:000E343F 11823 0001:000E344D 11825 0001:000E3456
 11826 0001:000E3459 11828 0001:000E348D 11831 0001:000E3875 11836 0001:000E38DC
 11837 0001:000E38DD 11838 0001:000E38E9 11844 0001:000E38EC 11845 0001:000E391E
 11847 0001:000E392D 11848 0001:000E393C 11850 0001:000E3941 11852 0001:000E3954
 11853 0001:000E3969 11855 0001:000E396E 11857 0001:000E397E 11858 0001:000E3990
 11859 0001:000E39AA 11861 0001:000E39AF 11863 0001:000E39BF 11864 0001:000E39DB
 11865 0001:000E39E7 11866 0001:000E39FB 11868 0001:000E39FD 11870 0001:000E3A0D
 11871 0001:000E3A2B 11872 0001:000E3A37 11875 0001:000E3A39 11876 0001:000E3A46
 11877 0001:000E3A5B 11878 0001:000E3A6A 11879 0001:000E3AA6 11883 0001:000E3AE8
 11884 0001:000E3B36 11885 0001:000E3B7B 11890 0001:000E3B84 11891 0001:000E3B9E
 11892 0001:000E3BAF 11893 0001:000E3BBB 11894 0001:000E3BC8 11895 0001:000E3BD5
 11896 0001:000E3BE2 11897 0001:000E3BEF 11898 0001:000E3C21 11901 0001:000E3C68
 11902 0001:000E3C73 11903 0001:000E3C7B 11904 0001:000E3C92 11914 0001:000E3C98
 11915 0001:000E3CC7 11917 0001:000E3CCF 11918 0001:000E3CE9 11919 0001:000E3CF9
 11921 0001:000E3CFF 11922 0001:000E3D27 11924 0001:000E3D2C 11925 0001:000E3D5C
 11927 0001:000E3D7C 11928 0001:000E3D9E 11929 0001:000E3DB0 11928 0001:000E3DC8
 11930 0001:000E3DE8 11933 0001:000E3DF0 11934 0001:000E3DF7 11935 0001:000E3E02
 11937 0001:000E3E10 11938 0001:000E3E24 11940 0001:000E3E2B 11943 0001:000E3E30
 11944 0001:000E3E57 11945 0001:000E3E60 11947 0001:000E3E63 11949 0001:000E3E6D
 11950 0001:000E3ED3 11954 0001:000E3EF0 11955 0001:000E3F55 11956 0001:000E3F60
 11957 0001:000E3F65 11959 0001:000E3FDC 11966 0001:000E3FE8 11967 0001:000E400F
 11969 0001:000E413A 11962 0001:000E413C 11963 0001:000E4156 11965 0001:000E417C

Line numbers for FR_DBSet(fr_dbset.pas) segment .text

    90 0001:000E447C    91 0001:000E448E    92 0001:000E4497    93 0001:000E44B2
    96 0001:000E44B8    97 0001:000E44C1    98 0001:000E44CC    99 0001:000E44D1
   100 0001:000E44D6   101 0001:000E44DD   102 0001:000E44E2   103 0001:000E44E7
   111 0001:000E44EC   112 0001:000E44EF   113 0001:000E44F4   121 0001:000E44F8
   122 0001:000E44FB   123 0001:000E44FF   124 0001:000E4504   127 0001:000E4508
   128 0001:000E451E   129 0001:000E452B   130 0001:000E4530   131 0001:000E4537
   134 0001:000E453B   135 0001:000E455F   137 0001:000E4580   140 0001:000E45A4
   141 0001:000E45A7   142 0001:000E45AE   143 0001:000E45BA   144 0001:000E45CE
   145 0001:000E45D6   146 0001:000E45DD   149 0001:000E45E0   150 0001:000E45E3
   152 0001:000E45EC   153 0001:000E45FE   155 0001:000E4610   156 0001:000E4618
   157 0001:000E461F   160 0001:000E4624   161 0001:000E4627   162 0001:000E462E
   163 0001:000E463C   164 0001:000E4640   165 0001:000E4652   166 0001:000E4659
   167 0001:000E4660   172 0001:000E4664   173 0001:000E4668   174 0001:000E466F
   176 0001:000E4675   177 0001:000E4683   178 0001:000E469B   179 0001:000E46A2
   180 0001:000E46B0   182 0001:000E46B3   183 0001:000E46BF   184 0001:000E46C6
   187 0001:000E46CC   188 0001:000E46CF   189 0001:000E46DB   190 0001:000E46E2
   193 0001:000E46E4   194 0001:000E46E7   195 0001:000E4711   198 0001:000E4714
   199 0001:000E4717   200 0001:000E4729   201 0001:000E4738   204 0001:000E473C
   205 0001:000E473F   206 0001:000E474E   207 0001:000E4760   211 0001:000E4794
   211 0001:000E479B

Line numbers for FormDLL(FormDLL.pas) segment .text

    38 0001:000E49B4    39 0001:000E49BA    40 0001:000E49CB    41 0001:000E49D9
    43 0001:000E49FC    45 0001:000E4A0F    49 0001:000E4A14    50 0001:000E4A1F
    54 0001:000E4A20    55 0001:000E4A2E    59 0001:000E4A30    60 0001:000E4A3E
    62 0001:000E4A70    62 0001:000E4A77

Line numbers for RptDLL(D:\Program Files\3thplugins\FastReport.v253.FS\Demos\dll\RPTDLL.DPR) segment .text

    10 0001:000E4D80    11 0001:000E4D90

Bound resource files

c:\program files\borland\delphi7\Lib\Buttons.res
c:\program files\borland\delphi7\Lib\ExtDlgs.res
c:\program files\borland\delphi7\Lib\Controls.res
D:\Program Files\3thplugins\FastReport.v253.FS\Source\FR_Dock.DFM
D:\Program Files\3thplugins\FastReport.v253.FS\Source\FR_FmtEd.DFM
D:\Program Files\3thplugins\FastReport.v253.FS\Source\FR_PrDlg.DFM
D:\Program Files\3thplugins\FastReport.v253.FS\Source\FR_passw.dfm
D:\Program Files\3thplugins\FastReport.v253.FS\Source\FR_Srch.DFM
D:\Program Files\3thplugins\FastReport.v253.FS\Source\FR_View.DFM
D:\Program Files\3thplugins\FastReport.v253.FS\Source\FR_progr.DFM
D:\Program Files\3thplugins\FastReport.v253.FS\Source\FR_Lng1.RES
FormDLL.DFM
RptDLL.drf


Program entry point at 0001:000E4D80
