
 Start         Length     Name                   Class
 0001:00000000 000CBB34H .text                   CODE
 0002:00000000 0000295CH .data                   DATA
 0002:0000295C 000023FDH .bss                    BSS


Detailed map of segments

 0001:00000000 0000551F C=CODE     S=.text    G=(none)   M=System   ACBP=A9
 0001:00005520 00000140 C=CODE     S=.text    G=(none)   M=SysInit  ACBP=A9
 0001:00005660 00000078 C=CODE     S=.text    G=(none)   M=Types    ACBP=A9
 0001:000056D8 00000DAC C=CODE     S=.text    G=(none)   M=Windows  ACBP=A9
 0001:00006484 00000038 C=CODE     S=.text    G=(none)   M=Messages ACBP=A9
 0001:000064BC 00000388 C=CODE     S=.text    G=(none)   M=SysConst ACBP=A9
 0001:00006844 000071B4 C=CODE     S=.text    G=(none)   M=SysUtils ACBP=A9
 0001:0000D9F8 00000823 C=CODE     S=.text    G=(none)   M=VarUtils ACBP=A9
 0001:0000E21C 00009BDE C=CODE     S=.text    G=(none)   M=Variants ACBP=A9
 0001:00017DFC 00000158 C=CODE     S=.text    G=(none)   M=RTLConsts ACBP=A9
 0001:00017F54 0000192C C=CODE     S=.text    G=(none)   M=TypInfo  ACBP=A9
 0001:00019880 00000098 C=CODE     S=.text    G=(none)   M=ActiveX  ACBP=A9
 0001:00019918 0000C636 C=CODE     S=.text    G=(none)   M=Classes  ACBP=A9
 0001:00025F50 00000330 C=CODE     S=.text    G=(none)   M=Consts   ACBP=A9
 0001:00026280 00009D43 C=CODE     S=.text    G=(none)   M=Graphics ACBP=A9
 0001:0002FFC4 00000048 C=CODE     S=.text    G=(none)   M=Math     ACBP=A9
 0001:0003000C 000002B8 C=CODE     S=.text    G=(none)   M=Contnrs  ACBP=A9
 0001:000302C4 000000FC C=CODE     S=.text    G=(none)   M=CommCtrl ACBP=A9
 0001:000303C0 00000787 C=CODE     S=.text    G=(none)   M=MultiMon ACBP=A9
 0001:00030B48 00000038 C=CODE     S=.text    G=(none)   M=Imm      ACBP=A9
 0001:00030B80 00000FF8 C=CODE     S=.text    G=(none)   M=HelpIntfs ACBP=A9
 0001:00031B78 00000058 C=CODE     S=.text    G=(none)   M=WinSpool ACBP=A9
 0001:00031BD0 00001128 C=CODE     S=.text    G=(none)   M=Printers ACBP=A9
 0001:00032CF8 0000031F C=CODE     S=.text    G=(none)   M=FlatSB   ACBP=A9
 0001:00033018 000001A4 C=CODE     S=.text    G=(none)   M=SyncObjs ACBP=A9
 0001:000331BC 000009BB C=CODE     S=.text    G=(none)   M=UxTheme  ACBP=A9
 0001:00033B78 00000038 C=CODE     S=.text    G=(none)   M=RichEdit ACBP=A9
 0001:00033BB0 00000038 C=CODE     S=.text    G=(none)   M=ToolWin  ACBP=A9
 0001:00033BE8 00000040 C=CODE     S=.text    G=(none)   M=ShellAPI ACBP=A9
 0001:00033C28 00000038 C=CODE     S=.text    G=(none)   M=RegStr   ACBP=A9
 0001:00033C60 00000038 C=CODE     S=.text    G=(none)   M=WinInet  ACBP=A9
 0001:00033C98 00000038 C=CODE     S=.text    G=(none)   M=UrlMon   ACBP=A9
 0001:00033CD0 0000006C C=CODE     S=.text    G=(none)   M=ShlObj   ACBP=A9
 0001:00033D3C 00000050 C=CODE     S=.text    G=(none)   M=CommDlg  ACBP=A9
 0001:00033D8C 00000038 C=CODE     S=.text    G=(none)   M=Dlgs     ACBP=A9
 0001:00033DC4 00001B35 C=CODE     S=.text    G=(none)   M=Dialogs  ACBP=A9
 0001:000358FC 00003112 C=CODE     S=.text    G=(none)   M=ExtCtrls ACBP=A9
 0001:00038A10 00000038 C=CODE     S=.text    G=(none)   M=ComStrs  ACBP=A9
 0001:00038A48 00000094 C=CODE     S=.text    G=(none)   M=Clipbrd  ACBP=A9
 0001:00038ADC 00000038 C=CODE     S=.text    G=(none)   M=StrUtils ACBP=A9
 0001:00038B14 000003DD C=CODE     S=.text    G=(none)   M=Buttons  ACBP=A9
 0001:00038EF4 00000038 C=CODE     S=.text    G=(none)   M=ExtDlgs  ACBP=A9
 0001:00038F2C 00000068 C=CODE     S=.text    G=(none)   M=IniFiles ACBP=A9
 0001:00038F94 00000B84 C=CODE     S=.text    G=(none)   M=Registry ACBP=A9
 0001:00039B18 0000006C C=CODE     S=.text    G=(none)   M=Mapi     ACBP=A9
 0001:00039B84 00000058 C=CODE     S=.text    G=(none)   M=ExtActns ACBP=A9
 0001:00039BDC 00000038 C=CODE     S=.text    G=(none)   M=ListActns ACBP=A9
 0001:00039C14 00000180 C=CODE     S=.text    G=(none)   M=ComCtrls ACBP=A9
 0001:00039D94 00000AF4 C=CODE     S=.text    G=(none)   M=Themes   ACBP=A9
 0001:0003A888 0000C084 C=CODE     S=.text    G=(none)   M=StdCtrls ACBP=A9
 0001:0004690C 00000168 C=CODE     S=.text    G=(none)   M=StdActns ACBP=A9
 0001:00046A74 00000D1F C=CODE     S=.text    G=(none)   M=WinHelpViewer ACBP=A9
 0001:00047794 0001127B C=CODE     S=.text    G=(none)   M=Controls ACBP=A9
 0001:00058A10 00001292 C=CODE     S=.text    G=(none)   M=ActnList ACBP=A9
 0001:00059CA4 00001B9C C=CODE     S=.text    G=(none)   M=ImgList  ACBP=A9
 0001:0005B840 00006639 C=CODE     S=.text    G=(none)   M=Menus    ACBP=A9
 0001:00061E7C 0000CEB4 C=CODE     S=.text    G=(none)   M=Forms    ACBP=A9
 0001:0006ED30 00000038 C=CODE     S=.text    G=(none)   M=FR_Const ACBP=A9
 0001:0006ED68 0000210C C=CODE     S=.text    G=(none)   M=FR_Ctrls ACBP=A9
 0001:00070E74 00000994 C=CODE     S=.text    G=(none)   M=FR_Dock  ACBP=A9
 0001:00071808 000020D0 C=CODE     S=.text    G=(none)   M=FR_Pars  ACBP=A9
 0001:000738D8 00002994 C=CODE     S=.text    G=(none)   M=FR_Intrp ACBP=A9
 0001:0007626C 00000450 C=CODE     S=.text    G=(none)   M=FR_DSet  ACBP=A9
 0001:000766BC 000009E0 C=CODE     S=.text    G=(none)   M=MaskUtils ACBP=A9
 0001:0007709C 00000070 C=CODE     S=.text    G=(none)   M=DateUtils ACBP=A9
 0001:0007710C 00000160 C=CODE     S=.text    G=(none)   M=DBConsts ACBP=A9
 0001:0007726C 00000F67 C=CODE     S=.text    G=(none)   M=SqlTimSt ACBP=A9
 0001:000781D4 00004AEF C=CODE     S=.text    G=(none)   M=FMTBcd   ACBP=A9
 0001:0007CCC4 00000058 C=CODE     S=.text    G=(none)   M=ComConst ACBP=A9
 0001:0007CD1C 00000E65 C=CODE     S=.text    G=(none)   M=ComObj   ACBP=A9
 0001:0007DB84 00011190 C=CODE     S=.text    G=(none)   M=DB       ACBP=A9
 0001:0008ED14 0000011C C=CODE     S=.text    G=(none)   M=FR_DBRel ACBP=A9
 0001:0008EE30 000029C0 C=CODE     S=.text    G=(none)   M=FR_Utils ACBP=A9
 0001:000917F0 000007C0 C=CODE     S=.text    G=(none)   M=FR_FmtEd ACBP=A9
 0001:00091FB0 00000D7A C=CODE     S=.text    G=(none)   M=FR_Prntr ACBP=A9
 0001:00092D2C 00000A90 C=CODE     S=.text    G=(none)   M=FR_PrDlg ACBP=A9
 0001:000937BC 000002F4 C=CODE     S=.text    G=(none)   M=FR_passw ACBP=A9
 0001:00093AB0 00000050 C=CODE     S=.text    G=(none)   M=JConsts  ACBP=A9
 0001:00093B00 000133EC C=CODE     S=.text    G=(none)   M=jpeg     ACBP=A9
 0001:000A6EEC 0000061C C=CODE     S=.text    G=(none)   M=FR_DBSet ACBP=A9
 0001:000A7508 000003D8 C=CODE     S=.text    G=(none)   M=FR_Srch  ACBP=A9
 0001:000A78E0 00003CA4 C=CODE     S=.text    G=(none)   M=FR_View  ACBP=A9
 0001:000AB584 000002EC C=CODE     S=.text    G=(none)   M=FR_progr ACBP=A9
 0001:000AB870 0001FD26 C=CODE     S=.text    G=(none)   M=FR_Class ACBP=A9
 0001:000CB598 00000274 C=CODE     S=.text    G=(none)   M=Unit1    ACBP=A9
 0001:000CB80C 00000325 C=CODE     S=.text    G=(none)   M=Project1 ACBP=A9
 0002:00000000 0000009C C=DATA     S=.data    G=DGROUP   M=System   ACBP=A9
 0002:0000009C 00000020 C=DATA     S=.data    G=DGROUP   M=SysInit  ACBP=A9
 0002:000000BC 00000274 C=DATA     S=.data    G=DGROUP   M=SysUtils ACBP=A9
 0002:00000330 00000110 C=DATA     S=.data    G=DGROUP   M=VarUtils ACBP=A9
 0002:00000440 000001BA C=DATA     S=.data    G=DGROUP   M=Variants ACBP=A9
 0002:000005FC 0000000C C=DATA     S=.data    G=DGROUP   M=TypInfo  ACBP=A9
 0002:00000608 00000010 C=DATA     S=.data    G=DGROUP   M=ActiveX  ACBP=A9
 0002:00000618 00000064 C=DATA     S=.data    G=DGROUP   M=Classes  ACBP=A9
 0002:0000067C 0000030C C=DATA     S=.data    G=DGROUP   M=Graphics ACBP=A9
 0002:00000988 00000004 C=DATA     S=.data    G=DGROUP   M=Printers ACBP=A9
 0002:0000098C 000000D4 C=DATA     S=.data    G=DGROUP   M=Dialogs  ACBP=A9
 0002:00000A60 0000018C C=DATA     S=.data    G=DGROUP   M=ExtCtrls ACBP=A9
 0002:00000BEC 0000002C C=DATA     S=.data    G=DGROUP   M=Buttons  ACBP=A9
 0002:00000C18 00000008 C=DATA     S=.data    G=DGROUP   M=IniFiles ACBP=A9
 0002:00000C20 00000008 C=DATA     S=.data    G=DGROUP   M=Registry ACBP=A9
 0002:00000C28 00000008 C=DATA     S=.data    G=DGROUP   M=Mapi     ACBP=A9
 0002:00000C30 00000018 C=DATA     S=.data    G=DGROUP   M=ComCtrls ACBP=A9
 0002:00000C48 00000068 C=DATA     S=.data    G=DGROUP   M=Themes   ACBP=A9
 0002:00000CB0 00000128 C=DATA     S=.data    G=DGROUP   M=StdCtrls ACBP=A9
 0002:00000DD8 0000013C C=DATA     S=.data    G=DGROUP   M=Controls ACBP=A9
 0002:00000F14 00000020 C=DATA     S=.data    G=DGROUP   M=ImgList  ACBP=A9
 0002:00000F34 000000EC C=DATA     S=.data    G=DGROUP   M=Menus    ACBP=A9
 0002:00001020 00000124 C=DATA     S=.data    G=DGROUP   M=Forms    ACBP=A9
 0002:00001144 00000012 C=DATA     S=.data    G=DGROUP   M=FR_Ctrls ACBP=A9
 0002:00001158 00000005 C=DATA     S=.data    G=DGROUP   M=MaskUtils ACBP=A9
 0002:00001160 0000003C C=DATA     S=.data    G=DGROUP   M=SqlTimSt ACBP=A9
 0002:0000119C 00000065 C=DATA     S=.data    G=DGROUP   M=FMTBcd   ACBP=A9
 0002:00001204 00000030 C=DATA     S=.data    G=DGROUP   M=ComObj   ACBP=A9
 0002:00001234 00000186 C=DATA     S=.data    G=DGROUP   M=DB       ACBP=A9
 0002:000013BC 00000010 C=DATA     S=.data    G=DGROUP   M=FR_Utils ACBP=A9
 0002:000013CC 00000430 C=DATA     S=.data    G=DGROUP   M=FR_Prntr ACBP=A9
 0002:000017FC 00000908 C=DATA     S=.data    G=DGROUP   M=jpeg     ACBP=A9
 0002:00002104 00000009 C=DATA     S=.data    G=DGROUP   M=FR_View  ACBP=A9
 0002:00002110 00000274 C=DATA     S=.data    G=DGROUP   M=FR_Class ACBP=A9
 0002:00003000 00000664 C=BSS      S=.bss     G=DGROUP   M=System   ACBP=A9
 0002:00003664 00000010 C=BSS      S=.bss     G=DGROUP   M=SysInit  ACBP=A9
 0002:00003674 00000004 C=BSS      S=.bss     G=DGROUP   M=Types    ACBP=A9
 0002:00003678 00000004 C=BSS      S=.bss     G=DGROUP   M=Windows  ACBP=A9
 0002:0000367C 00000004 C=BSS      S=.bss     G=DGROUP   M=Messages ACBP=A9
 0002:00003680 00000004 C=BSS      S=.bss     G=DGROUP   M=SysConst ACBP=A9
 0002:00003684 00000120 C=BSS      S=.bss     G=DGROUP   M=SysUtils ACBP=A9
 0002:000037A4 0000005C C=BSS      S=.bss     G=DGROUP   M=VarUtils ACBP=A9
 0002:00003800 00000040 C=BSS      S=.bss     G=DGROUP   M=Variants ACBP=A9
 0002:00003840 00000004 C=BSS      S=.bss     G=DGROUP   M=RTLConsts ACBP=A9
 0002:00003844 00000004 C=BSS      S=.bss     G=DGROUP   M=TypInfo  ACBP=A9
 0002:00003848 00000004 C=BSS      S=.bss     G=DGROUP   M=ActiveX  ACBP=A9
 0002:0000384C 00000040 C=BSS      S=.bss     G=DGROUP   M=Classes  ACBP=A9
 0002:0000388C 00000004 C=BSS      S=.bss     G=DGROUP   M=Consts   ACBP=A9
 0002:00003890 00000060 C=BSS      S=.bss     G=DGROUP   M=Graphics ACBP=A9
 0002:000038F0 00000004 C=BSS      S=.bss     G=DGROUP   M=Math     ACBP=A9
 0002:000038F4 00000004 C=BSS      S=.bss     G=DGROUP   M=Contnrs  ACBP=A9
 0002:000038F8 00000004 C=BSS      S=.bss     G=DGROUP   M=CommCtrl ACBP=A9
 0002:000038FC 00000031 C=BSS      S=.bss     G=DGROUP   M=MultiMon ACBP=A9
 0002:00003930 00000004 C=BSS      S=.bss     G=DGROUP   M=Imm      ACBP=A9
 0002:00003934 00000008 C=BSS      S=.bss     G=DGROUP   M=HelpIntfs ACBP=A9
 0002:0000393C 00000004 C=BSS      S=.bss     G=DGROUP   M=WinSpool ACBP=A9
 0002:00003940 00000004 C=BSS      S=.bss     G=DGROUP   M=Printers ACBP=A9
 0002:00003944 00000034 C=BSS      S=.bss     G=DGROUP   M=FlatSB   ACBP=A9
 0002:00003978 00000004 C=BSS      S=.bss     G=DGROUP   M=SyncObjs ACBP=A9
 0002:0000397C 000000CC C=BSS      S=.bss     G=DGROUP   M=UxTheme  ACBP=A9
 0002:00003A48 00000004 C=BSS      S=.bss     G=DGROUP   M=RichEdit ACBP=A9
 0002:00003A4C 00000004 C=BSS      S=.bss     G=DGROUP   M=ToolWin  ACBP=A9
 0002:00003A50 00000004 C=BSS      S=.bss     G=DGROUP   M=ShellAPI ACBP=A9
 0002:00003A54 00000004 C=BSS      S=.bss     G=DGROUP   M=RegStr   ACBP=A9
 0002:00003A58 00000004 C=BSS      S=.bss     G=DGROUP   M=WinInet  ACBP=A9
 0002:00003A5C 00000004 C=BSS      S=.bss     G=DGROUP   M=UrlMon   ACBP=A9
 0002:00003A60 00000004 C=BSS      S=.bss     G=DGROUP   M=ShlObj   ACBP=A9
 0002:00003A64 00000004 C=BSS      S=.bss     G=DGROUP   M=CommDlg  ACBP=A9
 0002:00003A68 00000004 C=BSS      S=.bss     G=DGROUP   M=Dlgs     ACBP=A9
 0002:00003A6C 0000000C C=BSS      S=.bss     G=DGROUP   M=Dialogs  ACBP=A9
 0002:00003A78 00000004 C=BSS      S=.bss     G=DGROUP   M=ExtCtrls ACBP=A9
 0002:00003A7C 00000004 C=BSS      S=.bss     G=DGROUP   M=ComStrs  ACBP=A9
 0002:00003A80 0000000C C=BSS      S=.bss     G=DGROUP   M=Clipbrd  ACBP=A9
 0002:00003A8C 00000004 C=BSS      S=.bss     G=DGROUP   M=StrUtils ACBP=A9
 0002:00003A90 00000030 C=BSS      S=.bss     G=DGROUP   M=Buttons  ACBP=A9
 0002:00003AC0 00000004 C=BSS      S=.bss     G=DGROUP   M=ExtDlgs  ACBP=A9
 0002:00003AC4 00000004 C=BSS      S=.bss     G=DGROUP   M=IniFiles ACBP=A9
 0002:00003AC8 00000004 C=BSS      S=.bss     G=DGROUP   M=Registry ACBP=A9
 0002:00003ACC 00000004 C=BSS      S=.bss     G=DGROUP   M=Mapi     ACBP=A9
 0002:00003AD0 00000009 C=BSS      S=.bss     G=DGROUP   M=ExtActns ACBP=A9
 0002:00003ADC 00000004 C=BSS      S=.bss     G=DGROUP   M=ListActns ACBP=A9
 0002:00003AE0 00000010 C=BSS      S=.bss     G=DGROUP   M=ComCtrls ACBP=A9
 0002:00003AF0 00000008 C=BSS      S=.bss     G=DGROUP   M=Themes   ACBP=A9
 0002:00003AF8 00000004 C=BSS      S=.bss     G=DGROUP   M=StdCtrls ACBP=A9
 0002:00003AFC 00000004 C=BSS      S=.bss     G=DGROUP   M=StdActns ACBP=A9
 0002:00003B00 00000014 C=BSS      S=.bss     G=DGROUP   M=WinHelpViewer ACBP=A9
 0002:00003B14 00000080 C=BSS      S=.bss     G=DGROUP   M=Controls ACBP=A9
 0002:00003B94 00000004 C=BSS      S=.bss     G=DGROUP   M=ActnList ACBP=A9
 0002:00003B98 0000000C C=BSS      S=.bss     G=DGROUP   M=ImgList  ACBP=A9
 0002:00003BA4 00000010 C=BSS      S=.bss     G=DGROUP   M=Menus    ACBP=A9
 0002:00003BB4 00000020 C=BSS      S=.bss     G=DGROUP   M=Forms    ACBP=A9
 0002:00003BD4 00000004 C=BSS      S=.bss     G=DGROUP   M=FR_Const ACBP=A9
 0002:00003BD8 00000004 C=BSS      S=.bss     G=DGROUP   M=FR_Ctrls ACBP=A9
 0002:00003BDC 0000000C C=BSS      S=.bss     G=DGROUP   M=FR_Dock  ACBP=A9
 0002:00003BE8 00000004 C=BSS      S=.bss     G=DGROUP   M=FR_Pars  ACBP=A9
 0002:00003BEC 00000980 C=BSS      S=.bss     G=DGROUP   M=FR_Intrp ACBP=A9
 0002:0000456C 00000004 C=BSS      S=.bss     G=DGROUP   M=FR_DSet  ACBP=A9
 0002:00004570 00000004 C=BSS      S=.bss     G=DGROUP   M=MaskUtils ACBP=A9
 0002:00004574 00000004 C=BSS      S=.bss     G=DGROUP   M=DateUtils ACBP=A9
 0002:00004578 00000004 C=BSS      S=.bss     G=DGROUP   M=DBConsts ACBP=A9
 0002:0000457C 00000004 C=BSS      S=.bss     G=DGROUP   M=SqlTimSt ACBP=A9
 0002:00004580 00000004 C=BSS      S=.bss     G=DGROUP   M=FMTBcd   ACBP=A9
 0002:00004584 00000004 C=BSS      S=.bss     G=DGROUP   M=ComConst ACBP=A9
 0002:00004588 00000011 C=BSS      S=.bss     G=DGROUP   M=ComObj   ACBP=A9
 0002:0000459C 0000000C C=BSS      S=.bss     G=DGROUP   M=DB       ACBP=A9
 0002:000045A8 00000004 C=BSS      S=.bss     G=DGROUP   M=FR_DBRel ACBP=A9
 0002:000045AC 00000004 C=BSS      S=.bss     G=DGROUP   M=FR_Utils ACBP=A9
 0002:000045B0 00000004 C=BSS      S=.bss     G=DGROUP   M=FR_FmtEd ACBP=A9
 0002:000045B4 0000000C C=BSS      S=.bss     G=DGROUP   M=FR_Prntr ACBP=A9
 0002:000045C0 00000004 C=BSS      S=.bss     G=DGROUP   M=FR_PrDlg ACBP=A9
 0002:000045C4 00000004 C=BSS      S=.bss     G=DGROUP   M=FR_passw ACBP=A9
 0002:000045C8 00000004 C=BSS      S=.bss     G=DGROUP   M=JConsts  ACBP=A9
 0002:000045CC 00000004 C=BSS      S=.bss     G=DGROUP   M=jpeg     ACBP=A9
 0002:000045D0 00000004 C=BSS      S=.bss     G=DGROUP   M=FR_DBSet ACBP=A9
 0002:000045D4 00000004 C=BSS      S=.bss     G=DGROUP   M=FR_Srch  ACBP=A9
 0002:000045D8 0000000C C=BSS      S=.bss     G=DGROUP   M=FR_View  ACBP=A9
 0002:000045E4 00000004 C=BSS      S=.bss     G=DGROUP   M=FR_progr ACBP=A9
 0002:000045E8 00000E0C C=BSS      S=.bss     G=DGROUP   M=FR_Class ACBP=A9
 0002:000053F4 00000008 C=BSS      S=.bss     G=DGROUP   M=Unit1    ACBP=A9


  Address         Publics by Name

 0001:0009B77C       ..
 0001:000A1A34       ..
 0001:000A225C       ..
 0001:0009BE54       ..
 0001:0009A47C       ..
 0001:000A50F0       ..
 0001:0009CEE4       ..
 0001:000A2D8C       ..
 0001:0009D1D8       ..
 0002:00001AA4       ..
 0002:00001998       ..
 0001:0009928C       ..
 0002:00001888       ..
 0001:000A615C       ..
 0001:00098CA0       ..
 0001:000A2EE8       ..
 0001:0009D4A8       ..
 0002:00001918       ..
 0001:00098114       ..
 0001:00095620       ..
 0002:00002044       ..
 0002:00001898       ..
 0001:00099834       ..
 0001:0009E9FC       ..
 0001:000A3424       ..
 0001:000973EC       ..
 0001:000A3C28       ..
 0001:00096CAC       ..
 0001:000A42B0       ..
 0001:000967E8       ..
 0001:00096284       ..
 0002:00001CA4       ..
 0001:000A0A88       ..
 0001:000A0978       ..
 0001:000A4BD8       ..
 0002:00003A7C       .1
 0002:00003674       .1
 0002:0000366C       .1
 0002:00003A8C       .1
 0002:00003A68       .1
 0002:00003A64       .1
 0002:00003A60       .1
 0002:00003A5C       .1
 0002:00003A58       .1
 0002:00003A54       .1
 0002:00003A50       .1
 0002:00004584       .1
 0002:00003A48       .1
 0002:00003A38       .1
 0002:00003680       .1
 0002:0000367C       .1
 0002:00003ACC       .1
 0002:0000457C       .1
 0002:00004578       .1
 0002:0000388C       .1
 0002:000045AC       .1
 0002:00004574       .1
 0002:00003BD4       .1
 0002:00003964       .1
 0002:00003840       .1
 0002:00003930       .1
 0002:0000391C       .1
 0002:000038F8       .1
 0002:00003B08       .1
 0002:000045C8       .1
 0002:00003A6C       .11
 0002:00003894       .12
 0002:00003A78       .12
 0002:000045D4       .2
 0002:000045C0       .2
 0002:00003A84       .2
 0002:00003BEC       .2
 0002:000053F8       .2
 0002:000045E4       .2
 0002:00004570       .2
 0002:00003934       .2
 0002:000045BC       .2
 0002:00003AF0       .2
 0002:000045B0       .2
 0002:000038F0       .2
 0002:000045C4       .2
 0002:000045D0       .2
 0002:000038F4       .21
 0002:000045CC       .3
 0002:00003BD8       .3
 0002:00003B98       .3
 0002:00003AC0       .3
 0002:00003848       .3
 0002:00003940       .3
 0002:0000393C       .3
 0002:0000456C       .3
 0002:00003678       .3
 0002:00004580       .3
 0002:00003794       .35
 0002:000045A4       .36
 0002:00003AE0       .36
 0002:00003A90       .4
 0002:000045D8       .4
 0002:00003BE8       .4
 0002:000045A8       .4
 0002:00003A4C       .4
 0002:00004588       .41
 0002:00003BBC       .41
 0002:00003AF8       .42
 0002:00003858       .45
 0002:00003AC8       .5
 0002:000037FC       .5
 0002:000035BC       .5
 0002:00003978       .6
 0002:00003844       .6
 0002:00003AD0       .72
 0002:00003B1C       .72
 0002:00003AFC       .73
 0002:00005388       .73
 0002:00003ADC       .8
 0002:00003BE0       .8
 0002:00003AC4       .8
 0002:00003B94       .8
 0002:00003820       .81
 0002:00003BAC       .9
 0001:00001B8C       @AbstractError
 0001:000027B4       @AfterConstruction
 0001:000025A8       @AsClass
 0001:00001D30       @AStrCmp
 0001:000027C4       @BeforeDestruction
 0001:00002338       @BoundErr
 0001:000025F4       @CallDynaInst
 0001:0000275C       @ClassCreate
 0001:000027AC       @ClassDestroy
 0001:00001BFC       @Close
 0001:00001900       @Copy
 0001:00003EC8       @CopyArray
 0001:00003DAC       @CopyRecord
 0001:0000403C       @DispCallByIDError
 0001:0000EF70       @DispInvokeError
 0001:00003FD0       @Dispose
 0001:00002C40       @DoneExcept
 0001:000047C4       @DynArrayAsg
 0001:00004788       @DynArrayClear
 0001:00004674       @DynArrayCopy
 0001:00004694       @DynArrayCopyRange
 0001:000044B4       @DynArrayHigh
 0001:000044AC       @DynArrayLength
 0001:00004668       @DynArraySetLength
 0001:00002D28       @ExceptionHandler
 0001:00001DA0       @FillChar
 0001:00003D88       @Finalize
 0001:00003C9C       @FinalizeArray
 0001:00003C50       @FinalizeRecord
 0001:0000260C       @FindDynaInst
 0001:0000232C       @FpuInit
 0001:00002268       @FpuMaskInit
 0001:00001B38       @FRAC
 0001:00001788       @FreeMem
 0001:00001768       @GetMem
 0001:00005598       @GetTls
 0001:00003170       @Halt
 0001:00003098       @Halt0
 0001:000028D8       @HandleAnyException
 0001:00002B8C       @HandleFinally
 0001:00002A04       @HandleOnException
 0001:000055E4       @InitExe
 0001:00003C44       @Initialize
 0001:00003BB0       @InitializeArray
 0001:00003B80       @InitializeRecord
 0001:00002F5C       @InitImports
 0001:00002F34       @InitResStringImports
 0001:00002F10       @InitResStrings
 0001:00001B18       @INT
 0001:00004EDC       @IntfAddRef
 0001:00004EAC       @IntfCast
 0001:00004E68       @IntfClear
 0001:00004E80       @IntfCopy
 0001:00002584       @IsClass
 0001:00002238       @isNECWindows
 0001:000A08C8       @jcopy_block_row
 0001:000A087C       @jcopy_sample_rows
 0001:000A0854       @jdiv_round_up
 0001:0009A3E8       @jinit_1pass_quantizer
 0001:0009B65C       @jinit_2pass_quantizer
 0001:000A4064       @jinit_color_converter
 0001:00099668       @jinit_color_deconverter
 0001:000A1988       @jinit_compress_master
 0001:000A3B60       @jinit_c_coef_controller
 0001:000A2E64       @jinit_c_main_controller
 0001:000A2CC4       @jinit_c_master_control
 0001:000A337C       @jinit_c_prep_controller
 0001:000A4A50       @jinit_downsampler
 0001:0009CDD0       @jinit_d_coef_controller
 0001:0009BD74       @jinit_d_main_controller
 0001:0009D144       @jinit_d_post_controller
 0001:000A5074       @jinit_forward_dct
 0001:00098C60       @jinit_huff_decoder
 0001:000A6DB8       @jinit_huff_encoder
 0001:000967A0       @jinit_input_controller
 0001:0009D42C       @jinit_inverse_dct
 0001:000A06F8       @jinit_marker_reader
 0001:000A2208       @jinit_marker_writer
 0001:000973B4       @jinit_master_decompress
 0001:0009614C       @jinit_memory_mgr
 0001:0009920C       @jinit_merged_upsampler
 0001:000980A0       @jinit_phuff_decoder
 0001:000A5B80       @jinit_phuff_encoder
 0001:0009D98C       @jinit_upsampler
 0001:000A08E8       @jpeg_abort
 0001:000A0960       @jpeg_alloc_huff_table
 0001:000A0948       @jpeg_alloc_quant_table
 0001:000A5E30       @jpeg_fdct_float
 0001:000A5BC4       @jpeg_fdct_ifast
 0001:00098548       @jpeg_fill_bit_buffer
 0001:00096258       @jpeg_free_large
 0001:00096248       @jpeg_free_small
 0001:000A6AFC       @jpeg_gen_optimal_table
 0001:00096250       @jpeg_get_large
 0001:00096240       @jpeg_get_small
 0001:00098694       @jpeg_huff_decode
 0001:0009E9C0       @jpeg_idct_1x1
 0001:0009E7D0       @jpeg_idct_2x2
 0001:0009E41C       @jpeg_idct_4x4
 0001:0009DBA4       @jpeg_idct_float
 0001:0009DFE8       @jpeg_idct_ifast
 0001:000A62EC       @jpeg_make_c_derived_tbl
 0001:0009824C       @jpeg_make_d_derived_tbl
 0001:00096260       @jpeg_mem_available
 0001:0009627C       @jpeg_mem_init
 0001:00096280       @jpeg_mem_term
 0001:0009626C       @jpeg_open_backing_store
 0001:000A05C4       @jpeg_resync_to_restart
 0001:000A174C       @jpeg_suppress_tables
 0001:000A0864       @jround_up
 0001:000A08D8       @jzero_far
 0001:00003638       @LStrAddRef
 0001:000031AC       @LStrArrayClr
 0001:000031DC       @LStrAsg
 0001:00003450       @LStrCat
 0001:00003494       @LStrCat3
 0001:00003508       @LStrCatN
 0001:00003188       @LStrClr
 0001:00003594       @LStrCmp
 0001:000036A8       @LStrCopy
 0001:000036E8       @LStrDelete
 0001:000033F8       @LStrFromArray
 0001:00003370       @LStrFromChar
 0001:00003380       @LStrFromPChar
 0001:00003278       @LStrFromPCharLen
 0001:000033B0       @LStrFromPWChar
 0001:000032E4       @LStrFromPWCharLen
 0001:000033EC       @LStrFromString
 0001:00003410       @LStrFromWStr
 0001:00003730       @LStrInsert
 0001:00003220       @LStrLAsg
 0001:00003448       @LStrLen
 0001:00003838       @LStrOfChar
 0001:0000378C       @LStrPos
 0001:000037D4       @LStrSetLength
 0001:00003648       @LStrToPChar
 0001:00003424       @LStrToString
 0001:00003FBC       @New
 0001:0000324C       @NewAnsiString
 0001:0000386C       @NewWideString
 0001:000139A4       @OleVarFromLStr
 0001:00013A60       @OleVarFromVar
 0001:00001F4C       @Pow10
 0001:00001CAC       @PStrCmp
 0001:00001C84       @PStrCpy
 0001:00001C54       @PStrNCat
 0001:00001C90       @PStrNCpy
 0001:00002BEC       @RaiseAgain
 0001:00002BC4       @RaiseExcept
 0001:000017A8       @ReallocMem
 0001:00001B5C       @ROUND
 0001:0000317C       @RunError
 0001:00001F30       @SetEq
 0001:00001AF0       @SetLength
 0001:00002ED0       @StartExe
 0001:00004260       @Str0Int64
 0001:00001E20       @Str0Long
 0001:000041A0       @StrInt64
 0001:00000348       @strlen
 0001:00001DC0       @StrLong
 0001:00001B68       @TRUNC
 0001:00002C70       @TryFinallyExit
 0001:000036A0       @UniqueStringA
 0001:0000427C       @ValInt64
 0001:00001E2C       @ValLong
 0001:00017C24       @VarAdd
 0001:00015B88       @VarAddRef
 0001:00017C54       @VarAnd
 0001:00016384       @VarArrayGet
 0001:00016474       @VarArrayPut
 0001:0000FAC8       @VarCast
 0001:0000F25C       @VarClear
 0001:0000F270       @VarClr
 0001:00003C84       @VarClr
 0001:00017C78       @VarCmpEQ
 0001:00017CC8       @VarCmpGE
 0001:00017CB8       @VarCmpGT
 0001:00017CA8       @VarCmpLE
 0001:00017C98       @VarCmpLT
 0001:00017C88       @VarCmpNE
 0001:00003D94       @VarCopy
 0001:0000F584       @VarCopy
 0001:0000F804       @VarCopyNoInd
 0001:00013834       @VarFromBool
 0001:000136C0       @VarFromByte
 0001:00013884       @VarFromCurr
 0001:000137DC       @VarFromCurrency
 0001:00013808       @VarFromDate
 0001:00013978       @VarFromDisp
 0001:000137B0       @VarFromDouble
 0001:00013664       @VarFromInt
 0001:00013760       @VarFromInt64
 0001:000136A0       @VarFromInteger
 0001:0001394C       @VarFromIntf
 0001:00013700       @VarFromLongWord
 0001:00013898       @VarFromLStr
 0001:000138C4       @VarFromPStr
 0001:0001385C       @VarFromReal
 0001:00013720       @VarFromShortInt
 0001:0001378C       @VarFromSingle
 0001:00013740       @VarFromSmallInt
 0001:00013870       @VarFromTDateTime
 0001:000136E0       @VarFromWord
 0001:00013914       @VarFromWStr
 0001:00017C48       @VarMod
 0001:00017C3C       @VarMul
 0001:00015458       @VarNeg
 0001:00015908       @VarNot
 0001:0000EFC4       @VarNull
 0001:000149C0       @VarOp
 0001:00017C60       @VarOr
 0001:00017C6C       @VarRDiv
 0001:0000F818       @VarStringToOleStr
 0001:00017C30       @VarSub
 0001:00011294       @VarToBool
 0001:00010F4C       @VarToBoolean
 0001:0001038C       @VarToByte
 0001:00012138       @VarToCurrency
 0001:00011BD0       @VarToDate
 0001:000135B8       @VarToDisp
 0001:00011460       @VarToDouble
 0001:00010950       @VarToInt64
 0001:0000FE8C       @VarToInteger
 0001:000134EC       @VarToIntf
 0001:00010604       @VarToLongWord
 0001:000127EC       @VarToLStr
 0001:000117DC       @VarToReal
 0001:000102DC       @VarToShortInt
 0001:000117F8       @VarToSingle
 0001:00010434       @VarToSmallInt
 0001:0001052C       @VarToWord
 0001:00012F14       @VarToWStr
 0001:000038AC       @WStrArrayClr
 0001:000038D0       @WStrAsg
 0001:00003A0C       @WStrCat
 0001:00003894       @WStrClr
 0001:00003A6C       @WStrCmp
 0001:00003AF0       @WStrCopy
 0001:000039E0       @WStrFromLStr
 0001:000038F4       @WStrFromPCharLen
 0001:000039A4       @WStrFromPWChar
 0001:00003980       @WStrFromPWCharLen
 0001:00003A00       @WStrLen
 0001:00003B3C       @WStrSetLength
 0001:000039F0       @WStrToPWChar
 0001:00001F0C       @_CLenToPasStr
 0001:00001F00       @_CToPasStr
 0001:000018D0       @_IOTest
 0001:00004068       @_lldiv
 0001:000040E4       @_llmod
 0001:00004044       @_llmul
 0001:00004160       @_llshl
 0001:00004180       @_llushr
 0001:0000B718       Abort
 0001:00005A14       AbortDoc
 0001:00031CDC       AbortProc
 0001:0004A904       AbsMin
 0001:0000BAE4       AbstractErrorHandler
 0002:0000302C       AbstractErrorProc
 0002:00000140       AccessMode
 0001:00001838       AcquireExceptionObject
 0001:0001BFBC       ActivateClassGroup
 0001:00005CCC       ActivateKeyboardLayout
 0002:00003B50       ActiveDrag
 0001:00019910       ActiveX
 0001:00059C78       ActnList
 0001:000BF1E0       AddAggregate
 0001:00000474       AddBlockAfter
 0001:00079314       AddChars
 0001:0007C3BC       AddCurrency
 0001:0007BB8C       AddCurrencySymbol
 0002:00000618       AddDataModule
 0001:0007B498       AddDigit
 0001:00073D8C       AddError
 0001:000074E8       AddExitProc
 0001:00083D34       AddFieldDefs
 0001:00083F68       AddFields
 0001:0001FA8C       AddFinished
 0001:0005D474       AddIn
 0001:00073A8C       AddLabel
 0001:0007C6AC       AddLiterals
 0001:00004D0C       AddModuleUnloadProc
 0001:00004CFC       AddModuleUnloadProc
 0001:0007BC6C       AddNegCurrencySymbol
 0001:0007AA00       AddNormalizedFractions
 0001:0001FAC4       AddNotFinished
 0001:000C1DF0       AddObject
 0001:0007B47C       AddOneChar
 0001:00090230       AddScript
 0001:000793D0       AddStrings
 0001:000204E8       AddSubComponentsToLoaded
 0001:000BF984       AddToStack
 0002:0000118C       AdjustAmt
 0002:00001184       AdjustAmt
 0002:0000117C       AdjustAmt
 0002:00001194       AdjustAmt
 0001:0002A160       AdjustColor
 0001:0003825C       AdjustColors
 0001:00079E2C       AdjustDecimalPosition
 0001:0008D554       AdjustFirstRecord
 0001:00064E10       Adjustment
 0001:0007AD58       AdjustNibbles
 0001:00005CD4       AdjustWindowRectEx
 0002:000053DC       AggrBand
 0001:0000CE24       AL1
 0002:00000310       AL1s
 0001:0000CE34       AL2
 0002:00000320       AL2s
 0002:00000D5C       Alignments
 0002:00000D6C       Alignments
 0002:00000A68       Alignments
 0002:00000FF8       Alignments
 0002:00001008       Alignments
 0002:00000CB8       Alignments
 0001:0006BE00       AlignWork
 0001:0004FFC0       AlignWork
 0001:00025D30       AllocateHWnd
 0001:00034C54       AllocFilterStr
 0001:0000749C       AllocMem
 0002:000035B4       AllocMemCount
 0002:000035B8       AllocMemSize
 0001:0002FDBC       AllocPatternBitmap
 0001:00005540       AllocTlsBuffer
 0001:0000CE64       ALR
 0001:0000CE4C       ALV
 0001:00023248       AncestorIsValid
 0002:00000DE4       AnchorAlign
 0002:00000DD8       AnimateWindowProc
 0002:00000EE0       AnimationStyle
 0001:000076C8       AnsiCompareStr
 0001:00007700       AnsiCompareText
 0001:00007E6C       AnsiLastChar
 0001:00005CDC       AnsiLower
 0001:00007694       AnsiLowerCase
 0001:0000C494       AnsiLowerCaseFileName
 0001:0000C45C       AnsiPos
 0001:00061C88       AnsiSameCaption
 0001:00007738       AnsiSameText
 0001:00007750       AnsiStrLIComp
 0001:0000C520       AnsiStrPos
 0001:0000C5C0       AnsiStrRScan
 0001:0000C5E8       AnsiStrScan
 0001:000052DC       AnsiToUtf8
 0001:00007660       AnsiUpperCase
 0001:00013FD4       AnyOp
 0001:00013474       AnyToIntf
 0002:000053EC       Append
 0001:00009988       AppendChars
 0001:00009D4C       AppendFormat
 0001:000099EC       AppendNumber
 0001:000099CC       AppendString
 0002:00003BB4       Application
 0002:00000628       ApplicationHandleException
 0002:00000630       ApplicationShowException
 0002:0000113C       AppVisible
 0001:0000BAC8       AssertErrorHandler
 0002:00003024       AssertErrorProc
 0001:00018F48       AssignLongStr
 0001:000195C4       AssignVariant
 0001:00084820       AttributeSetStored
 0002:0000360C       avail
 0001:0000803C       BackfillGetDiskFreeSpaceEx
 0001:0004D498       BackgroundClipped
 0001:0000DC90       BackupVarBoolFromStr
 0001:0000DDF0       BackupVarBStrFromBool
 0001:0000DD10       BackupVarBStrFromCy
 0001:0000DD80       BackupVarBStrFromDate
 0001:0000DC24       BackupVarCyFromStr
 0001:0000DBB8       BackupVarDateFromStr
 0001:0000DA74       BackupVarI4FromStr
 0001:0000DA20       BackupVariantChangeTypeEx
 0001:0000DAE0       BackupVarR4FromStr
 0001:0000DB4C       BackupVarR8FromStr
 0002:00002314       BandNames
 0002:00001394       BaseFieldTypes
 0002:00000458       BaseTypeMap
 0001:0007B32C       BcdAdd
 0001:0007AF08       BcdCompare
 0001:0007BFFC       BcdCurrencyFormat
 0001:0007B2C0       BcdDivide
 0001:0007B170       BcdDivide
 0001:000784F4       BcdError
 0001:00078484       BcdErrorFmt
 0001:0007B9AC       BcdFixedOrNumberFormat
 0001:0007B948       BcdGeneralFormat
 0001:0007B104       BcdMultiply
 0001:0007B00C       BcdMultiply
 0001:0007B7A0       BcdScale
 0001:0007B960       BcdScientificFormat
 0001:0007AFD0       BcdSubtract
 0001:0007B89C       BCDToCurr
 0001:00078EE8       BcdToDouble
 0001:0007B65C       BcdToStr
 0001:0007C0E8       BcdToStrF
 0001:0001C390       BeginGlobalLoading
 0001:00005CE4       BeginPaint
 0001:0002A16C       BetterSize
 0001:00037B4C       BevelLine
 0001:00037A5C       BevelRect
 0001:0005E2E8       BiDiDraw
 0001:00005A1C       BitBlt
 0002:00000BEC       BitBtnCaptions
 0002:00003A94       BitBtnGlyphs
 0002:0000093C       BitCounts
 0002:00000934       BitmapCanvasList
 0002:000038AC       BitmapImageLock
 0001:0000DA5C       BiUnimplemented
 0001:00079CC8       BlankArgument
 0002:00000650       BlockCode
 0002:000035E4       blockDescBlockList
 0002:000035E8       blockDescFreeList
 0002:00002370       Bnds
 0002:000005FC       BooleanIdents
 0002:00000454       BooleanToStringRule
 0002:000053C4       BoolStr
 0001:00007BA8       BoolToStr
 0001:00012574       BoolToWStrViaOS
 0002:00000CB0       BorderStyles
 0002:00001084       BorderStyles
 0002:00000A60       BorderStyles
 0001:0001B2D4       Bounds
 0001:00005684       Bounds
 0002:00000FA0       Breaks
 0001:000B2F08       BreakWord
 0002:000038E4       BrushManager
 0001:0008CC5C       BufferToByteArray
 0001:000947D8       BuildColorMap
 0001:00060A9C       BuildImage
 0001:00094730       BuildPalette
 0002:00000A34       ButtonCaptions
 0002:0000114C       ButtonCount
 0002:00000A08       ButtonNames
 0001:00038ECC       Buttons
 0002:0000101C       Buttons
 0002:00000D54       ButtonStyles
 0001:0008CD10       ByteArrayToBuffer
 0001:0002994C       BytesPerScanline
 0001:00029CA4       ByteSwapColors
 0001:0000C198       ByteToCharIndex
 0001:0000C170       ByteToCharLen
 0001:0000C134       ByteType
 0001:0000C0BC       ByteTypeTest
 0002:00001150       CacheBitmap
 0002:00003B9C       CachedComCtrlVer
 0001:00025C6C       CalcJmpOffset
 0001:0007C2AC       CalcPrecisionAndDigits
 0001:00057CE4       CalcSplitterPos
 0001:0008A580       CalcTotalSize
 0001:00084860       CalculatedStored
 0001:00005CEC       CallNextHookEx
 0001:0000CDE8       CallTerminateProcs
 0001:00005CF4       CallWindowProc
 0001:0004B93C       CancelDrag
 0001:0008E0F4       CancelNestedDataSets
 0001:00079C58       CanUseShort
 0002:00003B64       CanvasList
 0002:000038E8       CanvasList
 0002:000009F4       Captions
 0002:00000E9C       CaptureControl
 0002:00000F40       cBooleanToItemAutoFlag
 0002:00000504       CBooleanToRelationship
 0001:00034564       CenterWindow
 0002:00003A82       CF_COMPONENT
 0002:00003A80       CF_PICTURE
 0002:00003818       ChangeAnyProc
 0001:00049EBC       ChangeBiDiModeAlignment
 0001:00007EEC       ChangeFileExt
 0001:000C760C       ChangePages
 0002:00000D08       CharCases
 0002:00000CD8       CharCases
 0001:000032A8       CharFromWChar
 0001:0000C36C       CharLength
 0001:00005CFC       CharLowerBuff
 0001:000002C8       CharNext
 0001:00005D04       CharNext
 0001:00027DE8       CharsetToIdent
 0001:0000C280       CharToByteIndex
 0001:0000C2E4       CharToByteLen
 0001:00005D0C       CharToOemA
 0001:00005D14       CharUpperBuff
 0001:0002A734       CheckBool
 0001:000BB5B0       CheckColumnPageBreak
 0001:00002854       CheckJmp
 0001:00005D1C       CheckMenuItem
 0001:0008D140       CheckNestedBrowseMode
 0002:00000F90       Checks
 0001:00078070       CheckSqlTimeStamp
 0001:00020524       CheckSubComponents
 0001:00024A44       CheckSynchronize
 0001:00064844       CheckTaskWindow
 0001:00013FB0       CheckType
 0001:0004B5F0       CheckUndock
 0001:000B1184       CheckUnique
 0001:0000BFB0       CheckWin32Version
 0002:00000470       CInvalidCustomVariantType
 0002:00000F44       cItemAutoFlagToBoolean
 0002:00000F3C       cItemAutoFlagToMenu
 0001:00025EBC       Classes
 0001:0001BD80       ClassNotFound
 0002:00003814       ClearAnyProc
 0001:00027678       ClearColor
 0001:0007D864       ClearExcepInfo
 0001:00016EAC       ClearVariantTypeList
 0001:00005D24       ClientToScreen
 0001:00055288       ClientToWindow
 0002:0000092C       ClipboardFormats
 0001:00038A84       Clipbrd
 0001:00005A24       CloseEnhMetaFile
 0001:000057D4       CloseHandle
 0001:00031B78       ClosePrinter
 0002:00003980       CloseThemeData
 0002:0000237C       Clr
 0002:000013BC       Clr1
 0002:000013C4       Clr2
 0002:00003040       CmdLine
 0002:0000303C       CmdShow
 0002:00000F38       cMenuAutoFlagToItem
 0002:00000510       CmpTypeMap
 0001:0000DA68       CmpUnimplemented
 0002:0000120C       CoAddRefServerProcess
 0002:00001204       CoCreateInstanceEx
 0002:0000121C       CoInitFlags
 0001:000198B4       CoInitialize
 0002:00001208       CoInitializeEx
 0001:0001C64C       CollectionsEqual
 0002:000006AC       Colors
 0001:00027BE0       ColorToIdent
 0002:00000A74       ColorToPretyName
 0001:00027BD0       ColorToRGB
 0002:000053E8       ColumnXAdjust
 0001:00005A2C       CombineRgn
 0002:00000CF4       ComboBoxStyles
 0002:00004590       ComClassManagerVar
 0001:0007CD14       ComConst
 0002:00003AEC       ComCtlVersion
 0001:00039D8C       ComCtrls
 0002:00003BB0       CommandPool
 0001:000303B8       CommCtrl
 0001:00033D84       CommDlg
 0001:00000754       Commit
 0002:00003628       committedRoot
 0001:0007DB2C       ComObj
 0001:0007ACD8       CompactBcd
 0001:000790B4       CompareDigits
 0001:0005CA58       CompareFront
 0001:000075C8       CompareMem
 0001:0007AAB8       CompareNormalizedFractions
 0001:00007598       CompareStr
 0001:000057DC       CompareString
 0001:000075E8       CompareText
 0001:00007AD0       CompareWith
 0001:00020604       ComponentCreated
 0002:000053EE       CompositeMode
 0001:0002A504       ComputeAldusChecksum
 0001:00038A40       ComStrs
 0001:00026278       Consts
 0001:000302BC       Contnrs
 0002:00003B22       ControlAtom
 0002:00003B28       ControlAtomString
 0001:000696D0       ControlHasHelp
 0001:00058980       Controls
 0001:0000B4B8       ConvertAddr
 0001:000C2BF4       ConvertAliases
 0001:00009ADC       ConvertEraString
 0001:00007460       ConvertError
 0001:00007478       ConvertErrorFmt
 0001:000C2B3C       ConvertToNewFormat
 0001:00009C44       ConvertYearString
 0001:00073A58       CopyArr
 0001:000044BC       CopyArray
 0001:0002D078       CopyBitmap
 0001:0002D740       CopyBitmapAsMask
 0001:0007B934       CopyByte
 0001:00005A34       CopyEnhMetaFile
 0001:00092A04       CopyHandle
 0001:0002D6DC       CopyPalette
 0002:00000C4C       Copyright
 0001:0005FB48       CopyToBest
 0002:00001210       CoReleaseServerProcess
 0002:00001214       CoResumeClassObjects
 0001:000BB9E8       CorrY
 0002:00001218       CoSuspendClassObjects
 0001:000198BC       CoUninitialize
 0001:0000C1F0       CountChars
 0002:000038C4       CounterLock
 0002:00000474       CRangeToType
 0001:000AD77C       Create90Font
 0001:0000BA0C       CreateAssertException
 0001:0000BB94       CreateAVObject
 0001:00005A3C       CreateBitmap
 0001:00005A44       CreateBrushIndirect
 0001:0006F5D4       CreateBrushPattern
 0001:00005A4C       CreateCompatibleBitmap
 0001:00005A54       CreateCompatibleDC
 0001:00020684       CreateComponent
 0001:00005A5C       CreateDC
 0001:00005A6C       CreateDIBitmap
 0001:00005A64       CreateDIBSection
 0001:000AD8D0       CreateDS
 0001:00005A74       CreateEnhMetaFile
 0001:000057E4       CreateEvent
 0001:000057EC       CreateFile
 0001:00005A7C       CreateFontIndirect
 0001:00005A84       CreateHalftonePalette
 0001:00005A8C       CreateIC
 0001:00005D2C       CreateIcon
 0001:0000B938       CreateInOutError
 0001:00005D34       CreateMenu
 0001:00005A94       CreatePalette
 0001:00005A9C       CreatePenIndirect
 0001:00005D3C       CreatePopupMenu
 0001:00005AA4       CreateRectRgn
 0001:00005AAC       CreateSolidBrush
 0001:00029CFC       CreateSystemPalette
 0001:000057F4       CreateThread
 0001:000062FC       CreateWindow
 0001:000062A4       CreateWindowEx
 0002:00000990       CreationControl
 0002:00000DDC       CreationControl
 0002:000005E8       CRelationshipToBoolean
 0002:00000438       CResult
 0002:00000DC0       CSHREDRAW
 0002:00000138       cSimpleBoolStrs
 0002:00000590       CText
 0002:00000ED8       Ctl3DStyles
 0002:00000D4C       Ctl3DStyles
 0002:0000058C       CTruth
 0002:00003620       curAlloc
 0002:00004618       CurBand
 0002:00005394       CurDate
 0002:0000461C       CurPage
 0002:000045DC       CurPreview
 0001:00014CC0       CurrCompare
 0002:0000368C       CurrencyDecimals
 0002:00003688       CurrencyFormat
 0002:00003684       CurrencyString
 0001:00009974       CurrentYear
 0002:0000460C       CurReport
 0001:000145BC       CurrOp
 0001:0007B810       CurrToBCD
 0001:000091DC       CurrToStr
 0001:00009244       CurrToStrF
 0001:00012504       CurrToWStrViaOS
 0002:000010C0       CursorMap
 0002:00000DEC       Cursors
 0001:0004A1DC       CursorToIdent
 0002:0000539C       CurTime
 0002:000053A4       CurValue
 0002:000053B4       CurVariable
 0002:00004614       CurView
 0002:000010B0       cUseAlpha
 0002:000010B8       cUseColorKey
 0002:00000330       CVarTypeToElementInfo
 0001:00007824       CvtInt
 0001:00007890       CvtInt64
 0002:000011F8       CWNear
 0002:00000178       CWNear
 0002:00000DC8       Data
 0001:00082C5C       DatabaseError
 0001:00082D08       DatabaseErrorFmt
 0001:00039138       DataTypeToRegData
 0001:000098C4       Date
 0001:00014C98       DateCompare
 0001:000140F4       DateOp
 0002:0000368D       DateSeparator
 0001:0008CC14       DateTimeToNative
 0001:00077FA0       DateTimeToSQLTimeStamp
 0001:0000A55C       DateTimeToStr
 0001:0000A500       DateTimeToString
 0001:000093F8       DateTimeToTimeStamp
 0001:0001253C       DateToWStrViaOS
 0001:00077104       DateUtils
 0001:0000989C       DayOfWeek
 0001:0007709C       DaysInAMonth
 0001:0008EC88       DB
 0002:000045A0       DBApplication
 0001:00077264       DBConsts
 0002:0000459C       DBScreen
 0002:00000174       DCon10
 0002:000006A8       DDBsOnly
 0001:00025DE4       DeallocateHWnd
 0002:00000028       DebugHook
 0002:0000368B       DecimalSeparator
 0001:0001671C       DecIndices
 0001:0000987C       DecodeDate
 0001:00009730       DecodeDateFully
 0001:000095A0       DecodeTime
 0001:000007E8       Decommit
 0001:00000E04       DecommitFree
 0002:000035FC       decommittedRoot
 0001:00067358       Default
 0001:0006CA28       Default
 0002:00000020       Default8087CW
 0002:00000DE0       DefaultDockTreeClass
 0002:00001234       DefaultFieldClasses
 0002:000035C0       DefaultUserCodePage
 0002:000008FC       DefBrushData
 0002:0000067C       DefFontData
 0001:00005D44       DefFrameProc
 0001:000ADAF4       DefineProperties
 0002:00000204       DefLongDayNames
 0002:000001B8       DefLongMonthNames
 0001:00005D4C       DefMDIChildProc
 0002:000008DC       DefPenData
 0002:000001E8       DefShortDayNames
 0002:00000188       DefShortMonthNames
 0001:00005D54       DefWindowProc
 0001:0000481C       DelayLoadResourceModule
 0001:000004A4       DeleteBlock
 0001:00000414       DeleteCriticalSection
 0001:000057FC       DeleteCriticalSection
 0001:00005AB4       DeleteDC
 0001:00005ABC       DeleteEnhMetaFile
 0001:00000C4C       DeleteFree
 0001:00005D5C       DeleteMenu
 0001:00005AC4       DeleteObject
 0001:00042F60       DeleteSelectedText
 0001:0002CC34       DeselectBitmap
 0001:00005D64       DestroyCursor
 0001:00005D6C       DestroyIcon
 0001:00038DFC       DestroyLocals
 0001:00005D74       DestroyMenu
 0001:0007115C       DestroyToolbarList
 0001:00005D7C       DestroyWindow
 0001:00092028       DeviceCapabilities
 0001:00047448       DialogEnumerationTester
 0001:00034618       DialogHook
 0001:000358BC       Dialogs
 0002:00000938       DIBPalSizes
 0002:0000008C       dig
 0002:00004621       DisableDrawing
 0001:00064698       DisableTaskWindows
 0001:0007D278       DispatchInvoke
 0001:0007D858       DispatchInvokeError
 0001:00005D84       DispatchMessage
 0001:0006A9B0       DispatchShortCut
 0001:0007D874       DispCall
 0001:0007D958       DispCallByID
 0002:00003000       DispCallByIDProc
 0001:0007D784       DispCallError
 0001:00007444       DivMod
 0001:00033DBC       Dlgs
 0001:0004FE50       DoAlign
 0001:0006BCB4       DoAlign
 0001:00074064       DoBegin
 0001:00053F48       DoCalcConstraints
 0001:000BAD14       DoCalcHeight
 0002:00003B58       DockSiteList
 0001:00060768       DoClick
 0002:00004620       DocMode
 0001:00075794       DoCommand
 0001:00075598       DoConst
 0001:00051594       DoControlMsg
 0001:00031B80       DocumentProperties
 0001:00074004       DoDigit
 0001:00064648       DoDisableWindow
 0001:0004AF1C       DoDragOver
 0001:00074CA8       DoEqual
 0001:000AD978       DoError
 0001:000074BC       DoExitProc
 0001:00074FAC       DoExpression
 0001:000752B0       DoFactor
 0001:00055FB8       DoFindControlZone
 0001:00064784       DoFindWindow
 0001:00056544       DoFindZone
 0001:00074860       DoFor
 0001:0005603C       DoForEach
 0001:00075664       DoFunc
 0001:00075730       DoFuncId
 0001:00057948       DoGetNextLimit
 0001:00074BB4       DoGoto
 0001:00074194       DoIf
 0001:00075634       DoLabel
 0001:000BFA1C       DoLoop
 0001:00064610       DoneApplication
 0001:000586A8       DoneControls
 0001:0000BEC0       DoneExceptions
 0001:00068D2C       DoNestedActivation
 0001:00024A04       DoneThreadSynchronization
 0002:000053EF       DontShowReport
 0001:0004FA10       DoPosition
 0001:0006BB04       DoPosition
 0001:00056F70       DoPrune
 0001:000371EC       DoRect
 0001:00074490       DoRepeat
 0001:00057448       DoSaveZone
 0001:0005764C       DoSetNewBounds
 0001:000750C0       DoSExpression
 0002:000011FC       Dot
 0001:000751A8       DoTerm
 0002:00000604       DotSep
 0001:000754F0       DoVariable
 0001:00074658       DoWhile
 0001:0001DB58       DoWrite
 0001:0002A98C       DoWrite
 0001:0005B0B8       DoWrite
 0001:0002B864       DoWrite
 0001:00050B7C       DoWriteDesignSize
 0001:0004E5E8       DoWriteIsControl
 0002:00003B3C       DragCapture
 0002:00003B30       DragControl
 0001:0004B664       DragDone
 0001:0004AECC       DragFindTarget
 0001:0004AEA0       DragFindWindow
 0002:00003B54       DragImageList
 0001:0004B2BC       DragInit
 0001:0004B42C       DragInitControl
 0002:00003B38       DragInternalObject
 0001:0004ADE8       DragMessage
 0002:00003B34       DragObject
 0002:00003B60       DragSave
 0002:00003B48       DragSaveCursor
 0002:00003B40       DragStartPos
 0002:00003B4C       DragThreshold
 0001:0004AFEC       DragTo
 0001:0006CA64       DrawAppIcon
 0001:00038B8C       DrawButtonFace
 0001:00056ADC       DrawCloseButton
 0001:00005D8C       DrawEdge
 0001:00005D94       DrawFocusRect
 0001:00005D9C       DrawFrameControl
 0001:00056B34       DrawGrabberLine
 0001:00005DA4       DrawIcon
 0001:00005DAC       DrawIconEx
 0002:00000F14       DrawingStyles
 0001:00005DB4       DrawMenuBar
 0001:00061AA8       DrawMenuItem
 0001:00005DBC       DrawText
 0001:000B3964       DrawText
 0002:00003984       DrawThemeBackground
 0002:000039A8       DrawThemeEdge
 0002:000039AC       DrawThemeIcon
 0002:00003A30       DrawThemeParentBackground
 0002:00003988       DrawThemeText
 0001:000C3DAC       Dup
 0001:000297CC       DupBits
 0001:000166C8       DynArrayBounds
 0001:000044D4       DynArrayClear
 0001:00016640       DynArrayDim
 0001:00016624       DynArrayElTypeInfo
 0001:00016B78       DynArrayFromVariant
 0001:000165E4       DynArrayIndex
 0001:000044DC       DynArraySetLength
 0001:00016658       DynArraySize
 0001:00016828       DynArrayToVariant
 0001:00016788       DynArrayVariantBounds
 0001:000167E0       DynArrayVarType
 0002:00001000       EdgeStyle
 0002:00000EC8       EdgeStyles
 0002:00000D3C       EdgeStyles
 0001:0000B90C       EHeapException.FreeInstance
 0001:00093DC0       EmitMessage
 0001:00014B24       EmptyCompare
 0001:00014524       EmptyOp
 0002:00003800       EmptyParam
 0002:000000BC       EmptyStr
 0002:000000C0       EmptyWideStr
 0001:00005DC4       EnableMenuItem
 0002:00000F98       Enables
 0001:00005DCC       EnableScrollBar
 0001:0006474C       EnableTaskWindows
 0002:00003A18       EnableThemeDialogTexture
 0002:00003A34       EnableTheming
 0001:00005DD4       EnableWindow
 0001:00009700       EncodeDate
 0001:000901B0       EncodePwd
 0001:00009560       EncodeTime
 0001:00005ACC       EndDoc
 0001:0001C418       EndGlobalLoading
 0001:00005AD4       EndPage
 0001:00005DDC       EndPaint
 0001:00000404       EnterCriticalSection
 0001:00005804       EnterCriticalSection
 0001:0000580C       EnumCalendarInfoA
 0001:0008FB3C       EnumComponents
 0002:00003918       EnumDisplayMonitors
 0001:000AAB58       EnumEMFRecordsProc
 0001:00005ADC       EnumEnhMetaFile
 0001:0000B12C       EnumEraNames
 0001:0000B168       EnumEraYearOffsets
 0001:0006791C       EnumMonitorsProc
 0001:00031B88       EnumPrinters
 0001:00004CD0       EnumResourceModules
 0001:00004CC8       EnumResourceModules
 0001:00007C14       EnumStringModules
 0001:00005DE4       EnumThreadWindows
 0001:0001FE34       EnumValue
 0001:00005DEC       EnumWindows
 0001:0007CFA8       EOleException.Create
 0001:0007CED8       EOleSysError.Create
 0001:00005DF4       EqualRect
 0002:00003754       EraNames
 0001:0000A7E8       EraToYear
 0002:00003770       EraYearOffsets
 0002:00000064       errCaption
 0001:0001F618       Error
 0001:000018C4       Error
 0001:0001B924       Error
 0001:0005C7A8       Error
 0002:00000004       ErrorAddr
 0001:00001878       ErrorAt
 0002:00005329       ErrorFlag
 0001:0000B9B8       ErrorHandler
 0002:00000220       ErrorMap
 0002:00003008       ErrorProc
 0002:0000532C       ErrorStr
 0002:000033E8       ErrOutput
 0001:00082B88       EUpdateError.Create
 0001:00082C2C       EUpdateError.Destroy
 0002:0000138C       Events
 0001:00001818       ExceptAddr
 0002:0000300C       ExceptClsProc
 0001:0000BE2C       ExceptHandler
 0001:0000B738       Exception.Create
 0001:0000B774       Exception.CreateFmt
 0001:0000B8C4       Exception.CreateHelp
 0001:0000B7F4       Exception.CreateRes
 0001:0000B830       Exception.CreateResFmt
 0002:0000301C       ExceptionClass
 0001:0000B4C4       ExceptionErrorMessage
 0002:00000258       ExceptMap
 0001:000017F8       ExceptObject
 0002:00003010       ExceptObjProc
 0002:00003004       ExceptProc
 0001:00005AE4       ExcludeClipRect
 0002:00000000       ExitCode
 0001:00002FDC       ExitDll
 0002:00003048       ExitProc
 0001:000002D0       ExitProcess
 0002:00003028       ExitProcessProc
 0002:00000134       ExitProcList
 0001:00008000       ExpandFileName
 0001:000BF0A0       ExpandVariables
 0001:000348F0       ExplorerHook
 0002:000053F0       ExportStream
 0001:00039BD4       ExtActns
 0001:000389E0       ExtCtrls
 0001:00038F24       ExtDlgs
 0002:00000DA0       ExtendSelects
 0001:0008FE6C       ExtractCommaName
 0001:00082D64       ExtractFieldName
 0001:00007FB8       ExtractFileExt
 0001:00034F68       ExtractFileName
 0001:00007F80       ExtractFileName
 0001:00034FB0       ExtractFileNames
 0001:0007C550       ExtractLiterals
 0001:0007C1A4       ExtractMoneySymbol
 0001:00005AEC       ExtTextOut
 0002:00003790       FalseBoolStrs
 0002:00003A88       FClipboard
 0002:00000168       FCon1E18
 0002:000011F4       FConst10
 0001:00031C90       FetchStr
 0002:000012CC       FieldTypeNames
 0001:00007DF4       FileAge
 0001:00007DEC       FileClose
 0001:00007D30       FileCreate
 0001:00007D54       FileCreate
 0001:00007E5C       FileExists
 0002:00000930       FileFormats
 0002:00000008       FileMode
 0001:00007CD8       FileOpen
 0001:00007D5C       FileRead
 0002:00000640       FilerSignature
 0001:00007DB4       FileSeek
 0001:00005814       FileTimeToDosDateTime
 0001:0000581C       FileTimeToLocalFileTime
 0001:00007D88       FileWrite
 0001:00000D34       FillAfterGap
 0001:00000CE0       FillBeforeGap
 0001:00000DCC       FillerSizeAfterGap
 0001:00000D5C       FillerSizeBeforeGap
 0001:00005DFC       FillRect
 0001:00076684       Finalization
 0001:00039B2C       Finalization
 0001:00039B84       Finalization
 0001:00039BDC       Finalization
 0001:00033D04       Finalization
 0001:000056A0       Finalization
 0001:00076234       Finalization
 0001:00070E3C       Finalization
 0001:00039D14       Finalization
 0001:00033C98       Finalization
 0001:00033C60       Finalization
 0001:00019828       Finalization
 0001:0003A83C       Finalization
 0001:000476C0       Finalization
 0001:00033C28       Finalization
 0001:000198E0       Finalization
 0001:00033BF0       Finalization
 0001:0007174C       Finalization
 0001:000738A0       Finalization
 0001:00033BB0       Finalization
 0001:00031B30       Finalization
 0001:00031B98       Finalization
 0001:00033B78       Finalization
 0001:000053F8       Finalization
 0001:0007DAAC       Finalization
 0001:00033B08       Finalization
 0001:000A74D0       Finalization
 0001:00032CB4       Finalization
 0001:00005628       Finalization
 0001:00046A3C       Finalization
 0001:0000644C       Finalization
 0001:00006484       Finalization
 0001:00025E0C       Finalization
 0001:00026248       Finalization
 0001:0000680C       Finalization
 0001:00032FD8       Finalization
 0001:00033184       Finalization
 0001:000468D4       Finalization
 0001:00039AC8       Finalization
 0001:00033D54       Finalization
 0001:00038F44       Finalization
 0001:00038EF4       Finalization
 0001:0007817C       Finalization
 0001:00033D8C       Finalization
 0001:00038E94       Finalization
 0001:0000E1DC       Finalization
 0001:0007CCE4       Finalization
 0001:000A6DFC       Finalization
 0001:000A78A8       Finalization
 0001:0008EC2C       Finalization
 0001:0007CC6C       Finalization
 0001:0005B808       Finalization
 0001:00038ADC       Finalization
 0001:00038A48       Finalization
 0001:00030B48       Finalization
 0001:000AB54C       Finalization
 0001:00030B08       Finalization
 0001:00093AC8       Finalization
 0001:00059C48       Finalization
 0001:00035860       Finalization
 0001:00030388       Finalization
 0001:00093A78       Finalization
 0001:00017F1C       Finalization
 0001:0008EDF8       Finalization
 0001:00093784       Finalization
 0001:0006ED30       Finalization
 0001:00077064       Finalization
 0001:00038998       Finalization
 0001:00077234       Finalization
 0001:000770D4       Finalization
 0001:00017CD8       Finalization
 0001:000CB7D4       Finalization
 0001:00038A10       Finalization
 0001:000CB400       Finalization
 0001:0003028C       Finalization
 0001:00092C40       Finalization
 0001:000CB80C       Finalization
 0001:0002FFD4       Finalization
 0001:0002FDF4       Finalization
 0001:0006EC90       Finalization
 0001:00091F78       Finalization
 0001:0000D7F8       Finalization
 0001:00058918       Finalization
 0001:000917B8       Finalization
 0001:000AB838       Finalization
 0001:00061D84       Finalization
 0001:000044CC       FinalizeArray
 0001:00002E10       FinalizeUnits
 0001:00060528       Find
 0001:00022968       FindAncestor
 0001:0000488C       FindBS
 0001:0001BE40       FindClass
 0001:00004814       FindClassHInstance
 0001:00005824       FindClose
 0001:000002E0       FindClose
 0001:00000CB0       FindCommitted
 0001:00049FBC       FindControl
 0001:00056770       FindControlAtPos
 0001:00017A7C       FindCustomVariantType
 0001:00017B34       FindCustomVariantType
 0001:0004B988       FindDragTarget
 0001:00020834       FindExistingComponent
 0001:0008F630       FindField
 0001:0000582C       FindFirstFile
 0001:000002E8       FindFirstFile
 0001:00064890       FindGlobalComponent
 0001:0001C2A8       FindGlobalComponent
 0002:00003864       FindGlobalComponentProcs
 0001:000047EC       FindHInstance
 0001:0001C150       FindIdentToInt
 0001:0001C0D4       FindIntToIdent
 0002:00003A74       FindMsg
 0001:0001F9C4       FindNestedComponent
 0001:0005C770       FindPopupControl
 0001:0000DEA4       FindProc
 0001:00005834       FindResource
 0001:00004864       FindResourceHInstance
 0001:0006E4E4       FindScanline
 0001:00045EB8       FindString
 0001:00007C50       FindStringResource
 0001:000647E8       FindTopMostWindow
 0001:00021718       FindUniqueName
 0001:00015E80       FindVarData
 0001:0004B954       FindVCLWindow
 0001:00005E04       FindWindow
 0001:000474A0       FindWinHelp
 0001:0002D02C       FixupBitFields
 0002:00001010       Flags
 0002:000037A0       FLanguages
 0001:00033008       FlatSB
 0002:00003944       FlatSB_EnableScrollBar
 0002:00003950       FlatSB_GetScrollInfo
 0002:00003954       FlatSB_GetScrollPos
 0002:0000394C       FlatSB_GetScrollRange
 0002:0000395C       FlatSB_SetScrollInfo
 0002:00003958       FlatSB_SetScrollPos
 0001:00032CF8       FlatSB_SetScrollProp
 0002:00003960       FlatSB_SetScrollRange
 0002:00003948       FlatSB_ShowScrollBar
 0002:00003BE4       FloatingToolBars
 0001:00008E6C       FloatToDecimal
 0001:000091AC       FloatToStr
 0001:0000920C       FloatToStrF
 0001:000088A4       FloatToText
 0001:00008B78       FloatToTextFmt
 0002:000022B0       FLocale
 0001:00001BF0       Flush
 0002:0000017C       FMSecsPerDay
 0001:0007CCA8       FMTBcd
 0002:000011C0       FMTBcdVariantType
 0001:000087A0       FmtStr
 0002:0000102C       FocusCount
 0002:00001028       FocusMessages
 0002:0000084C       FontCharsets
 0002:000038DC       FontManager
 0002:0000098C       ForceCurrentDirectory
 0001:00064864       ForegroundTask
 0002:000053F4       Form1
 0001:0000878C       Format
 0002:00000184       Format
 0001:0007CBA4       FormatBcd
 0001:00008394       FormatBuf
 0001:00008388       FormatClearStr
 0001:000092D4       FormatCurr
 0001:0000A570       FormatDateTime
 0001:0000830C       FormatError
 0002:00000160       FormatErrorStrs
 0001:0000927C       FormatFloat
 0001:00077030       FormatMaskText
 0001:00093DC8       FormatMessage
 0001:0000583C       FormatMessage
 0001:0007C7EC       FormatOneBcd
 0001:00008364       FormatVarToStr
 0001:0006ECEC       Forms
 0001:00001F44       FPower10
 0002:00000988       FPrinter
 0001:0007B514       FractionToStr
 0001:000AD6FC       frAddFunctionDesc
 0002:00004624       frAddIns
 0002:00004A24       frAddInsCount
 0001:000372B0       Frame3D
 0001:00005E0C       FrameRect
 0001:0008ED30       frAssignBlobTo
 0002:0000523C       frBandNames
 0002:00005238       frCharset
 0002:00002200       frColorNames
 0002:00002158       frColors
 0002:00004604       frCompressor
 0002:00004600       frConsts
 0001:0008F44C       frControlAtPos
 0001:000AD42C       frCreateObject
 0002:0000536C       frCrossDataSourceEditor
 0002:000045F0       frDataManager
 0002:00005364       frDataSourceEditor
 0002:00005308       frDateFormats
 0002:000045B8       frDefaultPaper
 0002:000045E8       frDesigner
 0002:000045EC       frDesignerClass
 0002:00004608       frDialogForm
 0001:0000D3D8       FreeAndNil
 0001:00000A1C       FreeCommitted
 0001:00000F3C       FreeCurAlloc
 0001:0004BA48       FreeDeviceContext
 0001:0004BB04       FreeDeviceContexts
 0001:00025BD8       FreeIntConstList
 0001:00005844       FreeLibrary
 0001:000002F0       FreeLibrary
 0001:0002CB88       FreeMemoryContexts
 0001:00064910       FreeObjectInstance
 0001:00025D0C       FreeObjectInstance
 0001:00005854       FreeResource
 0001:0000069C       FreeSpace
 0001:0000CE04       FreeTerminateProcs
 0001:000331BC       FreeThemeLibrary
 0001:0008F390       frEnableControls
 0002:0000535C       frFieldEditor
 0001:00091718       frFieldIsNull
 0002:00004A28       frFilters
 0002:00004D28       frFiltersCount
 0001:0008F9B4       frFindComponent
 0002:0000537C       frFontEditor
 0001:0008EDCC       frFreeBookmark
 0002:00004D2C       frFunctions
 0002:00004E2C       frFunctionsCount
 0001:0008EDB8       frGetBookmark
 0001:0008FCE8       frGetComponents
 0001:0008F6B8       frGetDataSetAndField
 0001:000C3E10       frGetDateFormat
 0001:0008ED80       frGetFieldNames
 0001:0008F538       frGetFieldValue
 0001:0008EE98       frGetFontStyle
 0002:00005384       frGlobals
 0001:0008EDC4       frGotoBookmark
 0002:00005354       frHighlightEditor
 0002:00003AE8       FRichEditModule
 0002:00005230       frInstalledFunctions
 0002:000045F8       frInterpretator
 0001:0008ED14       frIsBlob
 0001:0008EDD8       frIsBookmarksEqual
 0001:0008FF80       frLoadStr
 0001:000C7E34       frLocale
 0002:0000533C       frMemoEditor
 0002:000045F4       frParser
 0002:00005374       frPictureEditor
 0002:00005338       frProgressForm
 0001:0008EEC4       frReadMemo
 0001:0008F1A0       frReadMemo22
 0001:0008F07C       frReadString
 0001:0008F290       frReadString22
 0001:0008F34C       frReadWord
 0001:000AD5CC       frRegisterFunctionLibrary
 0001:0008FE1C       frRemoveQuotes
 0002:00002134       frRepInfo
 0002:0000534C       frRestrEditor
 0001:0008FEF8       frSetCommaText
 0001:0008EE30       frSetFontStyle
 0002:00002110       frSpecFuncs
 0001:00090080       frStreamToString
 0002:00005344       frTagEditor
 0002:00005334       frThreadDone
 0002:00005318       frTimeFormats
 0002:00004E30       frTools
 0001:000AD64C       frUnRegisterFunctionLibrary
 0002:000045FC       frVariables
 0002:00005328       frVersion
 0001:0008F37C       frWriteInteger
 0001:0008EF8C       frWriteMemo
 0001:0008F110       frWriteString
 0001:0008F364       frWriteWord
 0001:000CB554       FR_Class
 0001:0006ED60       FR_Const
 0001:00070E6C       FR_Ctrls
 0001:0008EE28       FR_DBRel
 0001:000A7500       FR_DBSet
 0001:00071798       FR_Dock
 0001:000766B4       FR_DSet
 0001:00091FA8       FR_FmtEd
 0001:00076264       FR_Intrp
 0001:000738D0       FR_Pars
 0001:00093AA8       FR_passw
 0001:000937B4       FR_PrDlg
 0001:00092C90       FR_Prntr
 0001:000AB868       FR_progr
 0001:000A78D8       FR_Srch
 0001:000917E8       FR_Utils
 0001:000AB57C       FR_View
 0001:0000CED4       GDAL
 0001:000297BC       GDICheck
 0001:00029714       GDIError
 0001:00005AF4       GdiFlush
 0001:00001B10       Get8087CW
 0001:0000585C       GetACP
 0001:00005E14       GetActiveWindow
 0001:00071464       GetAlign
 0001:0006C190       GetAnimation
 0001:000352C8       GetAveCharSize
 0001:00005AFC       GetBitmapBits
 0001:0000041C       GetBlockDesc
 0001:000719A8       GetBrackedVariable
 0001:00005B04       GetBrushOrgEx
 0001:0000625C       GetBValue
 0001:00005E1C       GetCapture
 0001:0004A284       GetCaptureControl
 0001:000B6848       GetChildBands
 0001:0001BDEC       GetClass
 0001:00005E24       GetClassInfo
 0001:00005E2C       GetClassName
 0001:00005E34       GetClientRect
 0001:00005E3C       GetClipboardData
 0001:0002B280       GetClipboardFormats
 0001:00005B0C       GetClipBox
 0001:00005B14       GetClipRgn
 0001:000003B8       GetCmdShow
 0001:00059EA0       GetColor
 0001:00039CB4       GetComCtlVersion
 0001:000002F8       GetCommandLine
 0001:00000868       GetCommitted
 0001:000008F8       GetCommittedAt
 0001:00023CF8       GetComponentValue
 0001:00051148       GetControlAtPos
 0001:00009A38       GetCount
 0001:00005864       GetCPInfo
 0001:00005B1C       GetCurrentPositionEx
 0001:0000586C       GetCurrentProcessId
 0002:00003A28       GetCurrentThemeName
 0001:00005874       GetCurrentThreadId
 0001:000003A8       GetCurrentThreadId
 0001:000061E0       GetCurrentTime
 0001:00005E44       GetCursor
 0001:0006E4F4       GetCursorHeightMargin
 0001:00005E4C       GetCursorPos
 0001:000B6900       GetDataBands
 0001:00009A64       GetDate
 0001:0000587C       GetDateFormat
 0001:0000A700       GetDateOrder
 0001:00005E54       GetDC
 0001:00005E5C       GetDCEx
 0001:00005B24       GetDCOrgEx
 0001:000AD7B0       GetDefaultDataSet
 0001:0002FA04       GetDefFontCharSet
 0001:0001D158       GetDesigner
 0001:00005E64       GetDesktopWindow
 0001:00005B3C       GetDeviceCaps
 0001:0002A71C       GetDIB
 0001:00005B2C       GetDIBColorTable
 0001:00005B34       GetDIBits
 0001:0002A664       GetDIBSizes
 0001:0002992C       GetDInColors
 0001:00005884       GetDiskFreeSpaceA
 0002:00000130       GetDiskFreeSpaceEx
 0001:00005E6C       GetDlgItem
 0001:00057A28       GetDockAlign
 0001:0004AC2C       GetDockSiteAtPos
 0001:0004AF58       GetDropCtl
 0001:000025C4       GetDynaMethod
 0001:00005B44       GetEnhMetaFileBits
 0001:00005B4C       GetEnhMetaFileDescription
 0001:00005B54       GetEnhMetaFileHeader
 0001:00005B5C       GetEnhMetaFilePaletteEntries
 0001:00018808       GetEnumName
 0001:000188E0       GetEnumNameValue
 0001:00018B8C       GetEnumProp
 0001:0001892C       GetEnumValue
 0001:0000B1E0       GetEraNamesAndYearOffsets
 0001:0000A794       GetEraYearOffset
 0001:000198CC       GetErrorInfo
 0001:0000BB7C       GetExceptionClass
 0001:0000BD60       GetExceptionObject
 0001:0001BD74       GetFieldClassTable
 0001:0002B260       GetFileFormats
 0001:0000BFD0       GetFileVersion
 0001:000059FC       GetFileVersionInfo
 0001:00005A04       GetFileVersionInfoSize
 0001:000192B4       GetFloatProp
 0001:00005E74       GetFocus
 0001:00027E08       GetFontData
 0001:00005E7C       GetForegroundWindow
 0001:0007CAE0       GetFormat
 0001:0000C888       GetFormatSettings
 0001:0000588C       GetFullPathName
 0001:00006258       GetGValue
 0001:00027374       GetHashCode
 0001:00069708       GetHelpInfo
 0001:00030FC8       GetHelpSystem
 0001:0006BF74       GetHint
 0001:0006BFAC       GetHintControl
 0001:00061C24       GetHotkey
 0001:00005E84       GetIconInfo
 0001:00073968       GetIdentify
 0001:0007D5F0       GetIDsOfNames
 0001:000196D0       GetInt64Prop
 0001:00019734       GetInterfaceProp
 0001:00005E9C       GetKeyboardLayout
 0001:00005EA4       GetKeyboardLayoutList
 0001:00005EAC       GetKeyboardState
 0001:00002230       GetKeyboardType
 0001:00005E8C       GetKeyNameText
 0001:00005E94       GetKeyState
 0001:00005EB4       GetLastActivePopup
 0001:00055CF0       GetLastChildZone
 0001:00005894       GetLastError
 0001:000B047C       GetLeftOffset
 0001:0000AFA4       GetLocaleChar
 0001:00000300       GetLocaleInfo
 0001:000058A4       GetLocaleInfo
 0001:0000AF58       GetLocaleStr
 0001:0000589C       GetLocalTime
 0001:0004A240       GetLongHint
 0001:00018F5C       GetLongStrProp
 0001:00005EBC       GetMenu
 0001:00069690       GetMenuHelpContext
 0001:00005EC4       GetMenuItemCount
 0001:00005ECC       GetMenuItemID
 0001:00005ED4       GetMenuItemInfo
 0001:0005ED74       GetMenuSize
 0001:00005EDC       GetMenuState
 0001:00005EE4       GetMenuString
 0001:00019658       GetMethodProp
 0001:000058AC       GetModuleFileName
 0001:00000308       GetModuleFileName
 0001:00005520       GetModuleHandle
 0001:00000310       GetModuleHandle
 0001:000058B4       GetModuleHandle
 0002:0000390C       GetMonitorInfo
 0002:00003910       GetMonitorInfoA
 0002:00003914       GetMonitorInfoW
 0001:0000B008       GetMonthDayNames
 0001:00005EEC       GetNextWindow
 0001:00005B64       GetObject
 0001:00033D3C       GetOpenFileName
 0001:00018ABC       GetOrdProp
 0001:00005B6C       GetPaletteEntries
 0001:000C07B8       GetPaperNames
 0001:000C0890       GetPaperSizes
 0001:000019A4       GetParamStr
 0001:00005EF4       GetParent
 0001:00064A64       GetParentForm
 0001:00005B74       GetPixel
 0001:00000318       GetProcAddress
 0001:000058BC       GetProcAddress
 0001:000058C4       GetProfileString
 0001:00005EFC       GetProp
 0001:00018188       GetPropInfo
 0001:00018990       GetPropInfo
 0001:000181A8       GetPropInfo
 0001:00018A00       GetPropInfo
 0001:00018A38       GetPropInfos
 0001:000181C8       GetPropValue
 0001:00064F24       GetRealScrollPosition
 0001:00059E80       GetRGBColor
 0001:000B0658       GetRightOffset
 0001:00006254       GetRValue
 0001:00033D44       GetSaveFileName
 0001:00005F04       GetScrollInfo
 0001:00005F0C       GetScrollPos
 0001:00005F14       GetScrollRange
 0001:00018C00       GetSetProp
 0001:0004A1FC       GetShortHint
 0001:00018E54       GetShortStrProp
 0001:00018EEC       GetShortStrPropAsLongStr
 0001:000005C0       GetSpace
 0001:00000624       GetSpaceAt
 0001:0005C800       GetSpecialName
 0001:00000320       GetStartupInfo
 0001:000002A0       GetStdHandle
 0001:000058CC       GetStdHandle
 0001:00005B7C       GetStockObject
 0001:000058D4       GetStringTypeEx
 0001:0001908C       GetStrProp
 0001:00005F1C       GetSubMenu
 0001:00005F24       GetSysColor
 0001:00005F2C       GetSysColorBrush
 0001:000058DC       GetSystemInfo
 0001:00005F34       GetSystemMenu
 0001:00005F3C       GetSystemMetrics
 0002:000038FC       GetSystemMetrics
 0001:00005B84       GetSystemPaletteEntries
 0001:00005B94       GetTextExtentPoint
 0001:00005B8C       GetTextExtentPoint32
 0001:00005B9C       GetTextMetrics
 0002:00003A20       GetThemeAppProperties
 0002:0000398C       GetThemeBackgroundContentRect
 0002:00003990       GetThemeBackgroundExtent
 0002:000039A0       GetThemeBackgroundRegion
 0002:000039C4       GetThemeBool
 0002:000039B8       GetThemeColor
 0002:00003A2C       GetThemeDocumentationProperty
 0002:000039CC       GetThemeEnumValue
 0002:000039EC       GetThemeFilename
 0002:000039D4       GetThemeFont
 0002:000039C8       GetThemeInt
 0002:000039E0       GetThemeIntList
 0002:000039DC       GetThemeMargins
 0002:000039BC       GetThemeMetric
 0002:00003994       GetThemePartSize
 0002:000039D0       GetThemePosition
 0002:000039E4       GetThemePropertyOrigin
 0002:000039D8       GetThemeRect
 0002:000039C0       GetThemeString
 0002:000039F8       GetThemeSysBool
 0002:000039F0       GetThemeSysColor
 0002:000039F4       GetThemeSysColorBrush
 0002:00003A00       GetThemeSysFont
 0002:00003A08       GetThemeSysInt
 0002:000039FC       GetThemeSysSize
 0002:00003A04       GetThemeSysString
 0002:00003998       GetThemeTextExtent
 0002:0000399C       GetThemeTextMetrics
 0001:00000328       GetThreadLocale
 0001:000058E4       GetThreadLocale
 0001:000058EC       GetTickCount
 0001:00009A9C       GetTime
 0001:0000554C       GetTlsSize
 0001:00073B84       GetToken
 0001:0006C740       GetTopMostWindows
 0001:0004A38C       GetTopParent
 0001:00005F44       GetTopWindow
 0001:000187FC       GetTypeData
 0001:00079168       GetValueAndMultiplyOrder
 0001:000160E8       GetVarDataArrayInfo
 0001:000195D8       GetVariantProp
 0001:000058F4       GetVersion
 0001:000003B0       GetVersion
 0001:000058FC       GetVersionEx
 0001:000190F8       GetWideStrProp
 0001:00018FDC       GetWideStrPropAsLongStr
 0001:00005F4C       GetWindow
 0001:00005F54       GetWindowDC
 0001:00005F5C       GetWindowLong
 0001:00005BAC       GetWindowOrgEx
 0001:00005F64       GetWindowPlacement
 0001:00005F6C       GetWindowRect
 0001:00005F74       GetWindowText
 0002:00003A14       GetWindowTheme
 0001:00005F84       GetWindowThreadProcessId
 0001:00005F7C       GetWindowThreadProcessId
 0001:00005BA4       GetWinMetaFileBits
 0002:000022B4       gl
 0001:00005904       GlobalAddAtom
 0001:0000590C       GlobalAlloc
 0001:000061EC       GlobalAllocPtr
 0001:00005914       GlobalDeleteAtom
 0001:0000591C       GlobalFindAtom
 0002:00003868       GlobalFixupList
 0001:0001FB0C       GlobalFixupReferences
 0001:00005924       GlobalFree
 0001:00006218       GlobalFreePtr
 0001:00005934       GlobalHandle
 0001:0000592C       GlobalLock
 0002:0000384C       GlobalNameSpace
 0001:0000593C       GlobalReAlloc
 0001:000061FC       GlobalReAllocPtr
 0001:00005944       GlobalSize
 0001:0000594C       GlobalUnlock
 0002:00001144       GlyphCache
 0001:0002FEC8       Graphics
 0001:0001BF68       GroupDescendentsWith
 0002:00000608       GUID_NULL
 0001:0000EEEC       HandleConversionException
 0001:00069910       HandleEdge
 0001:00020F70       HandleException
 0001:00040380       HasPopup
 0001:00042F34       HasSelectedText
 0002:00000024       HeapAllocFlags
 0002:000035C8       heapErrorCode
 0002:000035CC       heapLock
 0001:00031B70       HelpIntfs
 0002:00003938       HelpManager
 0002:00003A70       HelpMsg
 0002:00003B0C       HelpViewer
 0002:00003B10       HelpViewerIntf
 0001:000ADC84       HexChar
 0001:000ADCA0       HexChar1
 0002:0000012C       HexDisplayPrefix
 0001:000ADD38       HexToStr
 0002:00000CE4       HideSelections
 0001:00057AA4       HideZone
 0002:00003668       HInstance
 0002:00003BC8       HintDoneEvent
 0001:0006C07C       HintGetMsgHook
 0002:00003BCC       HintHook
 0001:0006C020       HintMouseThread
 0002:00003BD0       HintThread
 0002:00003BC4       HintThreadID
 0001:0006BFCC       HintTimerProc
 0002:00001020       HintWindowClass
 0002:000039A4       HitTestThemeBackground
 0001:0006C0C0       HookHintHooks
 0002:000053D4       HookList
 0001:00006354       HwndMSWheel
 0002:00000FB4       IBreaks
 0002:00000FC0       IChecks
 0002:00000FC8       IDefaults
 0001:00027DF8       IdentToCharset
 0001:00027BF0       IdentToColor
 0001:0004A1EC       IdentToCursor
 0001:0001C1CC       IdentToInt
 0002:00000FD0       IEnables
 0001:0005FB18       IfHotkeyAvailable
 0002:00003BA0       ImageListWriteExProc
 0001:000302DC       ImageList_Add
 0001:000302FC       ImageList_AddIcon
 0001:00030328       ImageList_BeginDrag
 0001:000302C4       ImageList_Create
 0001:000302CC       ImageList_Destroy
 0001:00030338       ImageList_DragEnter
 0001:00030340       ImageList_DragLeave
 0001:00030348       ImageList_DragMove
 0001:00030358       ImageList_DragShowNolock
 0001:00030308       ImageList_Draw
 0001:00030318       ImageList_DrawEx
 0001:00030330       ImageList_EndDrag
 0001:000302F4       ImageList_GetBkColor
 0001:00030360       ImageList_GetDragImage
 0001:00030378       ImageList_GetIconSize
 0001:000302D4       ImageList_GetImageCount
 0001:00030368       ImageList_Read
 0001:00030320       ImageList_Remove
 0001:00030310       ImageList_Replace
 0001:000302E4       ImageList_ReplaceIcon
 0001:000302EC       ImageList_SetBkColor
 0001:00030350       ImageList_SetDragCursorImage
 0001:00030380       ImageList_SetIconSize
 0001:00030370       ImageList_Write
 0002:00000F24       Images
 0001:0005B838       ImgList
 0001:00030B78       Imm
 0002:00000F08       IMM32DLL
 0001:00058694       Imm32IsIME
 0002:00000180       IMSecsPerDay
 0001:0000EFD8       InBounds
 0001:0000F278       InBounds
 0001:0000F2A8       Increment
 0001:0000F008       Increment
 0002:00001170       IncrementAmount
 0001:00005F8C       InflateRect
 0001:00038F8C       IniFiles
 0002:000053D8       InitAggregate
 0001:00000AA8       InitAllocator
 0001:000303C0       InitAnApi
 0002:00003924       InitApis
 0001:0007DA34       InitComObj
 0001:0001C474       InitComponent
 0002:00003638       InitContext
 0001:00058730       InitControls
 0001:00094098       InitDecompressor
 0001:000950E8       InitDefaults
 0001:0002FA48       InitDefFontData
 0001:0000CF64       InitDriveSpacePtr
 0001:0000BE3C       InitExceptions
 0001:00032D54       InitFlatSB
 0001:0003570C       InitGlobals
 0001:000BF9F0       InitGroups
 0001:0002A51C       InitializeBitmapInfoHeader
 0001:000003FC       InitializeCriticalSection
 0001:00005954       InitializeCriticalSection
 0002:000035C4       initialized
 0001:00032D2C       InitializeFlatSB
 0001:000055D8       InitializeModule
 0001:0000DED0       InitializeVarUtils
 0001:00058334       InitIMM32
 0001:0001C51C       InitInheritedComponent
 0001:0000C69C       InitLeadBytes
 0001:00030A9C       InitMultiMonStubs
 0001:0000BF40       InitPlatformId
 0002:00003044       InitProc
 0001:0006EC04       InitProcs
 0001:0002F9CC       InitScreenLogPixels
 0001:0000C714       InitSysLocale
 0001:0003337C       InitThemeLibrary
 0001:000249D0       InitThreadSynchronization
 0001:00005554       InitThreadTLS
 0001:00002E70       InitUnits
 0001:00049ED0       InitWndProc
 0002:00000EA8       InnerStyles
 0002:00000D1C       InnerStyles
 0002:00003050       Input
 0001:000356DC       InputBox
 0001:000353C0       InputQuery
 0001:0006BAA4       InsertBefore
 0001:0004F984       InsertBefore
 0001:00000EB4       InsertFree
 0001:0005FBCC       InsertHotkeyFarEastFormat
 0001:00005F94       InsertMenu
 0001:00005F9C       InsertMenuItem
 0002:00003884       InstBlockList
 0002:00003888       InstFreeList
 0001:00014C34       Int64Compare
 0001:00014280       Int64Op
 0001:00014C20       IntCompare
 0002:0000385C       IntConstList
 0002:00000DA8       IntegralHeights
 0001:0000CFCC       InterlockedDecrement
 0001:000003A0       InterlockedDecrement
 0001:0000584C       InterlockedExchange
 0001:0000CFD8       InterlockedExchange
 0001:0000CFE0       InterlockedExchangeAdd
 0001:00000398       InterlockedIncrement
 0001:0000CFC0       InterlockedIncrement
 0001:00027300       InternalDeletePalette
 0001:00001BA8       InternalFlush
 0001:00000D10       InternalFreeMem
 0001:0002A66C       InternalGetDIB
 0001:0002A600       InternalGetDIBSizes
 0001:0001C30C       InternalReadComponentRes
 0002:00003AF4       InternalServices
 0001:00003654       InternalUniqueString
 0001:00005BB4       IntersectClipRect
 0001:00005FA4       IntersectRect
 0001:00014168       IntOp
 0001:00007984       IntToHex
 0001:0001C20C       IntToIdent
 0001:0000795C       IntToStr
 0001:00007870       IntToStr
 0001:00005FAC       InvalidateRect
 0001:0007A690       InvalidBcdString
 0001:0002969C       InvalidBitmap
 0001:00029684       InvalidGraphic
 0001:000296A8       InvalidIcon
 0001:000296B4       InvalidMetafile
 0001:0002966C       InvalidOperation
 0001:00093D34       InvalidOperation
 0001:0001B2FC       InvalidPoint
 0002:0000379C       InvalidPointer
 0001:0000247C       InvokeImplGetter
 0001:00001944       IOResult
 0002:00000FF0       IOwnerDraw
 0002:00000FD8       IRadios
 0002:00000FE8       IRTL
 0001:000649F4       IsAccel
 0001:00060D7C       IsAccelChar
 0002:00003A10       IsAppThemed
 0001:0007B7AC       IsBcdNegative
 0001:0007B7B4       IsBcdZero
 0001:0004A9E4       IsBeforeTargetWindow
 0001:00005FB4       IsChild
 0002:000053B8       IsColumns
 0002:0000304C       IsConsole
 0001:00023454       IsDefault
 0001:000232D0       IsDefaultFloatProp
 0001:0002332C       IsDefaultInt64Prop
 0001:000235F8       IsDefaultInterfaceProp
 0001:000236D4       IsDefaultMethodProp
 0001:000234AC       IsDefaultObjectProp
 0001:00023278       IsDefaultOrdProp
 0001:000237E4       IsDefaultPropertyValue
 0001:00023384       IsDefaultStrProp
 0001:0002352C       IsDefaultValue
 0001:0002374C       IsDefaultVariantProp
 0001:0000C418       IsDelimiter
 0001:0004AE40       IsDelphiHandle
 0001:00005FBC       IsDialogMessage
 0001:00016660       IsDynArrayRectangular
 0002:00000FE0       ISeparators
 0001:00005FC4       IsIconic
 0001:00060DD8       IsInitialChar
 0001:000095FC       IsLeapYear
 0002:00003038       IsLibrary
 0001:00076C98       IsLiteralChar
 0002:0000304D       IsMultiThread
 0001:00055754       IsOrientationSet
 0001:0000C3E4       IsPathDelimiter
 0001:00005FCC       IsRectEmpty
 0001:000390F4       IsRelative
 0001:0004ABE8       IsSiteChildOfClient
 0001:000774EC       IsSQLTimeStampBlank
 0001:00077EA8       IsSqlTimeStampValid
 0001:00018A8C       IsStoredProp
 0002:00003A0C       IsThemeActive
 0002:000039B4       IsThemeBackgroundPartiallyTransparent
 0002:00003A1C       IsThemeDialogTextureEnabled
 0002:000039B0       IsThemePartDefined
 0001:0001C2E8       IsUniqueGlobalComponentName
 0002:00003850       IsUniqueGlobalComponentNameProc
 0001:000077C0       IsValidIdent
 0001:0000C6FC       IsWesternGroup
 0001:00005FD4       IsWindow
 0001:00005FDC       IsWindowEnabled
 0001:00005FE4       IsWindowVisible
 0001:00005FEC       IsZoomed
 0001:0005CBCC       Iterate
 0001:0005CC2C       IterateMenus
 0001:00093AF8       JConsts
[...]
 10292 0001:000C5D9B 10293 0001:000C5DA2 10294 0001:000C5DAB 10295 0001:000C5DB4
 10296 0001:000C5DC5 10299 0001:000C5DD6 10300 0001:000C5DE3 10301 0001:000C5DEC
 10302 0001:000C5DF5 10305 0001:000C5DFE 10306 0001:000C5E06 10308 0001:000C5E15
 10310 0001:000C5E1E 10322 0001:000C5E20 10323 0001:000C5E41 10324 0001:000C5E4E
 10325 0001:000C5E55 10326 0001:000C5E6D 10327 0001:000C5E75 10328 0001:000C5E83
 10329 0001:000C5E89 10330 0001:000C5E8F 10331 0001:000C5EA0 10332 0001:000C5EAF
 10334 0001:000C5EBE 10341 0001:000C5EC2 10343 0001:000C5ED7 10344 0001:000C5EE6
 10346 0001:000C5EFF 10347 0001:000C5F0D 10348 0001:000C5F17 10349 0001:000C5F27
 10350 0001:000C5F30 10351 0001:000C5F3D 10344 0001:000C5F40 10352 0001:000C5F45
 10354 0001:000C5F52 10355 0001:000C5F54 10357 0001:000C5F5D 10358 0001:000C5F64
 10360 0001:000C5F6E 10361 0001:000C5F72 10362 0001:000C5F7C 10363 0001:000C5F89
 10364 0001:000C5F91 10365 0001:000C5F9F 10367 0001:000C5FB8 10368 0001:000C5FC5
 10369 0001:000C5FD0 10370 0001:000C5FE0 10371 0001:000C5FED 10372 0001:000C5FF6
 10373 0001:000C5FFD 10365 0001:000C6000 10374 0001:000C6005 10378 0001:000C6012
 10379 0001:000C6020 10380 0001:000C6029 10382 0001:000C6036 10383 0001:000C6038
 10385 0001:000C6041 10386 0001:000C6048 10388 0001:000C6052 10389 0001:000C6056
 10390 0001:000C6060 10392 0001:000C606D 10393 0001:000C6075 10394 0001:000C6083
 10395 0001:000C608E 10396 0001:000C6097 10399 0001:000C609E 10401 0001:000C60A5
 10402 0001:000C60B0 10403 0001:000C60B4 10406 0001:000C60BA 10407 0001:000C60E9
 10409 0001:000C60F3 10410 0001:000C60FC 10411 0001:000C6104 10412 0001:000C610B
 10413 0001:000C613A 10419 0001:000C6144 10420 0001:000C6162 10421 0001:000C6164
 10422 0001:000C616B 10423 0001:000C6172 10424 0001:000C6179 10425 0001:000C6180
 10426 0001:000C6187 10428 0001:000C618F 10429 0001:000C619C 10431 0001:000C61AA
 10432 0001:000C61B1 10433 0001:000C61B8 10436 0001:000C61D0 10437 0001:000C61D6
 10438 0001:000C61E5 10439 0001:000C620A 10440 0001:000C6229 10441 0001:000C6254
 10442 0001:000C6269 10445 0001:000C6281 10446 0001:000C628A 10448 0001:000C628F
 10451 0001:000C62A7 10452 0001:000C62AD 10453 0001:000C62BC 10454 0001:000C62E1
 10455 0001:000C6300 10456 0001:000C632B 10457 0001:000C6340 10459 0001:000C6349
 10460 0001:000C6352 10464 0001:000C635D 10465 0001:000C6364 10466 0001:000C6376
 10471 0001:000C637A 10472 0001:000C638B 10475 0001:000C63B8 10483 0001:000C63D8
 10484 0001:000C63DD 10485 0001:000C63E9 10487 0001:000C63FB 10489 0001:000C6404
 10490 0001:000C640F 10491 0001:000C6419 10492 0001:000C6423 10493 0001:000C642F
 10494 0001:000C643A 10485 0001:000C643B 10495 0001:000C643E 10496 0001:000C6449
 10497 0001:000C6458 10504 0001:000C645C 10505 0001:000C648D 10506 0001:000C6494
 10507 0001:000C649F 10508 0001:000C64AA 10510 0001:000C64C2 10511 0001:000C64CD
 10514 0001:000C64D3 10516 0001:000C64D7 10517 0001:000C64DB 10518 0001:000C64EB
 10519 0001:000C64F9 10520 0001:000C6502 10522 0001:000C6524 10523 0001:000C652D
 10524 0001:000C6546 10526 0001:000C6558 10527 0001:000C6566 10528 0001:000C656E
 10529 0001:000C6576 10531 0001:000C6586 10533 0001:000C6594 10537 0001:000C65A1
 10538 0001:000C65AE 10539 0001:000C65B7 10540 0001:000C65C6 10541 0001:000C65EE
 10542 0001:000C660D 10543 0001:000C6638 10544 0001:000C6650 10548 0001:000C665F
 10551 0001:000C6677 10554 0001:000C6689 10555 0001:000C6699 10558 0001:000C66A4
 10559 0001:000C66AA 10560 0001:000C66B8 10561 0001:000C66F2 10569 0001:000C6710
 10570 0001:000C6713 10571 0001:000C6728 10572 0001:000C6746 10574 0001:000C6748
 10575 0001:000C6752 10576 0001:000C675F 10577 0001:000C6769 10578 0001:000C6773
 10579 0001:000C6778 10580 0001:000C6793 10582 0001:000C67B1 10583 0001:000C67CD
 10584 0001:000C67DE 10585 0001:000C6801 10580 0001:000C6802 10585 0001:000C6805
 10579 0001:000C6806 10586 0001:000C680C 10587 0001:000C6816 10593 0001:000C6820
 10594 0001:000C6827 10595 0001:000C6833 10596 0001:000C683A 10597 0001:000C6841
 10598 0001:000C6847 10599 0001:000C684F 10600 0001:000C685E 10601 0001:000C686D
 10602 0001:000C6874 10603 0001:000C688A 10605 0001:000C6890 10606 0001:000C6895
 10608 0001:000C689D 10610 0001:000C68BA 10611 0001:000C68C4 10612 0001:000C68D6
 10611 0001:000C68E5 10613 0001:000C68E8 10615 0001:000C68EF 10617 0001:000C6901
 10618 0001:000C6914 10619 0001:000C6923 10620 0001:000C692C 10615 0001:000C692D
 10622 0001:000C6930 10624 0001:000C693D 10625 0001:000C695A 10626 0001:000C6970
 10627 0001:000C6982 10628 0001:000C6995 10626 0001:000C69A5 10629 0001:000C69A8
 10630 0001:000C69BA 10631 0001:000C69CD 10629 0001:000C69DD 10634 0001:000C69E0
 10635 0001:000C69EE 10637 0001:000C6A04 10638 0001:000C6A16 10639 0001:000C6A1C
 10640 0001:000C6A2B 10642 0001:000C6A31 10643 0001:000C6A3A 10644 0001:000C6A47
 10645 0001:000C6A6B 10647 0001:000C6A6F 10649 0001:000C6A7A 10650 0001:000C6A81
 10653 0001:000C6ACB 10654 0001:000C6AD1 10656 0001:000C6AD8 10658 0001:000C6AE1
 10659 0001:000C6AF3 10661 0001:000C6B00 10662 0001:000C6B0E 10635 0001:000C6B0F
 10663 0001:000C6B16 10664 0001:000C6B23 10665 0001:000C6B31 10668 0001:000C6B55
 10669 0001:000C6B67 10670 0001:000C6B7A 10668 0001:000C6B8A 10671 0001:000C6B8D
 10672 0001:000C6B9F 10673 0001:000C6BB2 10671 0001:000C6BC2 10674 0001:000C6BC5
 10675 0001:000C6BCB 10676 0001:000C6BD3 10677 0001:000C6BEA 10678 0001:000C6BF4
 10681 0001:000C6BFC 10682 0001:000C6BFF 10683 0001:000C6C06 10684 0001:000C6C0D
 10690 0001:000C6C10 10691 0001:000C6C27 10692 0001:000C6C2D 10693 0001:000C6C33
 10694 0001:000C6C3A 10695 0001:000C6C41 10696 0001:000C6C51 10697 0001:000C6C5E
 10698 0001:000C6C7C 10699 0001:000C6C8D 10702 0001:000C6C99 10703 0001:000C6CA4
 10704 0001:000C6CB6 10705 0001:000C6CC6 10707 0001:000C6CCF 10708 0001:000C6CD8
 10710 0001:000C6CE1 10711 0001:000C6CEB 10712 0001:000C6CF4 10714 0001:000C6D1D
 10717 0001:000C6D30 10718 0001:000C6D34 10719 0001:000C6D55 10720 0001:000C6D64
 10728 0001:000C6D68 10729 0001:000C6D98 10730 0001:000C6D9E 10731 0001:000C6DA4
 10732 0001:000C6DB1 10733 0001:000C6DB8 10734 0001:000C6DC6 10735 0001:000C6DCC
 10736 0001:000C6DD5 10737 0001:000C6DDE 10739 0001:000C6DF0 10740 0001:000C6DF8
 10743 0001:000C6DFC 10745 0001:000C6DFE 10748 0001:000C6E16 10749 0001:000C6E1C
 10750 0001:000C6E2B 10751 0001:000C6E50 10752 0001:000C6E6F 10753 0001:000C6E8A
 10754 0001:000C6E9F 10758 0001:000C6EAD 10759 0001:000C6EBF 10760 0001:000C6ECD
 10761 0001:000C6ED6 10764 0001:000C6EE8 10765 0001:000C6EEC 10766 0001:000C6F25
 10815 0001:000C6F3C 10816 0001:000C6F5A 10818 0001:000C6F6A 10817 0001:000C6F86
 10819 0001:000C6F97 10821 0001:000C6FA1 10822 0001:000C6FB3 10823 0001:000C6FD4
 10824 0001:000C6FE1 10825 0001:000C6FF0 10828 0001:000C6FF9 10830 0001:000C7004
 10831 0001:000C7021 10832 0001:000C7024 10833 0001:000C702A 10835 0001:000C702F
 10836 0001:000C7047 10833 0001:000C7048 10839 0001:000C704F 10840 0001:000C7068
 10842 0001:000C706E 10844 0001:000C7072 10845 0001:000C7076 10846 0001:000C7092
 10848 0001:000C7095 10826 0001:000C7096 10850 0001:000C70D0 10853 0001:000C70F0
 10854 0001:000C70FB 10858 0001:000C7143 10860 0001:000C715C 10862 0001:000C717F
 10863 0001:000C7186 10864 0001:000C71A7 10866 0001:000C71B0 10867 0001:000C71B9
 10868 0001:000C71C0 10869 0001:000C71CF 10871 0001:000C71D3 10872 0001:000C71DC
 10873 0001:000C71E2 10875 0001:000C7226 10880 0001:000C72C1 10881 0001:000C72C5
 10883 0001:000C72F6 10884 0001:000C7304 10885 0001:000C7310 10886 0001:000C7317
 10888 0001:000C7320 10889 0001:000C7355 10890 0001:000C7368 10892 0001:000C7377
 10893 0001:000C737E 10894 0001:000C7382 10896 0001:000C7387 10898 0001:000C7396
 10899 0001:000C73B7 10901 0001:000C73C6 10902 0001:000C73CF 10903 0001:000C73E4
 10904 0001:000C7403 10905 0001:000C7410 10907 0001:000C741F 10908 0001:000C7423
 10909 0001:000C7434 10910 0001:000C7440 10911 0001:000C744A 10912 0001:000C744E
 10914 0001:000C7452 10915 0001:000C745E 10916 0001:000C7473 10918 0001:000C7498
 10919 0001:000C74A1 10921 0001:000C74AD 10922 0001:000C74B7 10923 0001:000C74BF
 10925 0001:000C74C4 10915 0001:000C74C5 10914 0001:000C74C8 10928 0001:000C74CD
 10929 0001:000C74E2 10932 0001:000C7507 10933 0001:000C7510 10935 0001:000C751C
 10936 0001:000C7526 10937 0001:000C752E 10939 0001:000C7530 10928 0001:000C7531
 10940 0001:000C7534 10941 0001:000C753E 10943 0001:000C7570 10948 0001:000C757C
 10949 0001:000C759C 10950 0001:000C75A6 10951 0001:000C75BB 10952 0001:000C75DB
 10953 0001:000C7606 10959 0001:000C760C 10960 0001:000C7611 10961 0001:000C7629
 10962 0001:000C7639 10960 0001:000C7660 10963 0001:000C7663 10964 0001:000C7668
 10965 0001:000C768E 10966 0001:000C7690 10967 0001:000C769E 10968 0001:000C76AC
 10969 0001:000C76D8 10970 0001:000C76E6 10975 0001:000C770B 10976 0001:000C7747
 10977 0001:000C7756 10978 0001:000C7782 10979 0001:000C7789 10982 0001:000C77B4
 10989 0001:000C77BC 10990 0001:000C77DF 10991 0001:000C77EC 10992 0001:000C77FC
 10993 0001:000C7804 10994 0001:000C780A 10996 0001:000C7815 10997 0001:000C7822
 10999 0001:000C7834 11000 0001:000C7843 11001 0001:000C784E 11002 0001:000C7859
 11003 0001:000C7866 11004 0001:000C7873 11005 0001:000C7884 11006 0001:000C788C
 11007 0001:000C789A 11008 0001:000C78A8 11009 0001:000C78B5 11010 0001:000C78C6
 11012 0001:000C7914 11014 0001:000C792E 11015 0001:000C793C 11016 0001:000C7948
 11017 0001:000C7953 11018 0001:000C795B 11019 0001:000C7965 11020 0001:000C796D
 11021 0001:000C7976 11023 0001:000C79B9 11028 0001:000C79CC 11029 0001:000C79F1
 11030 0001:000C79F3 11032 0001:000C7A08 11033 0001:000C7A1F 11035 0001:000C7A23
 11030 0001:000C7A24 11036 0001:000C7A46 11219 0001:000C7A50 11220 0001:000C7A62
 11221 0001:000C7A6B 11223 0001:000C7A91 11226 0001:000C7A94 11227 0001:000C7A9F
 11228 0001:000C7AA7 11229 0001:000C7ABE 11235 0001:000C7AC4 11236 0001:000C7B14
 11237 0001:000C7B16 11238 0001:000C7B20 11240 0001:000C7B24 11241 0001:000C7B3C
 11243 0001:000C7B68 11246 0001:000C7B74 11247 0001:000C7BA9 11248 0001:000C7BE4
 11253 0001:000C7BEC 11254 0001:000C7BFE 11256 0001:000C7C1E 11261 0001:000C7C24
 11266 0001:000C7C28 11271 0001:000C7C2C 11272 0001:000C7C3E 11273 0001:000C7C47
 11274 0001:000C7C6D 11279 0001:000C7C70 11282 0001:000C7C7D 11283 0001:000C7C84
 11284 0001:000C7C8F 11280 0001:000C7C99 11286 0001:000C7CA2 11287 0001:000C7CAA
 11288 0001:000C7CC1 11295 0001:000C7CC4 11296 0001:000C7CFC 11297 0001:000C7D02
 11299 0001:000C7D13 11300 0001:000C7D22 11301 0001:000C7D2F 11297 0001:000C7D30
 11303 0001:000C7D33 11304 0001:000C7D45 11305 0001:000C7D4A 11306 0001:000C7D55
 11307 0001:000C7D60 11308 0001:000C7D6B 11309 0001:000C7DA2 11371 0001:000C7DAC
 11372 0001:000C7DBB 11375 0001:000C7DBF 11376 0001:000C7DC8 11378 0001:000C7E05
 11379 0001:000C7E12 11382 0001:000C7E1E 11373 0001:000C7E1F 11384 0001:000C7E27
 11390 0001:000C7E34 11391 0001:000C7E3D 11392 0001:000C7E4E 11393 0001:000C7E53
 11399 0001:000C7E54 11400 0001:000C7E7D 11401 0001:000C7EEE 11421 0001:000C7F0C
 11422 0001:000C7F1C 11424 0001:000C7F23 11425 0001:000C7F2A 11426 0001:000C7F34
 11430 0001:000C7F39 11431 0001:000C7F3F 11432 0001:000C7F44 11434 0001:000C7F4A
 11435 0001:000C7F50 11436 0001:000C7F5B 11437 0001:000C7F77 11470 0001:000C7F84
 11471 0001:000C7FBC 11472 0001:000C7FC4 11473 0001:000C7FD5 11474 0001:000C7FE6
 11475 0001:000C7FF7 11476 0001:000C8015 11477 0001:000C8033 11478 0001:000C8035
 11479 0001:000C8037 11478 0001:000C8062 11479 0001:000C8067 11477 0001:000C8068
 11480 0001:000C806D 11482 0001:000C8080 11483 0001:000C8091 11484 0001:000C809B
 11486 0001:000C80A5 11487 0001:000C80B6 11488 0001:000C80C7 11489 0001:000C80D8
 11491 0001:000C80E4 11492 0001:000C80F2 11493 0001:000C80FB 11494 0001:000C8109
 11495 0001:000C810E 11496 0001:000C812B 11493 0001:000C814E 11498 0001:000C8153
 11499 0001:000C816E 11500 0001:000C818C 11501 0001:000C81AA 11502 0001:000C81C8
 11504 0001:000C81E6 11505 0001:000C8208 11507 0001:000C8225 11508 0001:000C8249
 11509 0001:000C826D 11510 0001:000C8291 11512 0001:000C82B5 11513 0001:000C82D6
 11514 0001:000C82FA 11515 0001:000C831E 11516 0001:000C8342 11518 0001:000C8366
 11519 0001:000C8387 11520 0001:000C83AB 11521 0001:000C83CF 11522 0001:000C83F3
 11523 0001:000C8417 11525 0001:000C843B 11526 0001:000C845C 11527 0001:000C8480
 11528 0001:000C84A4 11529 0001:000C84C8 11530 0001:000C84EC 11531 0001:000C8510
 11532 0001:000C8534 11534 0001:000C8558 11535 0001:000C8579 11536 0001:000C859D
 11537 0001:000C85C1 11538 0001:000C85E5 11539 0001:000C8609 11541 0001:000C862D
 11542 0001:000C864E 11543 0001:000C8672 11544 0001:000C8696 11545 0001:000C86BA
 11546 0001:000C86DE 11547 0001:000C8702 11548 0001:000C8726 11550 0001:000C874A
 11551 0001:000C876E 11553 0001:000C8792 11554 0001:000C87A3 11555 0001:000C87B4
 11556 0001:000C87C7 11557 0001:000C87E2 11559 0001:000C8837 11562 0001:000C8BA8
 11563 0001:000C8BBC 11564 0001:000C8BC6 11565 0001:000C8BCD 11566 0001:000C8BD7
 11567 0001:000C8BE1 11568 0001:000C8BEB 11569 0001:000C8BF9 11571 0001:000C8C12
 11572 0001:000C8C17 11573 0001:000C8C25 11575 0001:000C8C3E 11576 0001:000C8C43
 11577 0001:000C8C4D 11578 0001:000C8C57 11579 0001:000C8C61 11580 0001:000C8C6B
 11581 0001:000C8C75 11582 0001:000C8C7F 11583 0001:000C8C89 11584 0001:000C8C93
 11585 0001:000C8C9D 11586 0001:000C8CB9 11591 0001:000C8CC0 11592 0001:000C8CDB
 11593 0001:000C8CF5 11594 0001:000C8CFC 11593 0001:000C8D18 11595 0001:000C8D1D
 11596 0001:000C8D24 11595 0001:000C8D40 11597 0001:000C8D45 11599 0001:000C8D51
 11600 0001:000C8D69 11601 0001:000C8D81 11597 0001:000C8D88 11602 0001:000C8DAF
 11609 0001:000C8DB8 11610 0001:000C8DE8 11611 0001:000C8DF1 11613 0001:000C8DF4
 11614 0001:000C8E00 11615 0001:000C8E0C 11616 0001:000C8E18 11617 0001:000C8E24
 11618 0001:000C8E30 11619 0001:000C8E3C 11620 0001:000C8E48 11621 0001:000C8E54
 11622 0001:000C8E60 11623 0001:000C8E6C 11624 0001:000C8E78 11625 0001:000C8E84
 11626 0001:000C8E90 11627 0001:000C8E9C 11628 0001:000C8EA8 11629 0001:000C8EB4
 11630 0001:000C8EC0 11631 0001:000C8ECC 11632 0001:000C8ED8 11633 0001:000C8EE4
 11636 0001:000C8EF0 11637 0001:000C8EFD 11638 0001:000C8F0A 11639 0001:000C8F17
 11640 0001:000C8F24 11641 0001:000C8F31 11642 0001:000C8F3E 11644 0001:000C8F4B
 11646 0001:000C8F58 11647 0001:000C8F78 11648 0001:000C8F98 11649 0001:000C8FB8
 11650 0001:000C8FD8 11651 0001:000C8FF8 11652 0001:000C9018 11653 0001:000C9038
 11654 0001:000C9058 11655 0001:000C9078 11656 0001:000C9098 11657 0001:000C90B8
 11658 0001:000C90D8 11659 0001:000C90F8 11660 0001:000C9118 11661 0001:000C9138
 11662 0001:000C9158 11663 0001:000C9178 11664 0001:000C9198 11665 0001:000C91B8
 11666 0001:000C91D8 11667 0001:000C91F8 11668 0001:000C9218 11672 0001:000C9238
 11673 0001:000C9258 11674 0001:000C927E 11675 0001:000C92A4 11676 0001:000C92CA
 11677 0001:000C92F0 11678 0001:000C9316 11679 0001:000C933C 11680 0001:000C9362
 11681 0001:000C9388 11682 0001:000C93AE 11683 0001:000C93D4 11686 0001:000C93FA
 11687 0001:000C9420 11688 0001:000C9446 11689 0001:000C946C 11690 0001:000C9492
 11691 0001:000C94B8 11692 0001:000C94DE 11695 0001:000C9504 11696 0001:000C952A
 11697 0001:000C9550 11698 0001:000C9576 11699 0001:000C959C 11700 0001:000C95C2
 11701 0001:000C95E8 11702 0001:000C960E 11703 0001:000C9634 11706 0001:000C965A
 11707 0001:000C9680 11708 0001:000C96A6 11709 0001:000C96CC 11710 0001:000C96F2
 11711 0001:000C9718 11712 0001:000C973E 11713 0001:000C9764 11714 0001:000C978A
 11715 0001:000C97B0 11716 0001:000C97D6 11717 0001:000C97FC 11718 0001:000C9822
 11719 0001:000C9848 11720 0001:000C986E 11721 0001:000C98D0 11731 0001:000C9D40
 11732 0001:000C9D9F 11733 0001:000C9DA4 11734 0001:000C9DB7 11735 0001:000C9E1B
 11736 0001:000C9E25 11737 0001:000C9E2F 11738 0001:000C9E7E 11739 0001:000C9F06
 11740 0001:000C9F94 11741 0001:000CA04C 11742 0001:000CA0E4 11743 0001:000CA134
 11744 0001:000CA18C 11747 0001:000CA196 11748 0001:000CA1B7 11749 0001:000CA1D8
 11750 0001:000CA1E5 11751 0001:000CA1F4 11753 0001:000CA203 11755 0001:000CA2D3
 11758 0001:000CA2DD 11759 0001:000CA2FE 11760 0001:000CA31F 11761 0001:000CA32C
 11762 0001:000CA33B 11764 0001:000CA34A 11767 0001:000CA3AB 11768 0001:000CA3EE
 11769 0001:000CA3FA 11770 0001:000CA45F 11772 0001:000CA46D 11773 0001:000CA4FA
 11774 0001:000CA504 11775 0001:000CA55C 11776 0001:000CA5B1 11778 0001:000CA60D
 11780 0001:000CA616 11781 0001:000CA621 11783 0001:000CA626 11784 0001:000CA631
 11786 0001:000CA63C 11788 0001:000CA649 11790 0001:000CA64F 11791 0001:000CA651
 11793 0001:000CA699 11795 0001:000CA69D 11797 0001:000CA6A1 11799 0001:000CA6A5
 11801 0001:000CA6A7 11803 0001:000CA6B9 11807 0001:000CA6CD 11809 0001:000CA6F9
 11810 0001:000CA70D 11811 0001:000CA729 11812 0001:000CA739 11813 0001:000CA73E
 11814 0001:000CA74E 11815 0001:000CA75A 11816 0001:000CA82F 11819 0001:000CA842
 11821 0001:000CA851 11822 0001:000CA857 11823 0001:000CA865 11825 0001:000CA86E
 11826 0001:000CA871 11828 0001:000CA8A5 11831 0001:000CAC8D 11836 0001:000CACF4
 11837 0001:000CACF5 11838 0001:000CAD01 11844 0001:000CAD04 11845 0001:000CAD36
 11847 0001:000CAD45 11848 0001:000CAD54 11850 0001:000CAD59 11852 0001:000CAD6C
 11853 0001:000CAD81 11855 0001:000CAD86 11857 0001:000CAD96 11858 0001:000CADA8
 11859 0001:000CADC2 11861 0001:000CADC7 11863 0001:000CADD7 11864 0001:000CADF3
 11865 0001:000CADFF 11866 0001:000CAE13 11868 0001:000CAE15 11870 0001:000CAE25
 11871 0001:000CAE43 11872 0001:000CAE4F 11875 0001:000CAE51 11876 0001:000CAE5E
 11877 0001:000CAE73 11878 0001:000CAE82 11879 0001:000CAEBE 11883 0001:000CAF00
 11884 0001:000CAF4E 11885 0001:000CAF93 11890 0001:000CAF9C 11891 0001:000CAFB6
 11892 0001:000CAFC7 11893 0001:000CAFD3 11894 0001:000CAFE0 11895 0001:000CAFED
 11896 0001:000CAFFA 11897 0001:000CB007 11898 0001:000CB039 11901 0001:000CB080
 11902 0001:000CB08B 11903 0001:000CB093 11904 0001:000CB0AA 11914 0001:000CB0B0
 11915 0001:000CB0DF 11917 0001:000CB0E7 11918 0001:000CB101 11919 0001:000CB111
 11921 0001:000CB117 11922 0001:000CB13F 11924 0001:000CB144 11925 0001:000CB174
 11927 0001:000CB194 11928 0001:000CB1B6 11929 0001:000CB1C8 11928 0001:000CB1E0
 11930 0001:000CB200 11933 0001:000CB208 11934 0001:000CB20F 11935 0001:000CB21A
 11937 0001:000CB228 11938 0001:000CB23C 11940 0001:000CB243 11943 0001:000CB248
 11944 0001:000CB26F 11945 0001:000CB278 11947 0001:000CB27B 11949 0001:000CB285
 11950 0001:000CB2EB 11954 0001:000CB308 11955 0001:000CB36D 11956 0001:000CB378
 11957 0001:000CB37D 11959 0001:000CB3F4 11966 0001:000CB400 11967 0001:000CB427
 11969 0001:000CB552 11962 0001:000CB554 11963 0001:000CB56E 11965 0001:000CB594

Line numbers for Unit1(Unit1.pas) segment .text

    35 0001:000CB760    36 0001:000CB765    37 0001:000CB76E    39 0001:000CB770
    40 0001:000CB77C    41 0001:000CB781    40 0001:000CB78D    42 0001:000CB790
    43 0001:000CB795    44 0001:000CB79C    37 0001:000CB79D    45 0001:000CB7A2
    49 0001:000CB7C8    50 0001:000CB7D3    52 0001:000CB804    52 0001:000CB80B

Line numbers for Project1(D:\Program Files\3thplugins\FastReport.v253.FS\Demos\manual\PROJECT1.DPR) segment .text

     9 0001:000CBAEC    10 0001:000CBAFC    11 0001:000CBB08    12 0001:000CBB20
    13 0001:000CBB2C

Bound resource files

c:\program files\borland\delphi7\Lib\Buttons.res
c:\program files\borland\delphi7\Lib\ExtDlgs.res
c:\program files\borland\delphi7\Lib\Controls.res
D:\Program Files\3thplugins\FastReport.v253.FS\Source\FR_Dock.DFM
D:\Program Files\3thplugins\FastReport.v253.FS\Source\FR_FmtEd.DFM
D:\Program Files\3thplugins\FastReport.v253.FS\Source\FR_PrDlg.DFM
D:\Program Files\3thplugins\FastReport.v253.FS\Source\FR_passw.dfm
D:\Program Files\3thplugins\FastReport.v253.FS\Source\FR_Srch.DFM
D:\Program Files\3thplugins\FastReport.v253.FS\Source\FR_View.DFM
D:\Program Files\3thplugins\FastReport.v253.FS\Source\FR_progr.DFM
D:\Program Files\3thplugins\FastReport.v253.FS\Source\FR_Lng1.RES
Unit1.DFM
Project1.RES
Project1.drf


Program entry point at 0001:000CBAEC
